Archive member included to satisfy reference by file (symbol)

../../../../../../../Middlewares/ST/STM32_InfraredPD_Library/Lib\InfraredPD_CM4F_wc32_ot_hard.a(infrared_pd.o)
                              ./Application/User/infrared_pd_manager.o (InfraredPD_Initialize)
C:/ST/STM32CubeIDE_1.14.1/STM32CubeIDE/plugins/com.st.stm32cube.ide.mcu.externaltools.gnu-tools-for-stm32.11.3.rel1.win32_1.1.100.202309141235/tools/bin/../lib/gcc/arm-none-eabi/11.3.1/../../../../arm-none-eabi/lib/thumb/v7e-m+fp/hard\libc_nano.a(libc_a-exit.o)
                              C:/ST/STM32CubeIDE_1.14.1/STM32CubeIDE/plugins/com.st.stm32cube.ide.mcu.externaltools.gnu-tools-for-stm32.11.3.rel1.win32_1.1.100.202309141235/tools/bin/../lib/gcc/arm-none-eabi/11.3.1/../../../../arm-none-eabi/lib/thumb/v7e-m+fp/hard/crt0.o (exit)
C:/ST/STM32CubeIDE_1.14.1/STM32CubeIDE/plugins/com.st.stm32cube.ide.mcu.externaltools.gnu-tools-for-stm32.11.3.rel1.win32_1.1.100.202309141235/tools/bin/../lib/gcc/arm-none-eabi/11.3.1/../../../../arm-none-eabi/lib/thumb/v7e-m+fp/hard\libc_nano.a(libc_a-malloc.o)
                              ../../../../../../../Middlewares/ST/STM32_InfraredPD_Library/Lib\InfraredPD_CM4F_wc32_ot_hard.a(infrared_pd.o) (malloc)
C:/ST/STM32CubeIDE_1.14.1/STM32CubeIDE/plugins/com.st.stm32cube.ide.mcu.externaltools.gnu-tools-for-stm32.11.3.rel1.win32_1.1.100.202309141235/tools/bin/../lib/gcc/arm-none-eabi/11.3.1/../../../../arm-none-eabi/lib/thumb/v7e-m+fp/hard\libc_nano.a(libc_a-mallocr.o)
                              C:/ST/STM32CubeIDE_1.14.1/STM32CubeIDE/plugins/com.st.stm32cube.ide.mcu.externaltools.gnu-tools-for-stm32.11.3.rel1.win32_1.1.100.202309141235/tools/bin/../lib/gcc/arm-none-eabi/11.3.1/../../../../arm-none-eabi/lib/thumb/v7e-m+fp/hard\libc_nano.a(libc_a-malloc.o) (_malloc_r)
C:/ST/STM32CubeIDE_1.14.1/STM32CubeIDE/plugins/com.st.stm32cube.ide.mcu.externaltools.gnu-tools-for-stm32.11.3.rel1.win32_1.1.100.202309141235/tools/bin/../lib/gcc/arm-none-eabi/11.3.1/../../../../arm-none-eabi/lib/thumb/v7e-m+fp/hard\libc_nano.a(libc_a-mlock.o)
                              C:/ST/STM32CubeIDE_1.14.1/STM32CubeIDE/plugins/com.st.stm32cube.ide.mcu.externaltools.gnu-tools-for-stm32.11.3.rel1.win32_1.1.100.202309141235/tools/bin/../lib/gcc/arm-none-eabi/11.3.1/../../../../arm-none-eabi/lib/thumb/v7e-m+fp/hard\libc_nano.a(libc_a-mallocr.o) (__malloc_lock)
C:/ST/STM32CubeIDE_1.14.1/STM32CubeIDE/plugins/com.st.stm32cube.ide.mcu.externaltools.gnu-tools-for-stm32.11.3.rel1.win32_1.1.100.202309141235/tools/bin/../lib/gcc/arm-none-eabi/11.3.1/../../../../arm-none-eabi/lib/thumb/v7e-m+fp/hard\libc_nano.a(libc_a-findfp.o)
                              C:/ST/STM32CubeIDE_1.14.1/STM32CubeIDE/plugins/com.st.stm32cube.ide.mcu.externaltools.gnu-tools-for-stm32.11.3.rel1.win32_1.1.100.202309141235/tools/bin/../lib/gcc/arm-none-eabi/11.3.1/../../../../arm-none-eabi/lib/thumb/v7e-m+fp/hard\libc_nano.a(libc_a-exit.o) (__stdio_exit_handler)
C:/ST/STM32CubeIDE_1.14.1/STM32CubeIDE/plugins/com.st.stm32cube.ide.mcu.externaltools.gnu-tools-for-stm32.11.3.rel1.win32_1.1.100.202309141235/tools/bin/../lib/gcc/arm-none-eabi/11.3.1/../../../../arm-none-eabi/lib/thumb/v7e-m+fp/hard\libc_nano.a(libc_a-fwalk.o)
                              C:/ST/STM32CubeIDE_1.14.1/STM32CubeIDE/plugins/com.st.stm32cube.ide.mcu.externaltools.gnu-tools-for-stm32.11.3.rel1.win32_1.1.100.202309141235/tools/bin/../lib/gcc/arm-none-eabi/11.3.1/../../../../arm-none-eabi/lib/thumb/v7e-m+fp/hard\libc_nano.a(libc_a-findfp.o) (_fwalk_sglue)
C:/ST/STM32CubeIDE_1.14.1/STM32CubeIDE/plugins/com.st.stm32cube.ide.mcu.externaltools.gnu-tools-for-stm32.11.3.rel1.win32_1.1.100.202309141235/tools/bin/../lib/gcc/arm-none-eabi/11.3.1/../../../../arm-none-eabi/lib/thumb/v7e-m+fp/hard\libc_nano.a(libc_a-snprintf.o)
                              ./Application/User/demo_serial.o (snprintf)
C:/ST/STM32CubeIDE_1.14.1/STM32CubeIDE/plugins/com.st.stm32cube.ide.mcu.externaltools.gnu-tools-for-stm32.11.3.rel1.win32_1.1.100.202309141235/tools/bin/../lib/gcc/arm-none-eabi/11.3.1/../../../../arm-none-eabi/lib/thumb/v7e-m+fp/hard\libc_nano.a(libc_a-stdio.o)
                              C:/ST/STM32CubeIDE_1.14.1/STM32CubeIDE/plugins/com.st.stm32cube.ide.mcu.externaltools.gnu-tools-for-stm32.11.3.rel1.win32_1.1.100.202309141235/tools/bin/../lib/gcc/arm-none-eabi/11.3.1/../../../../arm-none-eabi/lib/thumb/v7e-m+fp/hard\libc_nano.a(libc_a-findfp.o) (__sread)
C:/ST/STM32CubeIDE_1.14.1/STM32CubeIDE/plugins/com.st.stm32cube.ide.mcu.externaltools.gnu-tools-for-stm32.11.3.rel1.win32_1.1.100.202309141235/tools/bin/../lib/gcc/arm-none-eabi/11.3.1/../../../../arm-none-eabi/lib/thumb/v7e-m+fp/hard\libc_nano.a(libc_a-memset.o)
                              C:/ST/STM32CubeIDE_1.14.1/STM32CubeIDE/plugins/com.st.stm32cube.ide.mcu.externaltools.gnu-tools-for-stm32.11.3.rel1.win32_1.1.100.202309141235/tools/bin/../lib/gcc/arm-none-eabi/11.3.1/../../../../arm-none-eabi/lib/thumb/v7e-m+fp/hard/crt0.o (memset)
[...]
Memory Configuration

Name             Origin             Length             Attributes
RAM              0x0000000020000000 0x0000000000018000 xrw
FLASH            0x0000000008000000 0x0000000000080000 xr
*default*        0x0000000000000000 0xffffffffffffffff

Linker script and memory map

LOAD C:/ST/STM32CubeIDE_1.14.1/STM32CubeIDE/plugins/com.st.stm32cube.ide.mcu.externaltools.gnu-tools-for-stm32.11.3.rel1.win32_1.1.100.202309141235/tools/bin/../lib/gcc/arm-none-eabi/11.3.1/thumb/v7e-m+fp/hard/crti.o
LOAD C:/ST/STM32CubeIDE_1.14.1/STM32CubeIDE/plugins/com.st.stm32cube.ide.mcu.externaltools.gnu-tools-for-stm32.11.3.rel1.win32_1.1.100.202309141235/tools/bin/../lib/gcc/arm-none-eabi/11.3.1/thumb/v7e-m+fp/hard/crtbegin.o
LOAD C:/ST/STM32CubeIDE_1.14.1/STM32CubeIDE/plugins/com.st.stm32cube.ide.mcu.externaltools.gnu-tools-for-stm32.11.3.rel1.win32_1.1.100.202309141235/tools/bin/../lib/gcc/arm-none-eabi/11.3.1/../../../../arm-none-eabi/lib/thumb/v7e-m+fp/hard/crt0.o
LOAD ./Application/Startup/startup_stm32f401retx.o
LOAD ./Application/User/app_mems.o
LOAD ./Application/User/com.o
LOAD ./Application/User/custom_env_sensors.o
LOAD ./Application/User/custom_env_sensors_ex.o
LOAD ./Application/User/custom_mems_control.o
LOAD ./Application/User/custom_mems_control_ex.o
LOAD ./Application/User/demo_serial.o
LOAD ./Application/User/infrared_pd_manager.o
LOAD ./Application/User/main.o
LOAD ./Application/User/serial_protocol.o
LOAD ./Application/User/stm32f4xx_hal_msp.o
LOAD ./Application/User/stm32f4xx_it.o
LOAD ./Application/User/stm32f4xx_nucleo.o
LOAD ./Application/User/stm32f4xx_nucleo_bus.o
LOAD ./Application/User/syscalls.o
LOAD ./Application/User/sysmem.o
LOAD ./Drivers/BSP/Components/sths34pf80.o
LOAD ./Drivers/BSP/Components/sths34pf80_reg.o
LOAD ./Drivers/CMSIS/system_stm32f4xx.o
LOAD ./Drivers/STM32F4xx_HAL_Driver/stm32f4xx_hal.o
LOAD ./Drivers/STM32F4xx_HAL_Driver/stm32f4xx_hal_cortex.o
LOAD ./Drivers/STM32F4xx_HAL_Driver/stm32f4xx_hal_crc.o
LOAD ./Drivers/STM32F4xx_HAL_Driver/stm32f4xx_hal_dma.o
LOAD ./Drivers/STM32F4xx_HAL_Driver/stm32f4xx_hal_dma_ex.o
LOAD ./Drivers/STM32F4xx_HAL_Driver/stm32f4xx_hal_exti.o
LOAD ./Drivers/STM32F4xx_HAL_Driver/stm32f4xx_hal_flash.o
LOAD ./Drivers/STM32F4xx_HAL_Driver/stm32f4xx_hal_flash_ex.o
LOAD ./Drivers/STM32F4xx_HAL_Driver/stm32f4xx_hal_flash_ramfunc.o
LOAD ./Drivers/STM32F4xx_HAL_Driver/stm32f4xx_hal_gpio.o
LOAD ./Drivers/STM32F4xx_HAL_Driver/stm32f4xx_hal_i2c.o
LOAD ./Drivers/STM32F4xx_HAL_Driver/stm32f4xx_hal_i2c_ex.o
LOAD ./Drivers/STM32F4xx_HAL_Driver/stm32f4xx_hal_pwr.o
LOAD ./Drivers/STM32F4xx_HAL_Driver/stm32f4xx_hal_pwr_ex.o
LOAD ./Drivers/STM32F4xx_HAL_Driver/stm32f4xx_hal_rcc.o
LOAD ./Drivers/STM32F4xx_HAL_Driver/stm32f4xx_hal_rcc_ex.o
LOAD ./Drivers/STM32F4xx_HAL_Driver/stm32f4xx_hal_rtc.o
LOAD ./Drivers/STM32F4xx_HAL_Driver/stm32f4xx_hal_rtc_ex.o
LOAD ./Drivers/STM32F4xx_HAL_Driver/stm32f4xx_hal_tim.o
LOAD ./Drivers/STM32F4xx_HAL_Driver/stm32f4xx_hal_tim_ex.o
LOAD ./Drivers/STM32F4xx_HAL_Driver/stm32f4xx_hal_uart.o
LOAD ../../../../../../../Middlewares/ST/STM32_InfraredPD_Library/Lib\InfraredPD_CM4F_wc32_ot_hard.a
START GROUP
LOAD C:/ST/STM32CubeIDE_1.14.1/STM32CubeIDE/plugins/com.st.stm32cube.ide.mcu.externaltools.gnu-tools-for-stm32.11.3.rel1.win32_1.1.100.202309141235/tools/bin/../lib/gcc/arm-none-eabi/11.3.1/../../../../arm-none-eabi/lib/thumb/v7e-m+fp/hard\libc_nano.a
LOAD C:/ST/STM32CubeIDE_1.14.1/STM32CubeIDE/plugins/com.st.stm32cube.ide.mcu.externaltools.gnu-tools-for-stm32.11.3.rel1.win32_1.1.100.202309141235/tools/bin/../lib/gcc/arm-none-eabi/11.3.1/../../../../arm-none-eabi/lib/thumb/v7e-m+fp/hard\libm.a
END GROUP
START GROUP
LOAD C:/ST/STM32CubeIDE_1.14.1/STM32CubeIDE/plugins/com.st.stm32cube.ide.mcu.externaltools.gnu-tools-for-stm32.11.3.rel1.win32_1.1.100.202309141235/tools/bin/../lib/gcc/arm-none-eabi/11.3.1/thumb/v7e-m+fp/hard\libgcc.a
LOAD C:/ST/STM32CubeIDE_1.14.1/STM32CubeIDE/plugins/com.st.stm32cube.ide.mcu.externaltools.gnu-tools-for-stm32.11.3.rel1.win32_1.1.100.202309141235/tools/bin/../lib/gcc/arm-none-eabi/11.3.1/../../../../arm-none-eabi/lib/thumb/v7e-m+fp/hard\libc_nano.a
END GROUP
START GROUP
LOAD C:/ST/STM32CubeIDE_1.14.1/STM32CubeIDE/plugins/com.st.stm32cube.ide.mcu.externaltools.gnu-tools-for-stm32.11.3.rel1.win32_1.1.100.202309141235/tools/bin/../lib/gcc/arm-none-eabi/11.3.1/thumb/v7e-m+fp/hard\libgcc.a
LOAD C:/ST/STM32CubeIDE_1.14.1/STM32CubeIDE/plugins/com.st.stm32cube.ide.mcu.externaltools.gnu-tools-for-stm32.11.3.rel1.win32_1.1.100.202309141235/tools/bin/../lib/gcc/arm-none-eabi/11.3.1/../../../../arm-none-eabi/lib/thumb/v7e-m+fp/hard\libc_nano.a
LOAD C:/ST/STM32CubeIDE_1.14.1/STM32CubeIDE/plugins/com.st.stm32cube.ide.mcu.externaltools.gnu-tools-for-stm32.11.3.rel1.win32_1.1.100.202309141235/tools/bin/../lib/gcc/arm-none-eabi/11.3.1/../../../../arm-none-eabi/lib/thumb/v7e-m+fp/hard\libnosys.a
END GROUP
START GROUP
LOAD C:/ST/STM32CubeIDE_1.14.1/STM32CubeIDE/plugins/com.st.stm32cube.ide.mcu.externaltools.gnu-tools-for-stm32.11.3.rel1.win32_1.1.100.202309141235/tools/bin/../lib/gcc/arm-none-eabi/11.3.1/thumb/v7e-m+fp/hard\libgcc.a
LOAD C:/ST/STM32CubeIDE_1.14.1/STM32CubeIDE/plugins/com.st.stm32cube.ide.mcu.externaltools.gnu-tools-for-stm32.11.3.rel1.win32_1.1.100.202309141235/tools/bin/../lib/gcc/arm-none-eabi/11.3.1/../../../../arm-none-eabi/lib/thumb/v7e-m+fp/hard\libc_nano.a
LOAD C:/ST/STM32CubeIDE_1.14.1/STM32CubeIDE/plugins/com.st.stm32cube.ide.mcu.externaltools.gnu-tools-for-stm32.11.3.rel1.win32_1.1.100.202309141235/tools/bin/../lib/gcc/arm-none-eabi/11.3.1/../../../../arm-none-eabi/lib/thumb/v7e-m+fp/hard\libnosys.a
END GROUP
LOAD C:/ST/STM32CubeIDE_1.14.1/STM32CubeIDE/plugins/com.st.stm32cube.ide.mcu.externaltools.gnu-tools-for-stm32.11.3.rel1.win32_1.1.100.202309141235/tools/bin/../lib/gcc/arm-none-eabi/11.3.1/thumb/v7e-m+fp/hard/crtend.o
LOAD C:/ST/STM32CubeIDE_1.14.1/STM32CubeIDE/plugins/com.st.stm32cube.ide.mcu.externaltools.gnu-tools-for-stm32.11.3.rel1.win32_1.1.100.202309141235/tools/bin/../lib/gcc/arm-none-eabi/11.3.1/thumb/v7e-m+fp/hard/crtn.o
                0x0000000020018000                _estack = (ORIGIN (RAM) + LENGTH (RAM))
                0x0000000000001000                _Min_Heap_Size = 0x1000
                0x0000000000008000                _Min_Stack_Size = 0x8000

.isr_vector     0x0000000008000000      0x194
                0x0000000008000000                . = ALIGN (0x4)
 *(.isr_vector)
 .isr_vector    0x0000000008000000      0x194 ./Application/Startup/startup_stm32f401retx.o
                0x0000000008000000                g_pfnVectors
                0x0000000008000194                . = ALIGN (0x4)

.text           0x00000000080001a0     0xa228
                0x00000000080001a0                . = ALIGN (0x4)
 *(.text)
 .text          0x00000000080001a0       0x40 C:/ST/STM32CubeIDE_1.14.1/STM32CubeIDE/plugins/com.st.stm32cube.ide.mcu.externaltools.gnu-tools-for-stm32.11.3.rel1.win32_1.1.100.202309141235/tools/bin/../lib/gcc/arm-none-eabi/11.3.1/thumb/v7e-m+fp/hard/crtbegin.o
 .text          0x00000000080001e0       0xa0 C:/ST/STM32CubeIDE_1.14.1/STM32CubeIDE/plugins/com.st.stm32cube.ide.mcu.externaltools.gnu-tools-for-stm32.11.3.rel1.win32_1.1.100.202309141235/tools/bin/../lib/gcc/arm-none-eabi/11.3.1/../../../../arm-none-eabi/lib/thumb/v7e-m+fp/hard\libc_nano.a(libc_a-memchr.o)
                0x00000000080001e0                memchr
 .text          0x0000000008000280      0x254 C:/ST/STM32CubeIDE_1.14.1/STM32CubeIDE/plugins/com.st.stm32cube.ide.mcu.externaltools.gnu-tools-for-stm32.11.3.rel1.win32_1.1.100.202309141235/tools/bin/../lib/gcc/arm-none-eabi/11.3.1/thumb/v7e-m+fp/hard\libgcc.a(_arm_muldf3.o)
                0x0000000008000280                __muldf3
                0x0000000008000280                __aeabi_dmul
 .text          0x00000000080004d4      0x378 C:/ST/STM32CubeIDE_1.14.1/STM32CubeIDE/plugins/com.st.stm32cube.ide.mcu.externaltools.gnu-tools-for-stm32.11.3.rel1.win32_1.1.100.202309141235/tools/bin/../lib/gcc/arm-none-eabi/11.3.1/thumb/v7e-m+fp/hard\libgcc.a(_arm_addsubdf3.o)
                0x00000000080004d4                __aeabi_drsub
                0x00000000080004dc                __aeabi_dsub
                0x00000000080004dc                __subdf3
                0x00000000080004e0                __aeabi_dadd
                0x00000000080004e0                __adddf3
                0x0000000008000758                __floatunsidf
                0x0000000008000758                __aeabi_ui2d
                0x0000000008000778                __floatsidf
                0x0000000008000778                __aeabi_i2d
                0x000000000800079c                __aeabi_f2d
                0x000000000800079c                __extendsfdf2
                0x00000000080007e0                __floatundidf
                0x00000000080007e0                __aeabi_ul2d
                0x00000000080007f0                __floatdidf
                0x00000000080007f0                __aeabi_l2d
 .text          0x000000000800084c      0x110 C:/ST/STM32CubeIDE_1.14.1/STM32CubeIDE/plugins/com.st.stm32cube.ide.mcu.externaltools.gnu-tools-for-stm32.11.3.rel1.win32_1.1.100.202309141235/tools/bin/../lib/gcc/arm-none-eabi/11.3.1/thumb/v7e-m+fp/hard\libgcc.a(_arm_cmpdf2.o)
                0x000000000800084c                __gtdf2
                0x000000000800084c                __gedf2
                0x0000000008000854                __ltdf2
                0x0000000008000854                __ledf2
                0x000000000800085c                __nedf2
                0x000000000800085c                __eqdf2
                0x000000000800085c                __cmpdf2
                0x00000000080008d8                __aeabi_cdrcmple
                0x00000000080008e8                __aeabi_cdcmpeq
                0x00000000080008e8                __aeabi_cdcmple
                0x00000000080008f8                __aeabi_dcmpeq
                0x000000000800090c                __aeabi_dcmplt
                0x0000000008000920                __aeabi_dcmple
                0x0000000008000934                __aeabi_dcmpge
                0x0000000008000948                __aeabi_dcmpgt
 .text          0x000000000800095c       0x30 C:/ST/STM32CubeIDE_1.14.1/STM32CubeIDE/plugins/com.st.stm32cube.ide.mcu.externaltools.gnu-tools-for-stm32.11.3.rel1.win32_1.1.100.202309141235/tools/bin/../lib/gcc/arm-none-eabi/11.3.1/thumb/v7e-m+fp/hard\libgcc.a(_aeabi_uldivmod.o)
                0x000000000800095c                __aeabi_uldivmod
 .text          0x000000000800098c      0x2c8 C:/ST/STM32CubeIDE_1.14.1/STM32CubeIDE/plugins/com.st.stm32cube.ide.mcu.externaltools.gnu-tools-for-stm32.11.3.rel1.win32_1.1.100.202309141235/tools/bin/../lib/gcc/arm-none-eabi/11.3.1/thumb/v7e-m+fp/hard\libgcc.a(_udivmoddi4.o)
                0x000000000800098c                __udivmoddi4
 .text          0x0000000008000c54        0x4 C:/ST/STM32CubeIDE_1.14.1/STM32CubeIDE/plugins/com.st.stm32cube.ide.mcu.externaltools.gnu-tools-for-stm32.11.3.rel1.win32_1.1.100.202309141235/tools/bin/../lib/gcc/arm-none-eabi/11.3.1/thumb/v7e-m+fp/hard\libgcc.a(_dvmd_tls.o)
                0x0000000008000c54                __aeabi_idiv0
                0x0000000008000c54                __aeabi_ldiv0
 *(.text*)
 .text.Reset_Handler
                0x0000000008000c58       0x50 ./Application/Startup/startup_stm32f401retx.o
                0x0000000008000c58                Reset_Handler
 .text.Default_Handler
                0x0000000008000ca8        0x2 ./Application/Startup/startup_stm32f401retx.o
                0x0000000008000ca8                RTC_Alarm_IRQHandler
                0x0000000008000ca8                EXTI2_IRQHandler
                0x0000000008000ca8                SPI4_IRQHandler
                0x0000000008000ca8                TIM1_CC_IRQHandler
                0x0000000008000ca8                DMA2_Stream5_IRQHandler
                0x0000000008000ca8                PVD_IRQHandler
                0x0000000008000ca8                SDIO_IRQHandler
                0x0000000008000ca8                TAMP_STAMP_IRQHandler
                0x0000000008000ca8                EXTI3_IRQHandler
                0x0000000008000ca8                TIM1_UP_TIM10_IRQHandler
                0x0000000008000ca8                I2C3_ER_IRQHandler
                0x0000000008000ca8                EXTI0_IRQHandler
                0x0000000008000ca8                I2C2_EV_IRQHandler
                0x0000000008000ca8                DMA1_Stream2_IRQHandler
                0x0000000008000ca8                FPU_IRQHandler
                0x0000000008000ca8                DMA2_Stream2_IRQHandler
                0x0000000008000ca8                SPI1_IRQHandler
                0x0000000008000ca8                TIM1_BRK_TIM9_IRQHandler
                0x0000000008000ca8                DMA2_Stream3_IRQHandler
                0x0000000008000ca8                USART6_IRQHandler
                0x0000000008000ca8                DMA2_Stream0_IRQHandler
                0x0000000008000ca8                TIM4_IRQHandler
                0x0000000008000ca8                I2C1_EV_IRQHandler
                0x0000000008000ca8                DMA1_Stream6_IRQHandler
                0x0000000008000ca8                DMA1_Stream1_IRQHandler
                0x0000000008000ca8                RCC_IRQHandler
                0x0000000008000ca8                Default_Handler
                0x0000000008000ca8                ADC_IRQHandler
                0x0000000008000ca8                DMA1_Stream7_IRQHandler
                0x0000000008000ca8                TIM5_IRQHandler
                0x0000000008000ca8                DMA2_Stream7_IRQHandler
                0x0000000008000ca8                I2C3_EV_IRQHandler
                0x0000000008000ca8                EXTI9_5_IRQHandler
                0x0000000008000ca8                RTC_WKUP_IRQHandler
                0x0000000008000ca8                SPI2_IRQHandler
                0x0000000008000ca8                DMA1_Stream0_IRQHandler
                0x0000000008000ca8                EXTI4_IRQHandler
                0x0000000008000ca8                WWDG_IRQHandler
                0x0000000008000ca8                TIM2_IRQHandler
                0x0000000008000ca8                OTG_FS_WKUP_IRQHandler
                0x0000000008000ca8                TIM1_TRG_COM_TIM11_IRQHandler
                0x0000000008000ca8                EXTI1_IRQHandler
                0x0000000008000ca8                USART2_IRQHandler
                0x0000000008000ca8                I2C2_ER_IRQHandler
                0x0000000008000ca8                DMA2_Stream1_IRQHandler
                0x0000000008000ca8                FLASH_IRQHandler
                0x0000000008000ca8                DMA2_Stream4_IRQHandler
                0x0000000008000ca8                USART1_IRQHandler
                0x0000000008000ca8                OTG_FS_IRQHandler
                0x0000000008000ca8                SPI3_IRQHandler
                0x0000000008000ca8                DMA1_Stream4_IRQHandler
                0x0000000008000ca8                I2C1_ER_IRQHandler
                0x0000000008000ca8                DMA2_Stream6_IRQHandler
                0x0000000008000ca8                DMA1_Stream3_IRQHandler
 .text.MX_MEMS_Init
                0x0000000008000caa        0xc ./Application/User/app_mems.o
                0x0000000008000caa                MX_MEMS_Init
 .text.MX_MEMS_Process
                0x0000000008000cb6        0xc ./Application/User/app_mems.o
                0x0000000008000cb6                MX_MEMS_Process
 *fill*         0x0000000008000cc2        0x2 
 .text.HAL_TIM_PeriodElapsedCallback
                0x0000000008000cc4       0x30 ./Application/User/app_mems.o
                0x0000000008000cc4                HAL_TIM_PeriodElapsedCallback
 .text.MX_PresenceDetection_Init
                0x0000000008000cf4       0x84 ./Application/User/app_mems.o
 .text.MX_PresenceDetection_Process
                0x0000000008000d78       0xd8 ./Application/User/app_mems.o
 .text.Init_Sensors
                0x0000000008000e50       0x2e ./Application/User/app_mems.o
 *fill*         0x0000000008000e7e        0x2 
 .text.RTC_Handler
                0x0000000008000e80       0xe8 ./Application/User/app_mems.o
 .text.PD_Data_Handler
                0x0000000008000f68       0xb0 ./Application/User/app_mems.o
 .text.Infrared_Sensor_Handler
                0x0000000008001018       0x5c ./Application/User/app_mems.o
 .text.TIM_Config
                0x0000000008001074       0x68 ./Application/User/app_mems.o
 .text.DWT_Init
                0x00000000080010dc       0x30 ./Application/User/app_mems.o
 .text.DWT_Start
                0x000000000800110c       0x24 ./Application/User/app_mems.o
 .text.DWT_Stop
                0x0000000008001130       0x50 ./Application/User/app_mems.o
 .text.UART_ReceivedMSG
                0x0000000008001180      0x16c ./Application/User/com.o
                0x0000000008001180                UART_ReceivedMSG
 .text.UART_SendMsg
                0x00000000080012ec       0x38 ./Application/User/com.o
                0x00000000080012ec                UART_SendMsg
 .text.UART_StartReceiveMsg
                0x0000000008001324       0x30 ./Application/User/com.o
                0x0000000008001324                UART_StartReceiveMsg
 .text.Get_DMA_Flag_Status
                0x0000000008001354      0x3c4 ./Application/User/com.o
 .text.Get_DMA_Counter
                0x0000000008001718       0x1a ./Application/User/com.o
 *fill*         0x0000000008001732        0x2 
 .text.CUSTOM_ENV_SENSOR_Init
                0x0000000008001734      0x11c ./Application/User/custom_env_sensors.o
                0x0000000008001734                CUSTOM_ENV_SENSOR_Init
 .text.CUSTOM_ENV_SENSOR_Enable
                0x0000000008001850       0x80 ./Application/User/custom_env_sensors.o
                0x0000000008001850                CUSTOM_ENV_SENSOR_Enable
 .text.CUSTOM_ENV_SENSOR_Disable
                0x00000000080018d0       0x80 ./Application/User/custom_env_sensors.o
                0x00000000080018d0                CUSTOM_ENV_SENSOR_Disable
 .text.CUSTOM_ENV_SENSOR_SetOutputDataRate
                0x0000000008001950       0x88 ./Application/User/custom_env_sensors.o
                0x0000000008001950                CUSTOM_ENV_SENSOR_SetOutputDataRate
 .text.STHS34PF80_0_Probe
                0x00000000080019d8      0x16c ./Application/User/custom_env_sensors.o
 .text.CUSTOM_ENV_SENSOR_Get_TAmbRaw
                0x0000000008001b44       0x4c ./Application/User/custom_env_sensors_ex.o
                0x0000000008001b44                CUSTOM_ENV_SENSOR_Get_TAmbRaw
 .text.CUSTOM_ENV_SENSOR_Get_TObjRaw
                0x0000000008001b90       0x4c ./Application/User/custom_env_sensors_ex.o
                0x0000000008001b90                CUSTOM_ENV_SENSOR_Get_TObjRaw
 .text.CUSTOM_ENV_SENSOR_Get_AvgTmos
                0x0000000008001bdc       0x4c ./Application/User/custom_env_sensors_ex.o
                0x0000000008001bdc                CUSTOM_ENV_SENSOR_Get_AvgTmos
 .text.CUSTOM_ENV_SENSOR_Set_AvgTmos
                0x0000000008001c28       0x50 ./Application/User/custom_env_sensors_ex.o
                0x0000000008001c28                CUSTOM_ENV_SENSOR_Set_AvgTmos
 .text.CUSTOM_ENV_SENSOR_Get_AvgT
                0x0000000008001c78       0x4c ./Application/User/custom_env_sensors_ex.o
                0x0000000008001c78                CUSTOM_ENV_SENSOR_Get_AvgT
 .text.CUSTOM_ENV_SENSOR_Get_GainFactor
                0x0000000008001cc4       0x4c ./Application/User/custom_env_sensors_ex.o
                0x0000000008001cc4                CUSTOM_ENV_SENSOR_Get_GainFactor
 .text.CUSTOM_ENV_SENSOR_Get_Sensitivity
                0x0000000008001d10       0x4c ./Application/User/custom_env_sensors_ex.o
                0x0000000008001d10                CUSTOM_ENV_SENSOR_Get_Sensitivity
 .text.BSP_SENSOR_ACC_Init
                0x0000000008001d5c        0xe ./Application/User/custom_mems_control.o
                0x0000000008001d5c                BSP_SENSOR_ACC_Init
 .text.BSP_SENSOR_GYR_Init
                0x0000000008001d6a        0xe ./Application/User/custom_mems_control.o
                0x0000000008001d6a                BSP_SENSOR_GYR_Init
 .text.BSP_SENSOR_MAG_Init
                0x0000000008001d78        0xe ./Application/User/custom_mems_control.o
                0x0000000008001d78                BSP_SENSOR_MAG_Init
 .text.BSP_SENSOR_PRESS_Init
                0x0000000008001d86        0xe ./Application/User/custom_mems_control.o
                0x0000000008001d86                BSP_SENSOR_PRESS_Init
 .text.BSP_SENSOR_TEMP_Init
                0x0000000008001d94       0x10 ./Application/User/custom_mems_control.o
                0x0000000008001d94                BSP_SENSOR_TEMP_Init
 .text.BSP_SENSOR_HUM_Init
                0x0000000008001da4        0xe ./Application/User/custom_mems_control.o
                0x0000000008001da4                BSP_SENSOR_HUM_Init
 .text.BSP_SENSOR_ACC_Enable
                0x0000000008001db2        0xe ./Application/User/custom_mems_control.o
                0x0000000008001db2                BSP_SENSOR_ACC_Enable
 .text.BSP_SENSOR_GYR_Enable
                0x0000000008001dc0        0xe ./Application/User/custom_mems_control.o
                0x0000000008001dc0                BSP_SENSOR_GYR_Enable
 .text.BSP_SENSOR_MAG_Enable
                0x0000000008001dce        0xe ./Application/User/custom_mems_control.o
                0x0000000008001dce                BSP_SENSOR_MAG_Enable
 .text.BSP_SENSOR_PRESS_Enable
                0x0000000008001ddc        0xe ./Application/User/custom_mems_control.o
                0x0000000008001ddc                BSP_SENSOR_PRESS_Enable
 .text.BSP_SENSOR_TEMP_Enable
                0x0000000008001dea       0x10 ./Application/User/custom_mems_control.o
                0x0000000008001dea                BSP_SENSOR_TEMP_Enable
 .text.BSP_SENSOR_HUM_Enable
                0x0000000008001dfa        0xe ./Application/User/custom_mems_control.o
                0x0000000008001dfa                BSP_SENSOR_HUM_Enable
 .text.BSP_SENSOR_ACC_Disable
                0x0000000008001e08        0xe ./Application/User/custom_mems_control.o
                0x0000000008001e08                BSP_SENSOR_ACC_Disable
 .text.BSP_SENSOR_GYR_Disable
                0x0000000008001e16        0xe ./Application/User/custom_mems_control.o
                0x0000000008001e16                BSP_SENSOR_GYR_Disable
 .text.BSP_SENSOR_MAG_Disable
                0x0000000008001e24        0xe ./Application/User/custom_mems_control.o
                0x0000000008001e24                BSP_SENSOR_MAG_Disable
 .text.BSP_SENSOR_PRESS_Disable
                0x0000000008001e32        0xe ./Application/User/custom_mems_control.o
                0x0000000008001e32                BSP_SENSOR_PRESS_Disable
 .text.BSP_SENSOR_TEMP_Disable
                0x0000000008001e40       0x10 ./Application/User/custom_mems_control.o
                0x0000000008001e40                BSP_SENSOR_TEMP_Disable
 .text.BSP_SENSOR_HUM_Disable
                0x0000000008001e50        0xe ./Application/User/custom_mems_control.o
                0x0000000008001e50                BSP_SENSOR_HUM_Disable
 .text.BSP_SENSOR_TEMP_SetOutputDataRate
                0x0000000008001e5e       0x1e ./Application/User/custom_mems_control.o
                0x0000000008001e5e                BSP_SENSOR_TEMP_SetOutputDataRate
 .text.BSP_SENSOR_TEMP_GetTAmbRaw
                0x0000000008001e7c       0x18 ./Application/User/custom_mems_control_ex.o
                0x0000000008001e7c                BSP_SENSOR_TEMP_GetTAmbRaw
 .text.BSP_SENSOR_TEMP_GetTObjRaw
                0x0000000008001e94       0x18 ./Application/User/custom_mems_control_ex.o
                0x0000000008001e94                BSP_SENSOR_TEMP_GetTObjRaw
 .text.BSP_SENSOR_TEMP_GetAvgTmos
                0x0000000008001eac       0x18 ./Application/User/custom_mems_control_ex.o
                0x0000000008001eac                BSP_SENSOR_TEMP_GetAvgTmos
 .text.BSP_SENSOR_TEMP_SetAvgTmos
                0x0000000008001ec4       0x1c ./Application/User/custom_mems_control_ex.o
                0x0000000008001ec4                BSP_SENSOR_TEMP_SetAvgTmos
 .text.BSP_SENSOR_TEMP_GetAvgT
                0x0000000008001ee0       0x18 ./Application/User/custom_mems_control_ex.o
                0x0000000008001ee0                BSP_SENSOR_TEMP_GetAvgT
 .text.BSP_SENSOR_TEMP_GetGainFactor
                0x0000000008001ef8       0x18 ./Application/User/custom_mems_control_ex.o
                0x0000000008001ef8                BSP_SENSOR_TEMP_GetGainFactor
 .text.BSP_SENSOR_TEMP_GetSensitivity
                0x0000000008001f10       0x18 ./Application/User/custom_mems_control_ex.o
                0x0000000008001f10                BSP_SENSOR_TEMP_GetSensitivity
 .text.BUILD_REPLY_HEADER
                0x0000000008001f28       0x2e ./Application/User/demo_serial.o
                0x0000000008001f28                BUILD_REPLY_HEADER
 *fill*         0x0000000008001f56        0x2 
 .text.INIT_STREAMING_HEADER
                0x0000000008001f58       0x34 ./Application/User/demo_serial.o
                0x0000000008001f58                INIT_STREAMING_HEADER
 .text.HandleMSG
                0x0000000008001f8c      0x6d8 ./Application/User/demo_serial.o
                0x0000000008001f8c                HandleMSG
 .text.RTC_DateRegulate
                0x0000000008002664       0x54 ./Application/User/demo_serial.o
                0x0000000008002664                RTC_DateRegulate
 .text.RTC_TimeRegulate
                0x00000000080026b8       0x54 ./Application/User/demo_serial.o
                0x00000000080026b8                RTC_TimeRegulate
 .text.Get_PresentationString
                0x000000000800270c       0x80 ./Application/User/demo_serial.o
                0x000000000800270c                Get_PresentationString
 .text.InfraredPD_manager_init
                0x000000000800278c       0x78 ./Application/User/infrared_pd_manager.o
                0x000000000800278c                InfraredPD_manager_init
 .text.InfraredPD_manager_run
                0x0000000008002804       0x24 ./Application/User/infrared_pd_manager.o
                0x0000000008002804                InfraredPD_manager_run
 .text.InfraredPD_manager_get_version
                0x0000000008002828       0x20 ./Application/User/infrared_pd_manager.o
                0x0000000008002828                InfraredPD_manager_get_version
 .text.main     0x0000000008002848       0x2a ./Application/User/main.o
                0x0000000008002848                main
 *fill*         0x0000000008002872        0x2 
 .text.SystemClock_Config
                0x0000000008002874       0xdc ./Application/User/main.o
                0x0000000008002874                SystemClock_Config
 .text.MX_ADC1_Init
                0x0000000008002950       0xa4 ./Application/User/main.o
 .text.MX_CRC_Init
                0x00000000080029f4       0x28 ./Application/User/main.o
 .text.MX_RTC_Init
                0x0000000008002a1c       0xb4 ./Application/User/main.o
 .text.MX_TIM3_Init
                0x0000000008002ad0       0x9c ./Application/User/main.o
                0x0000000008002ad0                MX_TIM3_Init
 .text.MX_DMA_Init
                0x0000000008002b6c       0x40 ./Application/User/main.o
 .text.MX_GPIO_Init
                0x0000000008002bac       0xec ./Application/User/main.o
 .text.Error_Handler
                0x0000000008002c98        0xa ./Application/User/main.o
                0x0000000008002c98                Error_Handler
 .text.ByteStuffCopyByte
                0x0000000008002ca2       0x56 ./Application/User/serial_protocol.o
                0x0000000008002ca2                ByteStuffCopyByte
 .text.ByteStuffCopy
                0x0000000008002cf8       0x5c ./Application/User/serial_protocol.o
                0x0000000008002cf8                ByteStuffCopy
 .text.ReverseByteStuffCopyByte2
                0x0000000008002d54       0x4e ./Application/User/serial_protocol.o
                0x0000000008002d54                ReverseByteStuffCopyByte2
 .text.CHK_ComputeAndAdd
                0x0000000008002da2       0x54 ./Application/User/serial_protocol.o
                0x0000000008002da2                CHK_ComputeAndAdd
 .text.CHK_CheckAndRemove
                0x0000000008002df6       0x54 ./Application/User/serial_protocol.o
                0x0000000008002df6                CHK_CheckAndRemove
 .text.Deserialize
                0x0000000008002e4a       0x4c ./Application/User/serial_protocol.o
                0x0000000008002e4a                Deserialize
 .text.Serialize_s32
                0x0000000008002e96       0x48 ./Application/User/serial_protocol.o
                0x0000000008002e96                Serialize_s32
 *fill*         0x0000000008002ede        0x2 
 .text.HAL_MspInit
                0x0000000008002ee0       0x50 ./Application/User/stm32f4xx_hal_msp.o
                0x0000000008002ee0                HAL_MspInit
 .text.HAL_CRC_MspInit
                0x0000000008002f30       0x44 ./Application/User/stm32f4xx_hal_msp.o
                0x0000000008002f30                HAL_CRC_MspInit
 .text.HAL_RTC_MspInit
                0x0000000008002f74       0x58 ./Application/User/stm32f4xx_hal_msp.o
                0x0000000008002f74                HAL_RTC_MspInit
 .text.HAL_TIM_Base_MspInit
                0x0000000008002fcc       0x50 ./Application/User/stm32f4xx_hal_msp.o
                0x0000000008002fcc                HAL_TIM_Base_MspInit
 .text.NMI_Handler
                0x000000000800301c        0x6 ./Application/User/stm32f4xx_it.o
                0x000000000800301c                NMI_Handler
 .text.HardFault_Handler
                0x0000000008003022        0x6 ./Application/User/stm32f4xx_it.o
                0x0000000008003022                HardFault_Handler
 .text.MemManage_Handler
                0x0000000008003028        0x6 ./Application/User/stm32f4xx_it.o
                0x0000000008003028                MemManage_Handler
 .text.BusFault_Handler
                0x000000000800302e        0x6 ./Application/User/stm32f4xx_it.o
                0x000000000800302e                BusFault_Handler
 .text.UsageFault_Handler
                0x0000000008003034        0x6 ./Application/User/stm32f4xx_it.o
                0x0000000008003034                UsageFault_Handler
 .text.SVC_Handler
                0x000000000800303a        0xe ./Application/User/stm32f4xx_it.o
                0x000000000800303a                SVC_Handler
 .text.DebugMon_Handler
                0x0000000008003048        0xe ./Application/User/stm32f4xx_it.o
                0x0000000008003048                DebugMon_Handler
 .text.PendSV_Handler
                0x0000000008003056        0xe ./Application/User/stm32f4xx_it.o
                0x0000000008003056                PendSV_Handler
 .text.SysTick_Handler
                0x0000000008003064        0xc ./Application/User/stm32f4xx_it.o
                0x0000000008003064                SysTick_Handler
 .text.DMA1_Stream5_IRQHandler
                0x0000000008003070       0x14 ./Application/User/stm32f4xx_it.o
                0x0000000008003070                DMA1_Stream5_IRQHandler
 .text.TIM3_IRQHandler
                0x0000000008003084       0x14 ./Application/User/stm32f4xx_it.o
                0x0000000008003084                TIM3_IRQHandler
 .text.EXTI15_10_IRQHandler
                0x0000000008003098       0x10 ./Application/User/stm32f4xx_it.o
                0x0000000008003098                EXTI15_10_IRQHandler
 .text.BSP_LED_Init
                0x00000000080030a8       0x24 ./Application/User/stm32f4xx_nucleo.o
                0x00000000080030a8                BSP_LED_Init
 .text.BSP_LED_On
                0x00000000080030cc       0x2c ./Application/User/stm32f4xx_nucleo.o
                0x00000000080030cc                BSP_LED_On
 .text.BSP_LED_Off
                0x00000000080030f8       0x2c ./Application/User/stm32f4xx_nucleo.o
                0x00000000080030f8                BSP_LED_Off
 .text.LED_USER_GPIO_Init
                0x0000000008003124       0x84 ./Application/User/stm32f4xx_nucleo.o
 .text.BSP_COM_Init
                0x00000000080031a8       0x7c ./Application/User/stm32f4xx_nucleo.o
                0x00000000080031a8                BSP_COM_Init
 .text.MX_USART2_UART_Init
                0x0000000008003224       0x5c ./Application/User/stm32f4xx_nucleo.o
                0x0000000008003224                MX_USART2_UART_Init
 .text.USART2_MspInit
                0x0000000008003280       0xec ./Application/User/stm32f4xx_nucleo.o
 .text.BSP_I2C1_Init
                0x000000000800336c       0x64 ./Application/User/stm32f4xx_nucleo_bus.o
                0x000000000800336c                BSP_I2C1_Init
 .text.BSP_I2C1_DeInit
                0x00000000080033d0       0x50 ./Application/User/stm32f4xx_nucleo_bus.o
                0x00000000080033d0                BSP_I2C1_DeInit
 .text.BSP_I2C1_WriteReg
                0x0000000008003420       0x64 ./Application/User/stm32f4xx_nucleo_bus.o
                0x0000000008003420                BSP_I2C1_WriteReg
 .text.BSP_I2C1_ReadReg
                0x0000000008003484       0x64 ./Application/User/stm32f4xx_nucleo_bus.o
                0x0000000008003484                BSP_I2C1_ReadReg
 .text.BSP_GetTick
                0x00000000080034e8        0xe ./Application/User/stm32f4xx_nucleo_bus.o
                0x00000000080034e8                BSP_GetTick
 *fill*         0x00000000080034f6        0x2 
 .text.MX_I2C1_Init
                0x00000000080034f8       0x68 ./Application/User/stm32f4xx_nucleo_bus.o
                0x00000000080034f8                MX_I2C1_Init
 .text.I2C1_MspInit
                0x0000000008003560       0x94 ./Application/User/stm32f4xx_nucleo_bus.o
 .text.I2C1_MspDeInit
                0x00000000080035f4       0x38 ./Application/User/stm32f4xx_nucleo_bus.o
 .text._sbrk    0x000000000800362c       0x6c ./Application/User/sysmem.o
                0x000000000800362c                _sbrk
 .text.STHS34PF80_RegisterBusIO
                0x0000000008003698       0x94 ./Drivers/BSP/Components/sths34pf80.o
                0x0000000008003698                STHS34PF80_RegisterBusIO
 .text.STHS34PF80_Init
                0x000000000800372c       0x5c ./Drivers/BSP/Components/sths34pf80.o
                0x000000000800372c                STHS34PF80_Init
 .text.STHS34PF80_DeInit
                0x0000000008003788       0x36 ./Drivers/BSP/Components/sths34pf80.o
                0x0000000008003788                STHS34PF80_DeInit
 .text.STHS34PF80_ReadID
                0x00000000080037be       0x36 ./Drivers/BSP/Components/sths34pf80.o
                0x00000000080037be                STHS34PF80_ReadID
 .text.STHS34PF80_GetCapabilities
                0x00000000080037f4       0x58 ./Drivers/BSP/Components/sths34pf80.o
                0x00000000080037f4                STHS34PF80_GetCapabilities
 .text.STHS34PF80_TEMP_Enable
                0x000000000800384c       0x44 ./Drivers/BSP/Components/sths34pf80.o
                0x000000000800384c                STHS34PF80_TEMP_Enable
 .text.STHS34PF80_TEMP_Disable
                0x0000000008003890       0x58 ./Drivers/BSP/Components/sths34pf80.o
                0x0000000008003890                STHS34PF80_TEMP_Disable
 .text.STHS34PF80_TEMP_GetOutputDataRate
                0x00000000080038e8       0xcc ./Drivers/BSP/Components/sths34pf80.o
                0x00000000080038e8                STHS34PF80_TEMP_GetOutputDataRate
 .text.STHS34PF80_TEMP_SetOutputDataRate
                0x00000000080039b4       0xce ./Drivers/BSP/Components/sths34pf80.o
                0x00000000080039b4                STHS34PF80_TEMP_SetOutputDataRate
 .text.STHS34PF80_TEMP_GetTemperature
                0x0000000008003a82       0x28 ./Drivers/BSP/Components/sths34pf80.o
                0x0000000008003a82                STHS34PF80_TEMP_GetTemperature
 .text.STHS34PF80_GetObjectTemperatureRaw
                0x0000000008003aaa       0x2c ./Drivers/BSP/Components/sths34pf80.o
                0x0000000008003aaa                STHS34PF80_GetObjectTemperatureRaw
 .text.STHS34PF80_GetAmbientTemperatureRaw
                0x0000000008003ad6       0x2c ./Drivers/BSP/Components/sths34pf80.o
                0x0000000008003ad6                STHS34PF80_GetAmbientTemperatureRaw
 *fill*         0x0000000008003b02        0x2 
 .text.STHS34PF80_GetAmbientTemperature
                0x0000000008003b04       0x58 ./Drivers/BSP/Components/sths34pf80.o
                0x0000000008003b04                STHS34PF80_GetAmbientTemperature
 .text.STHS34PF80_GetAvgTmos
                0x0000000008003b5c       0xb4 ./Drivers/BSP/Components/sths34pf80.o
                0x0000000008003b5c                STHS34PF80_GetAvgTmos
 .text.STHS34PF80_SetAvgTmos
                0x0000000008003c10       0x84 ./Drivers/BSP/Components/sths34pf80.o
                0x0000000008003c10                STHS34PF80_SetAvgTmos
 .text.STHS34PF80_GetAvgT
                0x0000000008003c94       0x7c ./Drivers/BSP/Components/sths34pf80.o
                0x0000000008003c94                STHS34PF80_GetAvgT
 .text.STHS34PF80_GetGainFactor
                0x0000000008003d10       0x58 ./Drivers/BSP/Components/sths34pf80.o
                0x0000000008003d10                STHS34PF80_GetGainFactor
 .text.STHS34PF80_GetSensitivity
                0x0000000008003d68       0x2c ./Drivers/BSP/Components/sths34pf80.o
                0x0000000008003d68                STHS34PF80_GetSensitivity
 .text.ReadRegWrap
                0x0000000008003d94       0x36 ./Drivers/BSP/Components/sths34pf80.o
 .text.WriteRegWrap
                0x0000000008003dca       0x36 ./Drivers/BSP/Components/sths34pf80.o
 .text.sths34pf80_read_reg
                0x0000000008003e00       0x30 ./Drivers/BSP/Components/sths34pf80_reg.o
                0x0000000008003e00                sths34pf80_read_reg
 .text.sths34pf80_write_reg
                0x0000000008003e30       0x30 ./Drivers/BSP/Components/sths34pf80_reg.o
                0x0000000008003e30                sths34pf80_write_reg
 .text.sths34pf80_device_id_get
                0x0000000008003e60       0x22 ./Drivers/BSP/Components/sths34pf80_reg.o
                0x0000000008003e60                sths34pf80_device_id_get
 .text.sths34pf80_avg_tobject_num_set
                0x0000000008003e82       0x4c ./Drivers/BSP/Components/sths34pf80_reg.o
                0x0000000008003e82                sths34pf80_avg_tobject_num_set
 *fill*         0x0000000008003ece        0x2 
 .text.sths34pf80_avg_tobject_num_get
                0x0000000008003ed0       0xa0 ./Drivers/BSP/Components/sths34pf80_reg.o
                0x0000000008003ed0                sths34pf80_avg_tobject_num_get
 .text.sths34pf80_avg_tambient_num_get
                0x0000000008003f70       0x70 ./Drivers/BSP/Components/sths34pf80_reg.o
                0x0000000008003f70                sths34pf80_avg_tambient_num_get
 .text.sths34pf80_gain_mode_get
                0x0000000008003fe0       0x4e ./Drivers/BSP/Components/sths34pf80_reg.o
                0x0000000008003fe0                sths34pf80_gain_mode_get
 .text.sths34pf80_tmos_sensitivity_get
                0x000000000800402e       0x34 ./Drivers/BSP/Components/sths34pf80_reg.o
                0x000000000800402e                sths34pf80_tmos_sensitivity_get
 *fill*         0x0000000008004062        0x2 
 .text.sths34pf80_tmos_odr_set
                0x0000000008004064       0xf4 ./Drivers/BSP/Components/sths34pf80_reg.o
                0x0000000008004064                sths34pf80_tmos_odr_set
 .text.sths34pf80_tmos_odr_get
                0x0000000008004158       0xac ./Drivers/BSP/Components/sths34pf80_reg.o
                0x0000000008004158                sths34pf80_tmos_odr_get
 .text.sths34pf80_block_data_update_set
                0x0000000008004204       0x4c ./Drivers/BSP/Components/sths34pf80_reg.o
                0x0000000008004204                sths34pf80_block_data_update_set
 .text.sths34pf80_mem_bank_set
                0x0000000008004250       0x4c ./Drivers/BSP/Components/sths34pf80_reg.o
                0x0000000008004250                sths34pf80_mem_bank_set
 .text.sths34pf80_tobject_raw_get
                0x000000000800429c       0x46 ./Drivers/BSP/Components/sths34pf80_reg.o
                0x000000000800429c                sths34pf80_tobject_raw_get
 .text.sths34pf80_tambient_raw_get
                0x00000000080042e2       0x46 ./Drivers/BSP/Components/sths34pf80_reg.o
                0x00000000080042e2                sths34pf80_tambient_raw_get
 .text.sths34pf80_func_cfg_write
                0x0000000008004328      0x11e ./Drivers/BSP/Components/sths34pf80_reg.o
                0x0000000008004328                sths34pf80_func_cfg_write
 .text.sths34pf80_reset_algo
                0x0000000008004446       0x26 ./Drivers/BSP/Components/sths34pf80_reg.o
                0x0000000008004446                sths34pf80_reset_algo
 .text.SystemInit
                0x000000000800446c       0x24 ./Drivers/CMSIS/system_stm32f4xx.o
                0x000000000800446c                SystemInit
 .text.HAL_Init
                0x0000000008004490       0x44 ./Drivers/STM32F4xx_HAL_Driver/stm32f4xx_hal.o
                0x0000000008004490                HAL_Init
 .text.HAL_InitTick
                0x00000000080044d4       0x60 ./Drivers/STM32F4xx_HAL_Driver/stm32f4xx_hal.o
                0x00000000080044d4                HAL_InitTick
 .text.HAL_IncTick
                0x0000000008004534       0x28 ./Drivers/STM32F4xx_HAL_Driver/stm32f4xx_hal.o
                0x0000000008004534                HAL_IncTick
 .text.HAL_GetTick
                0x000000000800455c       0x18 ./Drivers/STM32F4xx_HAL_Driver/stm32f4xx_hal.o
                0x000000000800455c                HAL_GetTick
 .text.HAL_Delay
                0x0000000008004574       0x48 ./Drivers/STM32F4xx_HAL_Driver/stm32f4xx_hal.o
                0x0000000008004574                HAL_Delay
 .text.__NVIC_SetPriorityGrouping
                0x00000000080045bc       0x48 ./Drivers/STM32F4xx_HAL_Driver/stm32f4xx_hal_cortex.o
 .text.__NVIC_GetPriorityGrouping
                0x0000000008004604       0x1c ./Drivers/STM32F4xx_HAL_Driver/stm32f4xx_hal_cortex.o
 .text.__NVIC_EnableIRQ
                0x0000000008004620       0x3c ./Drivers/STM32F4xx_HAL_Driver/stm32f4xx_hal_cortex.o
 .text.__NVIC_SetPriority
                0x000000000800465c       0x54 ./Drivers/STM32F4xx_HAL_Driver/stm32f4xx_hal_cortex.o
 .text.NVIC_EncodePriority
                0x00000000080046b0       0x66 ./Drivers/STM32F4xx_HAL_Driver/stm32f4xx_hal_cortex.o
 *fill*         0x0000000008004716        0x2 
 .text.SysTick_Config
                0x0000000008004718       0x44 ./Drivers/STM32F4xx_HAL_Driver/stm32f4xx_hal_cortex.o
 .text.HAL_NVIC_SetPriorityGrouping
                0x000000000800475c       0x16 ./Drivers/STM32F4xx_HAL_Driver/stm32f4xx_hal_cortex.o
                0x000000000800475c                HAL_NVIC_SetPriorityGrouping
 .text.HAL_NVIC_SetPriority
                0x0000000008004772       0x38 ./Drivers/STM32F4xx_HAL_Driver/stm32f4xx_hal_cortex.o
                0x0000000008004772                HAL_NVIC_SetPriority
 .text.HAL_NVIC_EnableIRQ
                0x00000000080047aa       0x1c ./Drivers/STM32F4xx_HAL_Driver/stm32f4xx_hal_cortex.o
                0x00000000080047aa                HAL_NVIC_EnableIRQ
 .text.HAL_SYSTICK_Config
                0x00000000080047c6       0x18 ./Drivers/STM32F4xx_HAL_Driver/stm32f4xx_hal_cortex.o
                0x00000000080047c6                HAL_SYSTICK_Config
 .text.HAL_CRC_Init
                0x00000000080047de       0x38 ./Drivers/STM32F4xx_HAL_Driver/stm32f4xx_hal_crc.o
                0x00000000080047de                HAL_CRC_Init
 *fill*         0x0000000008004816        0x2 
 .text.HAL_DMA_Init
                0x0000000008004818      0x15c ./Drivers/STM32F4xx_HAL_Driver/stm32f4xx_hal_dma.o
                0x0000000008004818                HAL_DMA_Init
 .text.HAL_DMA_Start_IT
                0x0000000008004974       0xb0 ./Drivers/STM32F4xx_HAL_Driver/stm32f4xx_hal_dma.o
                0x0000000008004974                HAL_DMA_Start_IT
 .text.HAL_DMA_IRQHandler
                0x0000000008004a24      0x314 ./Drivers/STM32F4xx_HAL_Driver/stm32f4xx_hal_dma.o
                0x0000000008004a24                HAL_DMA_IRQHandler
 .text.DMA_SetConfig
                0x0000000008004d38       0x5c ./Drivers/STM32F4xx_HAL_Driver/stm32f4xx_hal_dma.o
 .text.DMA_CalcBaseAndBitshift
                0x0000000008004d94       0x6c ./Drivers/STM32F4xx_HAL_Driver/stm32f4xx_hal_dma.o
 .text.DMA_CheckFifoParam
                0x0000000008004e00       0xf8 ./Drivers/STM32F4xx_HAL_Driver/stm32f4xx_hal_dma.o
 .text.HAL_GPIO_Init
                0x0000000008004ef8      0x308 ./Drivers/STM32F4xx_HAL_Driver/stm32f4xx_hal_gpio.o
                0x0000000008004ef8                HAL_GPIO_Init
 .text.HAL_GPIO_DeInit
                0x0000000008005200      0x1c8 ./Drivers/STM32F4xx_HAL_Driver/stm32f4xx_hal_gpio.o
                0x0000000008005200                HAL_GPIO_DeInit
 .text.HAL_GPIO_WritePin
                0x00000000080053c8       0x32 ./Drivers/STM32F4xx_HAL_Driver/stm32f4xx_hal_gpio.o
                0x00000000080053c8                HAL_GPIO_WritePin
 *fill*         0x00000000080053fa        0x2 
 .text.HAL_GPIO_EXTI_IRQHandler
                0x00000000080053fc       0x30 ./Drivers/STM32F4xx_HAL_Driver/stm32f4xx_hal_gpio.o
                0x00000000080053fc                HAL_GPIO_EXTI_IRQHandler
 .text.HAL_GPIO_EXTI_Callback
                0x000000000800542c       0x16 ./Drivers/STM32F4xx_HAL_Driver/stm32f4xx_hal_gpio.o
                0x000000000800542c                HAL_GPIO_EXTI_Callback
 *fill*         0x0000000008005442        0x2 
 .text.HAL_I2C_Init
                0x0000000008005444      0x288 ./Drivers/STM32F4xx_HAL_Driver/stm32f4xx_hal_i2c.o
                0x0000000008005444                HAL_I2C_Init
 .text.HAL_I2C_DeInit
                0x00000000080056cc       0x5e ./Drivers/STM32F4xx_HAL_Driver/stm32f4xx_hal_i2c.o
                0x00000000080056cc                HAL_I2C_DeInit
 .text.HAL_I2C_MspInit
                0x000000000800572a       0x14 ./Drivers/STM32F4xx_HAL_Driver/stm32f4xx_hal_i2c.o
                0x000000000800572a                HAL_I2C_MspInit
 .text.HAL_I2C_MspDeInit
                0x000000000800573e       0x14 ./Drivers/STM32F4xx_HAL_Driver/stm32f4xx_hal_i2c.o
                0x000000000800573e                HAL_I2C_MspDeInit
 *fill*         0x0000000008005752        0x2 
 .text.HAL_I2C_Mem_Write
                0x0000000008005754      0x1f4 ./Drivers/STM32F4xx_HAL_Driver/stm32f4xx_hal_i2c.o
                0x0000000008005754                HAL_I2C_Mem_Write
 .text.HAL_I2C_Mem_Read
                0x0000000008005948      0x44c ./Drivers/STM32F4xx_HAL_Driver/stm32f4xx_hal_i2c.o
                0x0000000008005948                HAL_I2C_Mem_Read
 .text.HAL_I2C_GetState
                0x0000000008005d94       0x1c ./Drivers/STM32F4xx_HAL_Driver/stm32f4xx_hal_i2c.o
                0x0000000008005d94                HAL_I2C_GetState
 .text.HAL_I2C_GetError
                0x0000000008005db0       0x18 ./Drivers/STM32F4xx_HAL_Driver/stm32f4xx_hal_i2c.o
                0x0000000008005db0                HAL_I2C_GetError
 .text.I2C_RequestMemoryWrite
                0x0000000008005dc8      0x12c ./Drivers/STM32F4xx_HAL_Driver/stm32f4xx_hal_i2c.o
 .text.I2C_RequestMemoryRead
                0x0000000008005ef4      0x1d0 ./Drivers/STM32F4xx_HAL_Driver/stm32f4xx_hal_i2c.o
 .text.I2C_WaitOnFlagUntilTimeout
                0x00000000080060c4       0xae ./Drivers/STM32F4xx_HAL_Driver/stm32f4xx_hal_i2c.o
 .text.I2C_WaitOnMasterAddressFlagUntilTimeout
                0x0000000008006172       0xfe ./Drivers/STM32F4xx_HAL_Driver/stm32f4xx_hal_i2c.o
 .text.I2C_WaitOnTXEFlagUntilTimeout
                0x0000000008006270       0x82 ./Drivers/STM32F4xx_HAL_Driver/stm32f4xx_hal_i2c.o
 .text.I2C_WaitOnBTFFlagUntilTimeout
                0x00000000080062f2       0x82 ./Drivers/STM32F4xx_HAL_Driver/stm32f4xx_hal_i2c.o
 .text.I2C_WaitOnRXNEFlagUntilTimeout
                0x0000000008006374       0xac ./Drivers/STM32F4xx_HAL_Driver/stm32f4xx_hal_i2c.o
 .text.I2C_IsAcknowledgeFailed
                0x0000000008006420       0x5e ./Drivers/STM32F4xx_HAL_Driver/stm32f4xx_hal_i2c.o
 *fill*         0x000000000800647e        0x2 
 .text.HAL_RCC_OscConfig
                0x0000000008006480      0x4f0 ./Drivers/STM32F4xx_HAL_Driver/stm32f4xx_hal_rcc.o
                0x0000000008006480                HAL_RCC_OscConfig
 .text.HAL_RCC_ClockConfig
                0x0000000008006970      0x1cc ./Drivers/STM32F4xx_HAL_Driver/stm32f4xx_hal_rcc.o
                0x0000000008006970                HAL_RCC_ClockConfig
 .text.HAL_RCC_GetSysClockFreq
                0x0000000008006b3c      0x20c ./Drivers/STM32F4xx_HAL_Driver/stm32f4xx_hal_rcc.o
                0x0000000008006b3c                HAL_RCC_GetSysClockFreq
 .text.HAL_RCC_GetHCLKFreq
                0x0000000008006d48       0x18 ./Drivers/STM32F4xx_HAL_Driver/stm32f4xx_hal_rcc.o
                0x0000000008006d48                HAL_RCC_GetHCLKFreq
 .text.HAL_RCC_GetPCLK1Freq
                0x0000000008006d60       0x28 ./Drivers/STM32F4xx_HAL_Driver/stm32f4xx_hal_rcc.o
                0x0000000008006d60                HAL_RCC_GetPCLK1Freq
 .text.HAL_RCC_GetPCLK2Freq
                0x0000000008006d88       0x28 ./Drivers/STM32F4xx_HAL_Driver/stm32f4xx_hal_rcc.o
                0x0000000008006d88                HAL_RCC_GetPCLK2Freq
 .text.HAL_RCCEx_PeriphCLKConfig
                0x0000000008006db0      0x1dc ./Drivers/STM32F4xx_HAL_Driver/stm32f4xx_hal_rcc_ex.o
                0x0000000008006db0                HAL_RCCEx_PeriphCLKConfig
 .text.HAL_RTC_Init
                0x0000000008006f8c       0xec ./Drivers/STM32F4xx_HAL_Driver/stm32f4xx_hal_rtc.o
                0x0000000008006f8c                HAL_RTC_Init
 .text.HAL_RTC_SetTime
                0x0000000008007078      0x134 ./Drivers/STM32F4xx_HAL_Driver/stm32f4xx_hal_rtc.o
                0x0000000008007078                HAL_RTC_SetTime
 .text.HAL_RTC_GetTime
                0x00000000080071ac       0xbc ./Drivers/STM32F4xx_HAL_Driver/stm32f4xx_hal_rtc.o
                0x00000000080071ac                HAL_RTC_GetTime
 .text.HAL_RTC_SetDate
                0x0000000008007268      0x108 ./Drivers/STM32F4xx_HAL_Driver/stm32f4xx_hal_rtc.o
                0x0000000008007268                HAL_RTC_SetDate
 .text.HAL_RTC_GetDate
                0x0000000008007370       0x9e ./Drivers/STM32F4xx_HAL_Driver/stm32f4xx_hal_rtc.o
                0x0000000008007370                HAL_RTC_GetDate
 .text.HAL_RTC_WaitForSynchro
                0x000000000800740e       0x50 ./Drivers/STM32F4xx_HAL_Driver/stm32f4xx_hal_rtc.o
                0x000000000800740e                HAL_RTC_WaitForSynchro
 .text.RTC_EnterInitMode
                0x000000000800745e       0x6e ./Drivers/STM32F4xx_HAL_Driver/stm32f4xx_hal_rtc.o
                0x000000000800745e                RTC_EnterInitMode
 .text.RTC_ExitInitMode
                0x00000000080074cc       0x4a ./Drivers/STM32F4xx_HAL_Driver/stm32f4xx_hal_rtc.o
                0x00000000080074cc                RTC_ExitInitMode
 .text.RTC_ByteToBcd2
                0x0000000008007516       0x3a ./Drivers/STM32F4xx_HAL_Driver/stm32f4xx_hal_rtc.o
                0x0000000008007516                RTC_ByteToBcd2
 .text.RTC_Bcd2ToByte
                0x0000000008007550       0x38 ./Drivers/STM32F4xx_HAL_Driver/stm32f4xx_hal_rtc.o
                0x0000000008007550                RTC_Bcd2ToByte
 .text.HAL_TIM_Base_Init
                0x0000000008007588       0x9e ./Drivers/STM32F4xx_HAL_Driver/stm32f4xx_hal_tim.o
                0x0000000008007588                HAL_TIM_Base_Init
 *fill*         0x0000000008007626        0x2 
 .text.HAL_TIM_Base_Start_IT
                0x0000000008007628       0xc4 ./Drivers/STM32F4xx_HAL_Driver/stm32f4xx_hal_tim.o
                0x0000000008007628                HAL_TIM_Base_Start_IT
 .text.HAL_TIM_Base_Stop_IT
                0x00000000080076ec       0x5e ./Drivers/STM32F4xx_HAL_Driver/stm32f4xx_hal_tim.o
                0x00000000080076ec                HAL_TIM_Base_Stop_IT
 .text.HAL_TIM_IRQHandler
                0x000000000800774a      0x210 ./Drivers/STM32F4xx_HAL_Driver/stm32f4xx_hal_tim.o
                0x000000000800774a                HAL_TIM_IRQHandler
 .text.HAL_TIM_ConfigClockSource
                0x000000000800795a      0x18e ./Drivers/STM32F4xx_HAL_Driver/stm32f4xx_hal_tim.o
                0x000000000800795a                HAL_TIM_ConfigClockSource
 .text.HAL_TIM_OC_DelayElapsedCallback
                0x0000000008007ae8       0x14 ./Drivers/STM32F4xx_HAL_Driver/stm32f4xx_hal_tim.o
                0x0000000008007ae8                HAL_TIM_OC_DelayElapsedCallback
 .text.HAL_TIM_IC_CaptureCallback
                0x0000000008007afc       0x14 ./Drivers/STM32F4xx_HAL_Driver/stm32f4xx_hal_tim.o
                0x0000000008007afc                HAL_TIM_IC_CaptureCallback
 .text.HAL_TIM_PWM_PulseFinishedCallback
                0x0000000008007b10       0x14 ./Drivers/STM32F4xx_HAL_Driver/stm32f4xx_hal_tim.o
                0x0000000008007b10                HAL_TIM_PWM_PulseFinishedCallback
 .text.HAL_TIM_TriggerCallback
                0x0000000008007b24       0x14 ./Drivers/STM32F4xx_HAL_Driver/stm32f4xx_hal_tim.o
                0x0000000008007b24                HAL_TIM_TriggerCallback
 .text.TIM_Base_SetConfig
                0x0000000008007b38      0x100 ./Drivers/STM32F4xx_HAL_Driver/stm32f4xx_hal_tim.o
                0x0000000008007b38                TIM_Base_SetConfig
 .text.TIM_TI1_ConfigInputStage
                0x0000000008007c38       0x5e ./Drivers/STM32F4xx_HAL_Driver/stm32f4xx_hal_tim.o
 .text.TIM_TI2_ConfigInputStage
                0x0000000008007c96       0x60 ./Drivers/STM32F4xx_HAL_Driver/stm32f4xx_hal_tim.o
 .text.TIM_ITRx_SetConfig
                0x0000000008007cf6       0x36 ./Drivers/STM32F4xx_HAL_Driver/stm32f4xx_hal_tim.o
 .text.TIM_ETR_SetConfig
                0x0000000008007d2c       0x40 ./Drivers/STM32F4xx_HAL_Driver/stm32f4xx_hal_tim.o
                0x0000000008007d2c                TIM_ETR_SetConfig
 .text.HAL_TIMEx_MasterConfigSynchronization
                0x0000000008007d6c       0xdc ./Drivers/STM32F4xx_HAL_Driver/stm32f4xx_hal_tim_ex.o
                0x0000000008007d6c                HAL_TIMEx_MasterConfigSynchronization
 .text.HAL_TIMEx_CommutCallback
                0x0000000008007e48       0x14 ./Drivers/STM32F4xx_HAL_Driver/stm32f4xx_hal_tim_ex.o
                0x0000000008007e48                HAL_TIMEx_CommutCallback
 .text.HAL_TIMEx_BreakCallback
                0x0000000008007e5c       0x14 ./Drivers/STM32F4xx_HAL_Driver/stm32f4xx_hal_tim_ex.o
                0x0000000008007e5c                HAL_TIMEx_BreakCallback
 .text.HAL_UART_Init
                0x0000000008007e70       0x9a ./Drivers/STM32F4xx_HAL_Driver/stm32f4xx_hal_uart.o
                0x0000000008007e70                HAL_UART_Init
 .text.HAL_UART_MspInit
                0x0000000008007f0a       0x14 ./Drivers/STM32F4xx_HAL_Driver/stm32f4xx_hal_uart.o
                0x0000000008007f0a                HAL_UART_MspInit
 .text.HAL_UART_Transmit
                0x0000000008007f1e      0x124 ./Drivers/STM32F4xx_HAL_Driver/stm32f4xx_hal_uart.o
                0x0000000008007f1e                HAL_UART_Transmit
 .text.HAL_UART_Receive_DMA
                0x0000000008008042       0x60 ./Drivers/STM32F4xx_HAL_Driver/stm32f4xx_hal_uart.o
                0x0000000008008042                HAL_UART_Receive_DMA
 .text.HAL_UART_RxCpltCallback
                0x00000000080080a2       0x14 ./Drivers/STM32F4xx_HAL_Driver/stm32f4xx_hal_uart.o
                0x00000000080080a2                HAL_UART_RxCpltCallback
 .text.HAL_UART_RxHalfCpltCallback
                0x00000000080080b6       0x14 ./Drivers/STM32F4xx_HAL_Driver/stm32f4xx_hal_uart.o
                0x00000000080080b6                HAL_UART_RxHalfCpltCallback
 .text.HAL_UART_ErrorCallback
                0x00000000080080ca       0x14 ./Drivers/STM32F4xx_HAL_Driver/stm32f4xx_hal_uart.o
                0x00000000080080ca                HAL_UART_ErrorCallback
 .text.HAL_UARTEx_RxEventCallback
                0x00000000080080de       0x18 ./Drivers/STM32F4xx_HAL_Driver/stm32f4xx_hal_uart.o
                0x00000000080080de                HAL_UARTEx_RxEventCallback
 .text.UART_DMAReceiveCplt
                0x00000000080080f6      0x126 ./Drivers/STM32F4xx_HAL_Driver/stm32f4xx_hal_uart.o
 .text.UART_DMARxHalfCplt
                0x000000000800821c       0x36 ./Drivers/STM32F4xx_HAL_Driver/stm32f4xx_hal_uart.o
 .text.UART_DMAError
                0x0000000008008252       0x94 ./Drivers/STM32F4xx_HAL_Driver/stm32f4xx_hal_uart.o
 .text.UART_WaitOnFlagUntilTimeout
                0x00000000080082e6       0xdc ./Drivers/STM32F4xx_HAL_Driver/stm32f4xx_hal_uart.o
 *fill*         0x00000000080083c2        0x2 
 .text.UART_Start_Receive_DMA
                0x00000000080083c4      0x13c ./Drivers/STM32F4xx_HAL_Driver/stm32f4xx_hal_uart.o
                0x00000000080083c4                UART_Start_Receive_DMA
 .text.UART_EndTxTransfer
                0x0000000008008500       0x50 ./Drivers/STM32F4xx_HAL_Driver/stm32f4xx_hal_uart.o
 .text.UART_EndRxTransfer
                0x0000000008008550       0xc6 ./Drivers/STM32F4xx_HAL_Driver/stm32f4xx_hal_uart.o
 *fill*         0x0000000008008616        0x2 
 .text.UART_SetConfig
                0x0000000008008618      0x4e8 ./Drivers/STM32F4xx_HAL_Driver/stm32f4xx_hal_uart.o
 .text.InfraredPD_Initialize
                0x0000000008008b00      0x138 ../../../../../../../Middlewares/ST/STM32_InfraredPD_Library/Lib\InfraredPD_CM4F_wc32_ot_hard.a(infrared_pd.o)
                0x0000000008008b00                InfraredPD_Initialize
 .text.InfraredPD_CreateInstance
                0x0000000008008c38       0x34 ../../../../../../../Middlewares/ST/STM32_InfraredPD_Library/Lib\InfraredPD_CM4F_wc32_ot_hard.a(infrared_pd.o)
                0x0000000008008c38                InfraredPD_CreateInstance
 .text.InfraredPD_Start
                0x0000000008008c6c      0x3e4 ../../../../../../../Middlewares/ST/STM32_InfraredPD_Library/Lib\InfraredPD_CM4F_wc32_ot_hard.a(infrared_pd.o)
                0x0000000008008c6c                InfraredPD_Start
 .text.InfraredPD_Update
                0x0000000008009050      0x690 ../../../../../../../Middlewares/ST/STM32_InfraredPD_Library/Lib\InfraredPD_CM4F_wc32_ot_hard.a(infrared_pd.o)
                0x0000000008009050                InfraredPD_Update
 .text.InfraredPD_GetLibVersion
                0x00000000080096e0       0x54 ../../../../../../../Middlewares/ST/STM32_InfraredPD_Library/Lib\InfraredPD_CM4F_wc32_ot_hard.a(infrared_pd.o)
                0x00000000080096e0                InfraredPD_GetLibVersion
 .text.malloc   0x0000000008009734       0x10 C:/ST/STM32CubeIDE_1.14.1/STM32CubeIDE/plugins/com.st.stm32cube.ide.mcu.externaltools.gnu-tools-for-stm32.11.3.rel1.win32_1.1.100.202309141235/tools/bin/../lib/gcc/arm-none-eabi/11.3.1/../../../../arm-none-eabi/lib/thumb/v7e-m+fp/hard\libc_nano.a(libc_a-malloc.o)
                0x0000000008009734                malloc
 .text.free     0x0000000008009744       0x10 C:/ST/STM32CubeIDE_1.14.1/STM32CubeIDE/plugins/com.st.stm32cube.ide.mcu.externaltools.gnu-tools-for-stm32.11.3.rel1.win32_1.1.100.202309141235/tools/bin/../lib/gcc/arm-none-eabi/11.3.1/../../../../arm-none-eabi/lib/thumb/v7e-m+fp/hard\libc_nano.a(libc_a-malloc.o)
                0x0000000008009744                free
 .text.sbrk_aligned
                0x0000000008009754       0x40 C:/ST/STM32CubeIDE_1.14.1/STM32CubeIDE/plugins/com.st.stm32cube.ide.mcu.externaltools.gnu-tools-for-stm32.11.3.rel1.win32_1.1.100.202309141235/tools/bin/../lib/gcc/arm-none-eabi/11.3.1/../../../../arm-none-eabi/lib/thumb/v7e-m+fp/hard\libc_nano.a(libc_a-mallocr.o)
 .text._malloc_r
                0x0000000008009794      0x100 C:/ST/STM32CubeIDE_1.14.1/STM32CubeIDE/plugins/com.st.stm32cube.ide.mcu.externaltools.gnu-tools-for-stm32.11.3.rel1.win32_1.1.100.202309141235/tools/bin/../lib/gcc/arm-none-eabi/11.3.1/../../../../arm-none-eabi/lib/thumb/v7e-m+fp/hard\libc_nano.a(libc_a-mallocr.o)
                0x0000000008009794                _malloc_r
 .text.__malloc_lock
                0x0000000008009894        0xc C:/ST/STM32CubeIDE_1.14.1/STM32CubeIDE/plugins/com.st.stm32cube.ide.mcu.externaltools.gnu-tools-for-stm32.11.3.rel1.win32_1.1.100.202309141235/tools/bin/../lib/gcc/arm-none-eabi/11.3.1/../../../../arm-none-eabi/lib/thumb/v7e-m+fp/hard\libc_nano.a(libc_a-mlock.o)
                0x0000000008009894                __malloc_lock
 .text.__malloc_unlock
                0x00000000080098a0        0xc C:/ST/STM32CubeIDE_1.14.1/STM32CubeIDE/plugins/com.st.stm32cube.ide.mcu.externaltools.gnu-tools-for-stm32.11.3.rel1.win32_1.1.100.202309141235/tools/bin/../lib/gcc/arm-none-eabi/11.3.1/../../../../arm-none-eabi/lib/thumb/v7e-m+fp/hard\libc_nano.a(libc_a-mlock.o)
                0x00000000080098a0                __malloc_unlock
 .text.snprintf
                0x00000000080098ac       0x68 C:/ST/STM32CubeIDE_1.14.1/STM32CubeIDE/plugins/com.st.stm32cube.ide.mcu.externaltools.gnu-tools-for-stm32.11.3.rel1.win32_1.1.100.202309141235/tools/bin/../lib/gcc/arm-none-eabi/11.3.1/../../../../arm-none-eabi/lib/thumb/v7e-m+fp/hard\libc_nano.a(libc_a-snprintf.o)
                0x00000000080098ac                sniprintf
                0x00000000080098ac                snprintf
 .text.memset   0x0000000008009914       0x10 C:/ST/STM32CubeIDE_1.14.1/STM32CubeIDE/plugins/com.st.stm32cube.ide.mcu.externaltools.gnu-tools-for-stm32.11.3.rel1.win32_1.1.100.202309141235/tools/bin/../lib/gcc/arm-none-eabi/11.3.1/../../../../arm-none-eabi/lib/thumb/v7e-m+fp/hard\libc_nano.a(libc_a-memset.o)
                0x0000000008009914                memset
 .text._sbrk_r  0x0000000008009924       0x20 C:/ST/STM32CubeIDE_1.14.1/STM32CubeIDE/plugins/com.st.stm32cube.ide.mcu.externaltools.gnu-tools-for-stm32.11.3.rel1.win32_1.1.100.202309141235/tools/bin/../lib/gcc/arm-none-eabi/11.3.1/../../../../arm-none-eabi/lib/thumb/v7e-m+fp/hard\libc_nano.a(libc_a-sbrkr.o)
                0x0000000008009924                _sbrk_r
 .text.__errno  0x0000000008009944        0xc C:/ST/STM32CubeIDE_1.14.1/STM32CubeIDE/plugins/com.st.stm32cube.ide.mcu.externaltools.gnu-tools-for-stm32.11.3.rel1.win32_1.1.100.202309141235/tools/bin/../lib/gcc/arm-none-eabi/11.3.1/../../../../arm-none-eabi/lib/thumb/v7e-m+fp/hard\libc_nano.a(libc_a-errno.o)
                0x0000000008009944                __errno
 .text.__libc_init_array
                0x0000000008009950       0x48 C:/ST/STM32CubeIDE_1.14.1/STM32CubeIDE/plugins/com.st.stm32cube.ide.mcu.externaltools.gnu-tools-for-stm32.11.3.rel1.win32_1.1.100.202309141235/tools/bin/../lib/gcc/arm-none-eabi/11.3.1/../../../../arm-none-eabi/lib/thumb/v7e-m+fp/hard\libc_nano.a(libc_a-init.o)
                0x0000000008009950                __libc_init_array
 .text.__retarget_lock_acquire_recursive
                0x0000000008009998        0x2 C:/ST/STM32CubeIDE_1.14.1/STM32CubeIDE/plugins/com.st.stm32cube.ide.mcu.externaltools.gnu-tools-for-stm32.11.3.rel1.win32_1.1.100.202309141235/tools/bin/../lib/gcc/arm-none-eabi/11.3.1/../../../../arm-none-eabi/lib/thumb/v7e-m+fp/hard\libc_nano.a(libc_a-lock.o)
                0x0000000008009998                __retarget_lock_acquire_recursive
 .text.__retarget_lock_release_recursive
                0x000000000800999a        0x2 C:/ST/STM32CubeIDE_1.14.1/STM32CubeIDE/plugins/com.st.stm32cube.ide.mcu.externaltools.gnu-tools-for-stm32.11.3.rel1.win32_1.1.100.202309141235/tools/bin/../lib/gcc/arm-none-eabi/11.3.1/../../../../arm-none-eabi/lib/thumb/v7e-m+fp/hard\libc_nano.a(libc_a-lock.o)
                0x000000000800999a                __retarget_lock_release_recursive
 .text._free_r  0x000000000800999c       0x98 C:/ST/STM32CubeIDE_1.14.1/STM32CubeIDE/plugins/com.st.stm32cube.ide.mcu.externaltools.gnu-tools-for-stm32.11.3.rel1.win32_1.1.100.202309141235/tools/bin/../lib/gcc/arm-none-eabi/11.3.1/../../../../arm-none-eabi/lib/thumb/v7e-m+fp/hard\libc_nano.a(libc_a-freer.o)
                0x000000000800999c                _free_r
 .text.__ssputs_r
                0x0000000008009a34       0xb4 C:/ST/STM32CubeIDE_1.14.1/STM32CubeIDE/plugins/com.st.stm32cube.ide.mcu.externaltools.gnu-tools-for-stm32.11.3.rel1.win32_1.1.100.202309141235/tools/bin/../lib/gcc/arm-none-eabi/11.3.1/../../../../arm-none-eabi/lib/thumb/v7e-m+fp/hard\libc_nano.a(libc_a-nano-svfprintf.o)
                0x0000000008009a34                __ssputs_r
 .text._svfprintf_r
                0x0000000008009ae8      0x1fc C:/ST/STM32CubeIDE_1.14.1/STM32CubeIDE/plugins/com.st.stm32cube.ide.mcu.externaltools.gnu-tools-for-stm32.11.3.rel1.win32_1.1.100.202309141235/tools/bin/../lib/gcc/arm-none-eabi/11.3.1/../../../../arm-none-eabi/lib/thumb/v7e-m+fp/hard\libc_nano.a(libc_a-nano-svfprintf.o)
                0x0000000008009ae8                _svfiprintf_r
                0x0000000008009ae8                _svfprintf_r
 .text._printf_common
                0x0000000008009ce4       0xda C:/ST/STM32CubeIDE_1.14.1/STM32CubeIDE/plugins/com.st.stm32cube.ide.mcu.externaltools.gnu-tools-for-stm32.11.3.rel1.win32_1.1.100.202309141235/tools/bin/../lib/gcc/arm-none-eabi/11.3.1/../../../../arm-none-eabi/lib/thumb/v7e-m+fp/hard\libc_nano.a(libc_a-nano-vfprintf_i.o)
                0x0000000008009ce4                _printf_common
 *fill*         0x0000000008009dbe        0x2 
 .text._printf_i
                0x0000000008009dc0      0x244 C:/ST/STM32CubeIDE_1.14.1/STM32CubeIDE/plugins/com.st.stm32cube.ide.mcu.externaltools.gnu-tools-for-stm32.11.3.rel1.win32_1.1.100.202309141235/tools/bin/../lib/gcc/arm-none-eabi/11.3.1/../../../../arm-none-eabi/lib/thumb/v7e-m+fp/hard\libc_nano.a(libc_a-nano-vfprintf_i.o)
                0x0000000008009dc0                _printf_i
 .text.memmove  0x000000000800a004       0x34 C:/ST/STM32CubeIDE_1.14.1/STM32CubeIDE/plugins/com.st.stm32cube.ide.mcu.externaltools.gnu-tools-for-stm32.11.3.rel1.win32_1.1.100.202309141235/tools/bin/../lib/gcc/arm-none-eabi/11.3.1/../../../../arm-none-eabi/lib/thumb/v7e-m+fp/hard\libc_nano.a(libc_a-memmove.o)
                0x000000000800a004                memmove
 .text.memcpy   0x000000000800a038       0x1c C:/ST/STM32CubeIDE_1.14.1/STM32CubeIDE/plugins/com.st.stm32cube.ide.mcu.externaltools.gnu-tools-for-stm32.11.3.rel1.win32_1.1.100.202309141235/tools/bin/../lib/gcc/arm-none-eabi/11.3.1/../../../../arm-none-eabi/lib/thumb/v7e-m+fp/hard\libc_nano.a(libc_a-memcpy-stub.o)
                0x000000000800a038                memcpy
 .text._realloc_r
                0x000000000800a054       0x5e C:/ST/STM32CubeIDE_1.14.1/STM32CubeIDE/plugins/com.st.stm32cube.ide.mcu.externaltools.gnu-tools-for-stm32.11.3.rel1.win32_1.1.100.202309141235/tools/bin/../lib/gcc/arm-none-eabi/11.3.1/../../../../arm-none-eabi/lib/thumb/v7e-m+fp/hard\libc_nano.a(libc_a-reallocr.o)
                0x000000000800a054                _realloc_r
 .text._malloc_usable_size_r
                0x000000000800a0b2       0x10 C:/ST/STM32CubeIDE_1.14.1/STM32CubeIDE/plugins/com.st.stm32cube.ide.mcu.externaltools.gnu-tools-for-stm32.11.3.rel1.win32_1.1.100.202309141235/tools/bin/../lib/gcc/arm-none-eabi/11.3.1/../../../../arm-none-eabi/lib/thumb/v7e-m+fp/hard\libc_nano.a(libc_a-msizer.o)
                0x000000000800a0b2                _malloc_usable_size_r
 *fill*         0x000000000800a0c2        0x2 
 .text.expf     0x000000000800a0c4       0x6c C:/ST/STM32CubeIDE_1.14.1/STM32CubeIDE/plugins/com.st.stm32cube.ide.mcu.externaltools.gnu-tools-for-stm32.11.3.rel1.win32_1.1.100.202309141235/tools/bin/../lib/gcc/arm-none-eabi/11.3.1/../../../../arm-none-eabi/lib/thumb/v7e-m+fp/hard\libm.a(libm_a-wf_exp.o)
                0x000000000800a0c4                expf
 .text.finitef  0x000000000800a130       0x1a C:/ST/STM32CubeIDE_1.14.1/STM32CubeIDE/plugins/com.st.stm32cube.ide.mcu.externaltools.gnu-tools-for-stm32.11.3.rel1.win32_1.1.100.202309141235/tools/bin/../lib/gcc/arm-none-eabi/11.3.1/../../../../arm-none-eabi/lib/thumb/v7e-m+fp/hard\libm.a(libm_a-sf_finite.o)
                0x000000000800a130                finitef
 *fill*         0x000000000800a14a        0x2 
 .text.ceilf    0x000000000800a14c       0x84 C:/ST/STM32CubeIDE_1.14.1/STM32CubeIDE/plugins/com.st.stm32cube.ide.mcu.externaltools.gnu-tools-for-stm32.11.3.rel1.win32_1.1.100.202309141235/tools/bin/../lib/gcc/arm-none-eabi/11.3.1/../../../../arm-none-eabi/lib/thumb/v7e-m+fp/hard\libm.a(libm_a-sf_ceil.o)
                0x000000000800a14c                ceilf
 .text.__ieee754_expf
                0x000000000800a1d0      0x19c C:/ST/STM32CubeIDE_1.14.1/STM32CubeIDE/plugins/com.st.stm32cube.ide.mcu.externaltools.gnu-tools-for-stm32.11.3.rel1.win32_1.1.100.202309141235/tools/bin/../lib/gcc/arm-none-eabi/11.3.1/../../../../arm-none-eabi/lib/thumb/v7e-m+fp/hard\libm.a(libm_a-ef_exp.o)
                0x000000000800a1d0                __ieee754_expf
 .text.with_errnof
                0x000000000800a36c       0x16 C:/ST/STM32CubeIDE_1.14.1/STM32CubeIDE/plugins/com.st.stm32cube.ide.mcu.externaltools.gnu-tools-for-stm32.11.3.rel1.win32_1.1.100.202309141235/tools/bin/../lib/gcc/arm-none-eabi/11.3.1/../../../../arm-none-eabi/lib/thumb/v7e-m+fp/hard\libm.a(libm_a-math_errf.o)
 .text.xflowf   0x000000000800a382       0x16 C:/ST/STM32CubeIDE_1.14.1/STM32CubeIDE/plugins/com.st.stm32cube.ide.mcu.externaltools.gnu-tools-for-stm32.11.3.rel1.win32_1.1.100.202309141235/tools/bin/../lib/gcc/arm-none-eabi/11.3.1/../../../../arm-none-eabi/lib/thumb/v7e-m+fp/hard\libm.a(libm_a-math_errf.o)
 .text.__math_uflowf
                0x000000000800a398        0xc C:/ST/STM32CubeIDE_1.14.1/STM32CubeIDE/plugins/com.st.stm32cube.ide.mcu.externaltools.gnu-tools-for-stm32.11.3.rel1.win32_1.1.100.202309141235/tools/bin/../lib/gcc/arm-none-eabi/11.3.1/../../../../arm-none-eabi/lib/thumb/v7e-m+fp/hard\libm.a(libm_a-math_errf.o)
                0x000000000800a398                __math_uflowf
 .text.__math_oflowf
                0x000000000800a3a4        0xc C:/ST/STM32CubeIDE_1.14.1/STM32CubeIDE/plugins/com.st.stm32cube.ide.mcu.externaltools.gnu-tools-for-stm32.11.3.rel1.win32_1.1.100.202309141235/tools/bin/../lib/gcc/arm-none-eabi/11.3.1/../../../../arm-none-eabi/lib/thumb/v7e-m+fp/hard\libm.a(libm_a-math_errf.o)
                0x000000000800a3a4                __math_oflowf
 *(.glue_7)
 .glue_7        0x000000000800a3b0        0x0 linker stubs
 *(.glue_7t)
 .glue_7t       0x000000000800a3b0        0x0 linker stubs
 *(.eh_frame)
 .eh_frame      0x000000000800a3b0        0x0 C:/ST/STM32CubeIDE_1.14.1/STM32CubeIDE/plugins/com.st.stm32cube.ide.mcu.externaltools.gnu-tools-for-stm32.11.3.rel1.win32_1.1.100.202309141235/tools/bin/../lib/gcc/arm-none-eabi/11.3.1/thumb/v7e-m+fp/hard/crtbegin.o
 *(.init)
 .init          0x000000000800a3b0        0x4 C:/ST/STM32CubeIDE_1.14.1/STM32CubeIDE/plugins/com.st.stm32cube.ide.mcu.externaltools.gnu-tools-for-stm32.11.3.rel1.win32_1.1.100.202309141235/tools/bin/../lib/gcc/arm-none-eabi/11.3.1/thumb/v7e-m+fp/hard/crti.o
                0x000000000800a3b0                _init
 .init          0x000000000800a3b4        0x8 C:/ST/STM32CubeIDE_1.14.1/STM32CubeIDE/plugins/com.st.stm32cube.ide.mcu.externaltools.gnu-tools-for-stm32.11.3.rel1.win32_1.1.100.202309141235/tools/bin/../lib/gcc/arm-none-eabi/11.3.1/thumb/v7e-m+fp/hard/crtn.o
 *(.fini)
 .fini          0x000000000800a3bc        0x4 C:/ST/STM32CubeIDE_1.14.1/STM32CubeIDE/plugins/com.st.stm32cube.ide.mcu.externaltools.gnu-tools-for-stm32.11.3.rel1.win32_1.1.100.202309141235/tools/bin/../lib/gcc/arm-none-eabi/11.3.1/thumb/v7e-m+fp/hard/crti.o
                0x000000000800a3bc                _fini
 .fini          0x000000000800a3c0        0x8 C:/ST/STM32CubeIDE_1.14.1/STM32CubeIDE/plugins/com.st.stm32cube.ide.mcu.externaltools.gnu-tools-for-stm32.11.3.rel1.win32_1.1.100.202309141235/tools/bin/../lib/gcc/arm-none-eabi/11.3.1/thumb/v7e-m+fp/hard/crtn.o
                0x000000000800a3c8                . = ALIGN (0x4)
                0x000000000800a3c8                _etext = .

.vfp11_veneer   0x000000000800a3c8        0x0
 .vfp11_veneer  0x000000000800a3c8        0x0 linker stubs

.v4_bx          0x000000000800a3c8        0x0
 .v4_bx         0x000000000800a3c8        0x0 linker stubs

.iplt           0x000000000800a3c8        0x0
 .iplt          0x000000000800a3c8        0x0 C:/ST/STM32CubeIDE_1.14.1/STM32CubeIDE/plugins/com.st.stm32cube.ide.mcu.externaltools.gnu-tools-for-stm32.11.3.rel1.win32_1.1.100.202309141235/tools/bin/../lib/gcc/arm-none-eabi/11.3.1/thumb/v7e-m+fp/hard/crtbegin.o

.rodata         0x000000000800a3c8       0xc4
                0x000000000800a3c8                . = ALIGN (0x4)
 *(.rodata)
 .rodata        0x000000000800a3c8       0x25 ./Application/User/demo_serial.o
 *fill*         0x000000000800a3ed        0x3 
 .rodata        0x000000000800a3f0       0x2b ../../../../../../../Middlewares/ST/STM32_InfraredPD_Library/Lib\InfraredPD_CM4F_wc32_ot_hard.a(infrared_pd.o)
 *(.rodata*)
 *fill*         0x000000000800a41b        0x1 
 .rodata.LedGpioInit.0
                0x000000000800a41c        0x4 ./Application/User/stm32f4xx_nucleo.o
 .rodata.AHBPrescTable
                0x000000000800a420       0x10 ./Drivers/CMSIS/system_stm32f4xx.o
                0x000000000800a420                AHBPrescTable
 .rodata.APBPrescTable
                0x000000000800a430        0x8 ./Drivers/CMSIS/system_stm32f4xx.o
                0x000000000800a430                APBPrescTable
 .rodata.flagBitshiftOffset.0
                0x000000000800a438        0x8 ./Drivers/STM32F4xx_HAL_Driver/stm32f4xx_hal_dma.o
 .rodata._svfprintf_r.str1.1
                0x000000000800a440       0x11 C:/ST/STM32CubeIDE_1.14.1/STM32CubeIDE/plugins/com.st.stm32cube.ide.mcu.externaltools.gnu-tools-for-stm32.11.3.rel1.win32_1.1.100.202309141235/tools/bin/../lib/gcc/arm-none-eabi/11.3.1/../../../../arm-none-eabi/lib/thumb/v7e-m+fp/hard\libc_nano.a(libc_a-nano-svfprintf.o)
 .rodata._printf_i.str1.1
                0x000000000800a451       0x22 C:/ST/STM32CubeIDE_1.14.1/STM32CubeIDE/plugins/com.st.stm32cube.ide.mcu.externaltools.gnu-tools-for-stm32.11.3.rel1.win32_1.1.100.202309141235/tools/bin/../lib/gcc/arm-none-eabi/11.3.1/../../../../arm-none-eabi/lib/thumb/v7e-m+fp/hard\libc_nano.a(libc_a-nano-vfprintf_i.o)
 *fill*         0x000000000800a473        0x1 
 .rodata.halF   0x000000000800a474        0x8 C:/ST/STM32CubeIDE_1.14.1/STM32CubeIDE/plugins/com.st.stm32cube.ide.mcu.externaltools.gnu-tools-for-stm32.11.3.rel1.win32_1.1.100.202309141235/tools/bin/../lib/gcc/arm-none-eabi/11.3.1/../../../../arm-none-eabi/lib/thumb/v7e-m+fp/hard\libm.a(libm_a-ef_exp.o)
 .rodata.ln2HI  0x000000000800a47c        0x8 C:/ST/STM32CubeIDE_1.14.1/STM32CubeIDE/plugins/com.st.stm32cube.ide.mcu.externaltools.gnu-tools-for-stm32.11.3.rel1.win32_1.1.100.202309141235/tools/bin/../lib/gcc/arm-none-eabi/11.3.1/../../../../arm-none-eabi/lib/thumb/v7e-m+fp/hard\libm.a(libm_a-ef_exp.o)
 .rodata.ln2LO  0x000000000800a484        0x8 C:/ST/STM32CubeIDE_1.14.1/STM32CubeIDE/plugins/com.st.stm32cube.ide.mcu.externaltools.gnu-tools-for-stm32.11.3.rel1.win32_1.1.100.202309141235/tools/bin/../lib/gcc/arm-none-eabi/11.3.1/../../../../arm-none-eabi/lib/thumb/v7e-m+fp/hard\libm.a(libm_a-ef_exp.o)
                0x000000000800a48c                . = ALIGN (0x4)

.ARM.extab      0x000000000800a48c        0x0
                0x000000000800a48c                . = ALIGN (0x4)
 *(.ARM.extab* .gnu.linkonce.armextab.*)
                0x000000000800a48c                . = ALIGN (0x4)

.ARM            0x000000000800a48c        0x8
                0x000000000800a48c                . = ALIGN (0x4)
                0x000000000800a48c                __exidx_start = .
 *(.ARM.exidx*)
 .ARM.exidx     0x000000000800a48c        0x8 C:/ST/STM32CubeIDE_1.14.1/STM32CubeIDE/plugins/com.st.stm32cube.ide.mcu.externaltools.gnu-tools-for-stm32.11.3.rel1.win32_1.1.100.202309141235/tools/bin/../lib/gcc/arm-none-eabi/11.3.1/thumb/v7e-m+fp/hard\libgcc.a(_udivmoddi4.o)
                0x000000000800a494                __exidx_end = .
                0x000000000800a494                . = ALIGN (0x4)

.rel.dyn        0x000000000800a494        0x0
 .rel.iplt      0x000000000800a494        0x0 C:/ST/STM32CubeIDE_1.14.1/STM32CubeIDE/plugins/com.st.stm32cube.ide.mcu.externaltools.gnu-tools-for-stm32.11.3.rel1.win32_1.1.100.202309141235/tools/bin/../lib/gcc/arm-none-eabi/11.3.1/thumb/v7e-m+fp/hard/crtbegin.o

.preinit_array  0x000000000800a494        0x0
                0x000000000800a494                . = ALIGN (0x4)
                0x000000000800a494                PROVIDE (__preinit_array_start = .)
 *(.preinit_array*)
                0x000000000800a494                PROVIDE (__preinit_array_end = .)
                0x000000000800a494                . = ALIGN (0x4)

.init_array     0x000000000800a494        0x4
                0x000000000800a494                . = ALIGN (0x4)
                0x000000000800a494                PROVIDE (__init_array_start = .)
 *(SORT_BY_NAME(.init_array.*))
 *(.init_array*)
 .init_array    0x000000000800a494        0x4 C:/ST/STM32CubeIDE_1.14.1/STM32CubeIDE/plugins/com.st.stm32cube.ide.mcu.externaltools.gnu-tools-for-stm32.11.3.rel1.win32_1.1.100.202309141235/tools/bin/../lib/gcc/arm-none-eabi/11.3.1/thumb/v7e-m+fp/hard/crtbegin.o
                0x000000000800a498                PROVIDE (__init_array_end = .)
                0x000000000800a498                . = ALIGN (0x4)

.fini_array     0x000000000800a498        0x4
                0x000000000800a498                . = ALIGN (0x4)
                [!provide]                        PROVIDE (__fini_array_start = .)
 *(SORT_BY_NAME(.fini_array.*))
 *(.fini_array*)
 .fini_array    0x000000000800a498        0x4 C:/ST/STM32CubeIDE_1.14.1/STM32CubeIDE/plugins/com.st.stm32cube.ide.mcu.externaltools.gnu-tools-for-stm32.11.3.rel1.win32_1.1.100.202309141235/tools/bin/../lib/gcc/arm-none-eabi/11.3.1/thumb/v7e-m+fp/hard/crtbegin.o
                [!provide]                        PROVIDE (__fini_array_end = .)
                0x000000000800a49c                . = ALIGN (0x4)
                0x000000000800a49c                _sidata = LOADADDR (.data)

.data           0x0000000020000000       0xd0 load address 0x000000000800a49c
                0x0000000020000000                . = ALIGN (0x4)
                0x0000000020000000                _sdata = .
 *(.data)
 *(.data*)
 .data.AlgoFreq
                0x0000000020000000        0x4 ./Application/User/app_mems.o
                0x0000000020000000                AlgoFreq
 .data.FunctionIndex
                0x0000000020000004       0x40 ./Application/User/custom_env_sensors.o
 .data.DataStreamingDest
                0x0000000020000044        0x1 ./Application/User/demo_serial.o
 *fill*         0x0000000020000045        0x3 
 .data.LED_PORT
                0x0000000020000048        0x4 ./Application/User/stm32f4xx_nucleo.o
 .data.COM_USART
                0x000000002000004c        0x4 ./Application/User/stm32f4xx_nucleo.o
                0x000000002000004c                COM_USART
 .data.STHS34PF80_COMMON_Driver
                0x0000000020000050       0x10 ./Drivers/BSP/Components/sths34pf80.o
                0x0000000020000050                STHS34PF80_COMMON_Driver
 .data.STHS34PF80_TEMP_Driver
                0x0000000020000060       0x14 ./Drivers/BSP/Components/sths34pf80.o
                0x0000000020000060                STHS34PF80_TEMP_Driver
 .data.SystemCoreClock
                0x0000000020000074        0x4 ./Drivers/CMSIS/system_stm32f4xx.o
                0x0000000020000074                SystemCoreClock
 .data.uwTickPrio
                0x0000000020000078        0x4 ./Drivers/STM32F4xx_HAL_Driver/stm32f4xx_hal.o
                0x0000000020000078                uwTickPrio
 .data.uwTickFreq
                0x000000002000007c        0x1 ./Drivers/STM32F4xx_HAL_Driver/stm32f4xx_hal.o
                0x000000002000007c                uwTickFreq
 *fill*         0x000000002000007d        0x3 
 .data._impure_data
                0x0000000020000080       0x4c C:/ST/STM32CubeIDE_1.14.1/STM32CubeIDE/plugins/com.st.stm32cube.ide.mcu.externaltools.gnu-tools-for-stm32.11.3.rel1.win32_1.1.100.202309141235/tools/bin/../lib/gcc/arm-none-eabi/11.3.1/../../../../arm-none-eabi/lib/thumb/v7e-m+fp/hard\libc_nano.a(libc_a-impure.o)
                0x0000000020000080                _impure_data
 .data._impure_ptr
                0x00000000200000cc        0x4 C:/ST/STM32CubeIDE_1.14.1/STM32CubeIDE/plugins/com.st.stm32cube.ide.mcu.externaltools.gnu-tools-for-stm32.11.3.rel1.win32_1.1.100.202309141235/tools/bin/../lib/gcc/arm-none-eabi/11.3.1/../../../../arm-none-eabi/lib/thumb/v7e-m+fp/hard\libc_nano.a(libc_a-impure.o)
                0x00000000200000cc                _impure_ptr
 *(.RamFunc)
 *(.RamFunc*)
                0x00000000200000d0                . = ALIGN (0x4)
                0x00000000200000d0                _edata = .

.igot.plt       0x00000000200000d0        0x0 load address 0x000000000800a56c
 .igot.plt      0x00000000200000d0        0x0 C:/ST/STM32CubeIDE_1.14.1/STM32CubeIDE/plugins/com.st.stm32cube.ide.mcu.externaltools.gnu-tools-for-stm32.11.3.rel1.win32_1.1.100.202309141235/tools/bin/../lib/gcc/arm-none-eabi/11.3.1/thumb/v7e-m+fp/hard/crtbegin.o
                0x00000000200000d0                . = ALIGN (0x4)

.bss            0x00000000200000d0      0xb84 load address 0x000000000800a56c
                0x00000000200000d0                _sbss = .
                0x00000000200000d0                __bss_start__ = _sbss
 *(.bss)
 .bss           0x00000000200000d0       0x1c C:/ST/STM32CubeIDE_1.14.1/STM32CubeIDE/plugins/com.st.stm32cube.ide.mcu.externaltools.gnu-tools-for-stm32.11.3.rel1.win32_1.1.100.202309141235/tools/bin/../lib/gcc/arm-none-eabi/11.3.1/thumb/v7e-m+fp/hard/crtbegin.o
 .bss           0x00000000200000ec        0x1 ../../../../../../../Middlewares/ST/STM32_InfraredPD_Library/Lib\InfraredPD_CM4F_wc32_ot_hard.a(infrared_pd.o)
 *(.bss*)
 .bss.DataLoggerActive
                0x00000000200000ed        0x1 ./Application/User/app_mems.o
                0x00000000200000ed                DataLoggerActive
 *fill*         0x00000000200000ee        0x2 
 .bss.SensorsEnabled
                0x00000000200000f0        0x4 ./Application/User/app_mems.o
                0x00000000200000f0                SensorsEnabled
 .bss.LibVersion
                0x00000000200000f4       0x23 ./Application/User/app_mems.o
                0x00000000200000f4                LibVersion
 *fill*         0x0000000020000117        0x1 
 .bss.LibVersionLen
                0x0000000020000118        0x4 ./Application/User/app_mems.o
                0x0000000020000118                LibVersionLen
 .bss.SensorReadRequest
                0x000000002000011c        0x1 ./Application/User/app_mems.o
                0x000000002000011c                SensorReadRequest
 .bss.UseOfflineData
                0x000000002000011d        0x1 ./Application/User/app_mems.o
                0x000000002000011d                UseOfflineData
 *fill*         0x000000002000011e        0x2 
 .bss.OfflineData
                0x0000000020000120      0x1a0 ./Application/User/app_mems.o
                0x0000000020000120                OfflineData
 .bss.OfflineDataReadIndex
                0x00000000200002c0        0x4 ./Application/User/app_mems.o
                0x00000000200002c0                OfflineDataReadIndex
 .bss.OfflineDataWriteIndex
                0x00000000200002c4        0x4 ./Application/User/app_mems.o
                0x00000000200002c4                OfflineDataWriteIndex
 .bss.OfflineDataCount
                0x00000000200002c8        0x4 ./Application/User/app_mems.o
                0x00000000200002c8                OfflineDataCount
 .bss.Odr       0x00000000200002cc        0x1 ./Application/User/app_mems.o
                0x00000000200002cc                Odr
 *fill*         0x00000000200002cd        0x1 
 .bss.AvgTmos   0x00000000200002ce        0x2 ./Application/User/app_mems.o
                0x00000000200002ce                AvgTmos
 .bss.AvgT      0x00000000200002d0        0x1 ./Application/User/app_mems.o
                0x00000000200002d0                AvgT
 .bss.GainFactor
                0x00000000200002d1        0x1 ./Application/User/app_mems.o
                0x00000000200002d1                GainFactor
 .bss.Sensitivity
                0x00000000200002d2        0x2 ./Application/User/app_mems.o
                0x00000000200002d2                Sensitivity
 .bss.DiscardSamples
                0x00000000200002d4        0x1 ./Application/User/app_mems.o
                0x00000000200002d4                DiscardSamples
 *fill*         0x00000000200002d5        0x1 
 .bss.TAmbRaw   0x00000000200002d6        0x2 ./Application/User/app_mems.o
 .bss.TObjRaw   0x00000000200002d8        0x2 ./Application/User/app_mems.o
 *fill*         0x00000000200002da        0x2 
 .bss.msg_cmd.2
                0x00000000200002dc      0x104 ./Application/User/app_mems.o
 .bss.msg_dat.1
                0x00000000200003e0      0x104 ./Application/User/app_mems.o
 .bss.data_out.0
                0x00000000200004e4        0x6 ./Application/User/app_mems.o
 *fill*         0x00000000200004ea        0x2 
 .bss.UartRxBuffer
                0x00000000200004ec      0x200 ./Application/User/com.o
                0x00000000200004ec                UartRxBuffer
 .bss.UartEngine
                0x00000000200006ec        0x8 ./Application/User/com.o
                0x00000000200006ec                UartEngine
 .bss.UartTxBuffer
                0x00000000200006f4      0x200 ./Application/User/com.o
 .bss.EnvCompObj
                0x00000000200008f4        0x4 ./Application/User/custom_env_sensors.o
                0x00000000200008f4                EnvCompObj
 .bss.EnvFuncDrv
                0x00000000200008f8       0x10 ./Application/User/custom_env_sensors.o
 .bss.EnvDrv    0x0000000020000908        0x4 ./Application/User/custom_env_sensors.o
 .bss.EnvCtx    0x000000002000090c        0x4 ./Application/User/custom_env_sensors.o
 .bss.sths34pf80_obj_0.0
                0x0000000020000910       0x38 ./Application/User/custom_env_sensors.o
 .bss.sensors_enabled_prev.0
                0x0000000020000948        0x4 ./Application/User/demo_serial.o
 .bss.IPD_Instance
                0x000000002000094c        0x4 ./Application/User/infrared_pd_manager.o
 .bss.hadc1     0x0000000020000950       0x48 ./Application/User/main.o
                0x0000000020000950                hadc1
 .bss.hcrc      0x0000000020000998        0x8 ./Application/User/main.o
                0x0000000020000998                hcrc
 .bss.hrtc      0x00000000200009a0       0x20 ./Application/User/main.o
                0x00000000200009a0                hrtc
 .bss.htim3     0x00000000200009c0       0x48 ./Application/User/main.o
                0x00000000200009c0                htim3
 .bss.hcom_uart
                0x0000000020000a08       0x44 ./Application/User/stm32f4xx_nucleo.o
                0x0000000020000a08                hcom_uart
 .bss.hdma_usart2_rx
                0x0000000020000a4c       0x60 ./Application/User/stm32f4xx_nucleo.o
                0x0000000020000a4c                hdma_usart2_rx
 .bss.hi2c1     0x0000000020000aac       0x54 ./Application/User/stm32f4xx_nucleo_bus.o
                0x0000000020000aac                hi2c1
 .bss.I2C1InitCounter
                0x0000000020000b00        0x4 ./Application/User/stm32f4xx_nucleo_bus.o
 .bss.__sbrk_heap_end
                0x0000000020000b04        0x4 ./Application/User/sysmem.o
 .bss.uwTick    0x0000000020000b08        0x4 ./Drivers/STM32F4xx_HAL_Driver/stm32f4xx_hal.o
                0x0000000020000b08                uwTick
 .bss.__malloc_free_list
                0x0000000020000b0c        0x4 C:/ST/STM32CubeIDE_1.14.1/STM32CubeIDE/plugins/com.st.stm32cube.ide.mcu.externaltools.gnu-tools-for-stm32.11.3.rel1.win32_1.1.100.202309141235/tools/bin/../lib/gcc/arm-none-eabi/11.3.1/../../../../arm-none-eabi/lib/thumb/v7e-m+fp/hard\libc_nano.a(libc_a-mallocr.o)
                0x0000000020000b0c                __malloc_free_list
 .bss.__malloc_sbrk_start
                0x0000000020000b10        0x4 C:/ST/STM32CubeIDE_1.14.1/STM32CubeIDE/plugins/com.st.stm32cube.ide.mcu.externaltools.gnu-tools-for-stm32.11.3.rel1.win32_1.1.100.202309141235/tools/bin/../lib/gcc/arm-none-eabi/11.3.1/../../../../arm-none-eabi/lib/thumb/v7e-m+fp/hard\libc_nano.a(libc_a-mallocr.o)
                0x0000000020000b10                __malloc_sbrk_start
 .bss.__sf      0x0000000020000b14      0x138 C:/ST/STM32CubeIDE_1.14.1/STM32CubeIDE/plugins/com.st.stm32cube.ide.mcu.externaltools.gnu-tools-for-stm32.11.3.rel1.win32_1.1.100.202309141235/tools/bin/../lib/gcc/arm-none-eabi/11.3.1/../../../../arm-none-eabi/lib/thumb/v7e-m+fp/hard\libc_nano.a(libc_a-findfp.o)
                0x0000000020000b14                __sf
 .bss.errno     0x0000000020000c4c        0x4 C:/ST/STM32CubeIDE_1.14.1/STM32CubeIDE/plugins/com.st.stm32cube.ide.mcu.externaltools.gnu-tools-for-stm32.11.3.rel1.win32_1.1.100.202309141235/tools/bin/../lib/gcc/arm-none-eabi/11.3.1/../../../../arm-none-eabi/lib/thumb/v7e-m+fp/hard\libc_nano.a(libc_a-reent.o)
                0x0000000020000c4c                errno
 .bss.__lock___malloc_recursive_mutex
                0x0000000020000c50        0x1 C:/ST/STM32CubeIDE_1.14.1/STM32CubeIDE/plugins/com.st.stm32cube.ide.mcu.externaltools.gnu-tools-for-stm32.11.3.rel1.win32_1.1.100.202309141235/tools/bin/../lib/gcc/arm-none-eabi/11.3.1/../../../../arm-none-eabi/lib/thumb/v7e-m+fp/hard\libc_nano.a(libc_a-lock.o)
                0x0000000020000c50                __lock___malloc_recursive_mutex
 *(COMMON)
                0x0000000020000c54                . = ALIGN (0x4)
 *fill*         0x0000000020000c51        0x3 
                0x0000000020000c54                _ebss = .
                0x0000000020000c54                __bss_end__ = _ebss

._user_heap_stack
                0x0000000020000c54     0x9004 load address 0x000000000800a56c
                0x0000000020000c58                . = ALIGN (0x8)
 *fill*         0x0000000020000c54        0x4 
                [!provide]                        PROVIDE (end = .)
                0x0000000020000c58                PROVIDE (_end = .)
                0x0000000020001c58                . = (. + _Min_Heap_Size)
 *fill*         0x0000000020000c58     0x1000 
                0x0000000020009c58                . = (. + _Min_Stack_Size)
 *fill*         0x0000000020001c58     0x8000 
                0x0000000020009c58                . = ALIGN (0x8)

/DISCARD/
 libc.a(*)
 libm.a(*)
 libgcc.a(*)

.ARM.attributes
                0x0000000000000000       0x30
 *(.ARM.attributes)
 .ARM.attributes
                0x0000000000000000       0x1e C:/ST/STM32CubeIDE_1.14.1/STM32CubeIDE/plugins/com.st.stm32cube.ide.mcu.externaltools.gnu-tools-for-stm32.11.3.rel1.win32_1.1.100.202309141235/tools/bin/../lib/gcc/arm-none-eabi/11.3.1/thumb/v7e-m+fp/hard/crti.o
 .ARM.attributes
                0x000000000000001e       0x34 C:/ST/STM32CubeIDE_1.14.1/STM32CubeIDE/plugins/com.st.stm32cube.ide.mcu.externaltools.gnu-tools-for-stm32.11.3.rel1.win32_1.1.100.202309141235/tools/bin/../lib/gcc/arm-none-eabi/11.3.1/thumb/v7e-m+fp/hard/crtbegin.o
 .ARM.attributes
                0x0000000000000052       0x21 ./Application/Startup/startup_stm32f401retx.o
 .ARM.attributes
                0x0000000000000073       0x34 ./Application/User/app_mems.o
 .ARM.attributes
                0x00000000000000a7       0x34 ./Application/User/com.o
 .ARM.attributes
                0x00000000000000db       0x34 ./Application/User/custom_env_sensors.o
 .ARM.attributes
                0x000000000000010f       0x34 ./Application/User/custom_env_sensors_ex.o
 .ARM.attributes
                0x0000000000000143       0x34 ./Application/User/custom_mems_control.o
 .ARM.attributes
                0x0000000000000177       0x34 ./Application/User/custom_mems_control_ex.o
 .ARM.attributes
                0x00000000000001ab       0x34 ./Application/User/demo_serial.o
 .ARM.attributes
                0x00000000000001df       0x34 ./Application/User/infrared_pd_manager.o
 .ARM.attributes
                0x0000000000000213       0x34 ./Application/User/main.o
 .ARM.attributes
                0x0000000000000247       0x34 ./Application/User/serial_protocol.o
 .ARM.attributes
                0x000000000000027b       0x34 ./Application/User/stm32f4xx_hal_msp.o
 .ARM.attributes
                0x00000000000002af       0x34 ./Application/User/stm32f4xx_it.o
 .ARM.attributes
                0x00000000000002e3       0x34 ./Application/User/stm32f4xx_nucleo.o
 .ARM.attributes
                0x0000000000000317       0x34 ./Application/User/stm32f4xx_nucleo_bus.o
 .ARM.attributes
                0x000000000000034b       0x34 ./Application/User/sysmem.o
 .ARM.attributes
                0x000000000000037f       0x34 ./Drivers/BSP/Components/sths34pf80.o
 .ARM.attributes
                0x00000000000003b3       0x34 ./Drivers/BSP/Components/sths34pf80_reg.o
 .ARM.attributes
                0x00000000000003e7       0x34 ./Drivers/CMSIS/system_stm32f4xx.o
 .ARM.attributes
                0x000000000000041b       0x34 ./Drivers/STM32F4xx_HAL_Driver/stm32f4xx_hal.o
 .ARM.attributes
                0x000000000000044f       0x34 ./Drivers/STM32F4xx_HAL_Driver/stm32f4xx_hal_cortex.o
 .ARM.attributes
                0x0000000000000483       0x34 ./Drivers/STM32F4xx_HAL_Driver/stm32f4xx_hal_crc.o
 .ARM.attributes
                0x00000000000004b7       0x34 ./Drivers/STM32F4xx_HAL_Driver/stm32f4xx_hal_dma.o
 .ARM.attributes
                0x00000000000004eb       0x34 ./Drivers/STM32F4xx_HAL_Driver/stm32f4xx_hal_gpio.o
 .ARM.attributes
                0x000000000000051f       0x34 ./Drivers/STM32F4xx_HAL_Driver/stm32f4xx_hal_i2c.o
 .ARM.attributes
                0x0000000000000553       0x34 ./Drivers/STM32F4xx_HAL_Driver/stm32f4xx_hal_rcc.o
 .ARM.attributes
                0x0000000000000587       0x34 ./Drivers/STM32F4xx_HAL_Driver/stm32f4xx_hal_rcc_ex.o
 .ARM.attributes