C:/Users/mattk/STM32Cube/X-CUBE-MEMS1-main/Drivers/BSP/Components/sths34pf80/sths34pf80_reg.c:54:16:sths34pf80_read_reg	40	static
C:/Users/mattk/STM32Cube/X-CUBE-MEMS1-main/Drivers/BSP/Components/sths34pf80/sths34pf80_reg.c:75:16:sths34pf80_write_reg	40	static
C:/Users/mattk/STM32Cube/X-CUBE-MEMS1-main/Drivers/BSP/Components/sths34pf80/sths34pf80_reg.c:105:9:sths34pf80_device_id_get	24	static
C:/Users/mattk/STM32Cube/X-CUBE-MEMS1-main/Drivers/BSP/Components/sths34pf80/sths34pf80_reg.c:122:9:sths34pf80_avg_tobject_num_set	24	static
C:/Users/mattk/STM32Cube/X-CUBE-MEMS1-main/Drivers/BSP/Components/sths34pf80/sths34pf80_reg.c:146:9:sths34pf80_avg_tobject_num_get	24	static
C:/Users/mattk/STM32Cube/X-CUBE-MEMS1-main/Drivers/BSP/Components/sths34pf80/sths34pf80_reg.c:202:9:sths34pf80_avg_tambient_num_set	24	static
C:/Users/mattk/STM32Cube/X-CUBE-MEMS1-main/Drivers/BSP/Components/sths34pf80/sths34pf80_reg.c:226:9:sths34pf80_avg_tambient_num_get	24	static
C:/Users/mattk/STM32Cube/X-CUBE-MEMS1-main/Drivers/BSP/Components/sths34pf80/sths34pf80_reg.c:266:9:sths34pf80_gain_mode_set	24	static
C:/Users/mattk/STM32Cube/X-CUBE-MEMS1-main/Drivers/BSP/Components/sths34pf80/sths34pf80_reg.c:290:9:sths34pf80_gain_mode_get	24	static
C:/Users/mattk/STM32Cube/X-CUBE-MEMS1-main/Drivers/BSP/Components/sths34pf80/sths34pf80_reg.c:324:9:sths34pf80_tmos_sensitivity_set	24	static
C:/Users/mattk/STM32Cube/X-CUBE-MEMS1-main/Drivers/BSP/Components/sths34pf80/sths34pf80_reg.c:346:9:sths34pf80_tmos_sensitivity_get	24	static
C:/Users/mattk/STM32Cube/X-CUBE-MEMS1-main/Drivers/BSP/Components/sths34pf80/sths34pf80_reg.c:365:9:sths34pf80_tmos_odr_set	32	static
C:/Users/mattk/STM32Cube/X-CUBE-MEMS1-main/Drivers/BSP/Components/sths34pf80/sths34pf80_reg.c:437:9:sths34pf80_tmos_odr_get	24	static
C:/Users/mattk/STM32Cube/X-CUBE-MEMS1-main/Drivers/BSP/Components/sths34pf80/sths34pf80_reg.c:497:9:sths34pf80_block_data_update_set	24	static
C:/Users/mattk/STM32Cube/X-CUBE-MEMS1-main/Drivers/BSP/Components/sths34pf80/sths34pf80_reg.c:521:9:sths34pf80_block_data_update_get	24	static
C:/Users/mattk/STM32Cube/X-CUBE-MEMS1-main/Drivers/BSP/Components/sths34pf80/sths34pf80_reg.c:542:9:sths34pf80_tmos_one_shot_set	24	static
C:/Users/mattk/STM32Cube/X-CUBE-MEMS1-main/Drivers/BSP/Components/sths34pf80/sths34pf80_reg.c:566:9:sths34pf80_tmos_one_shot_get	24	static
C:/Users/mattk/STM32Cube/X-CUBE-MEMS1-main/Drivers/BSP/Components/sths34pf80/sths34pf80_reg.c:598:9:sths34pf80_mem_bank_set	24	static
C:/Users/mattk/STM32Cube/X-CUBE-MEMS1-main/Drivers/BSP/Components/sths34pf80/sths34pf80_reg.c:622:9:sths34pf80_mem_bank_get	24	static
C:/Users/mattk/STM32Cube/X-CUBE-MEMS1-main/Drivers/BSP/Components/sths34pf80/sths34pf80_reg.c:654:9:sths34pf80_boot_set	24	static
C:/Users/mattk/STM32Cube/X-CUBE-MEMS1-main/Drivers/BSP/Components/sths34pf80/sths34pf80_reg.c:678:9:sths34pf80_boot_get	24	static
C:/Users/mattk/STM32Cube/X-CUBE-MEMS1-main/Drivers/BSP/Components/sths34pf80/sths34pf80_reg.c:697:9:sths34pf80_tmos_drdy_status_get	24	static
C:/Users/mattk/STM32Cube/X-CUBE-MEMS1-main/Drivers/BSP/Components/sths34pf80/sths34pf80_reg.c:717:9:sths34pf80_tmos_func_status_get	24	static
C:/Users/mattk/STM32Cube/X-CUBE-MEMS1-main/Drivers/BSP/Components/sths34pf80/sths34pf80_reg.c:739:9:sths34pf80_tobject_raw_get	24	static
C:/Users/mattk/STM32Cube/X-CUBE-MEMS1-main/Drivers/BSP/Components/sths34pf80/sths34pf80_reg.c:760:9:sths34pf80_tambient_raw_get	24	static
C:/Users/mattk/STM32Cube/X-CUBE-MEMS1-main/Drivers/BSP/Components/sths34pf80/sths34pf80_reg.c:783:9:sths34pf80_tobj_comp_raw_get	24	static
C:/Users/mattk/STM32Cube/X-CUBE-MEMS1-main/Drivers/BSP/Components/sths34pf80/sths34pf80_reg.c:804:9:sths34pf80_tpresence_raw_get	24	static
C:/Users/mattk/STM32Cube/X-CUBE-MEMS1-main/Drivers/BSP/Components/sths34pf80/sths34pf80_reg.c:825:9:sths34pf80_tmotion_raw_get	24	static
C:/Users/mattk/STM32Cube/X-CUBE-MEMS1-main/Drivers/BSP/Components/sths34pf80/sths34pf80_reg.c:846:9:sths34pf80_tamb_shock_raw_get	24	static
C:/Users/mattk/STM32Cube/X-CUBE-MEMS1-main/Drivers/BSP/Components/sths34pf80/sths34pf80_reg.c:878:9:sths34pf80_lpf_m_bandwidth_set	24	static
C:/Users/mattk/STM32Cube/X-CUBE-MEMS1-main/Drivers/BSP/Components/sths34pf80/sths34pf80_reg.c:902:9:sths34pf80_lpf_m_bandwidth_get	24	static
C:/Users/mattk/STM32Cube/X-CUBE-MEMS1-main/Drivers/BSP/Components/sths34pf80/sths34pf80_reg.c:954:9:sths34pf80_lpf_p_m_bandwidth_set	24	static
C:/Users/mattk/STM32Cube/X-CUBE-MEMS1-main/Drivers/BSP/Components/sths34pf80/sths34pf80_reg.c:978:9:sths34pf80_lpf_p_m_bandwidth_get	24	static
C:/Users/mattk/STM32Cube/X-CUBE-MEMS1-main/Drivers/BSP/Components/sths34pf80/sths34pf80_reg.c:1030:9:sths34pf80_lpf_a_t_bandwidth_set	24	static
C:/Users/mattk/STM32Cube/X-CUBE-MEMS1-main/Drivers/BSP/Components/sths34pf80/sths34pf80_reg.c:1054:9:sths34pf80_lpf_a_t_bandwidth_get	24	static
C:/Users/mattk/STM32Cube/X-CUBE-MEMS1-main/Drivers/BSP/Components/sths34pf80/sths34pf80_reg.c:1106:9:sths34pf80_lpf_p_bandwidth_set	24	static
C:/Users/mattk/STM32Cube/X-CUBE-MEMS1-main/Drivers/BSP/Components/sths34pf80/sths34pf80_reg.c:1130:9:sths34pf80_lpf_p_bandwidth_get	24	static
C:/Users/mattk/STM32Cube/X-CUBE-MEMS1-main/Drivers/BSP/Components/sths34pf80/sths34pf80_reg.c:1193:9:sths34pf80_tmos_route_int_set	24	static
C:/Users/mattk/STM32Cube/X-CUBE-MEMS1-main/Drivers/BSP/Components/sths34pf80/sths34pf80_reg.c:1217:9:sths34pf80_tmos_route_int_get	24	static
C:/Users/mattk/STM32Cube/X-CUBE-MEMS1-main/Drivers/BSP/Components/sths34pf80/sths34pf80_reg.c:1253:9:sths34pf80_tmos_int_or_set	24	static
C:/Users/mattk/STM32Cube/X-CUBE-MEMS1-main/Drivers/BSP/Components/sths34pf80/sths34pf80_reg.c:1281:9:sths34pf80_tmos_int_or_get	24	static
C:/Users/mattk/STM32Cube/X-CUBE-MEMS1-main/Drivers/BSP/Components/sths34pf80/sths34pf80_reg.c:1337:9:sths34pf80_int_mode_set	24	static
C:/Users/mattk/STM32Cube/X-CUBE-MEMS1-main/Drivers/BSP/Components/sths34pf80/sths34pf80_reg.c:1362:9:sths34pf80_int_mode_get	24	static
C:/Users/mattk/STM32Cube/X-CUBE-MEMS1-main/Drivers/BSP/Components/sths34pf80/sths34pf80_reg.c:1410:9:sths34pf80_drdy_mode_set	24	static
C:/Users/mattk/STM32Cube/X-CUBE-MEMS1-main/Drivers/BSP/Components/sths34pf80/sths34pf80_reg.c:1434:9:sths34pf80_drdy_mode_get	24	static
C:/Users/mattk/STM32Cube/X-CUBE-MEMS1-main/Drivers/BSP/Components/sths34pf80/sths34pf80_reg.c:1479:9:sths34pf80_func_cfg_write	40	static
C:/Users/mattk/STM32Cube/X-CUBE-MEMS1-main/Drivers/BSP/Components/sths34pf80/sths34pf80_reg.c:1533:9:sths34pf80_func_cfg_read	40	static
C:/Users/mattk/STM32Cube/X-CUBE-MEMS1-main/Drivers/BSP/Components/sths34pf80/sths34pf80_reg.c:1587:9:sths34pf80_presence_threshold_set	32	static
C:/Users/mattk/STM32Cube/X-CUBE-MEMS1-main/Drivers/BSP/Components/sths34pf80/sths34pf80_reg.c:1627:9:sths34pf80_presence_threshold_get	24	static
C:/Users/mattk/STM32Cube/X-CUBE-MEMS1-main/Drivers/BSP/Components/sths34pf80/sths34pf80_reg.c:1648:9:sths34pf80_motion_threshold_set	32	static
C:/Users/mattk/STM32Cube/X-CUBE-MEMS1-main/Drivers/BSP/Components/sths34pf80/sths34pf80_reg.c:1688:9:sths34pf80_motion_threshold_get	24	static
C:/Users/mattk/STM32Cube/X-CUBE-MEMS1-main/Drivers/BSP/Components/sths34pf80/sths34pf80_reg.c:1709:9:sths34pf80_tambient_shock_threshold_set	32	static
C:/Users/mattk/STM32Cube/X-CUBE-MEMS1-main/Drivers/BSP/Components/sths34pf80/sths34pf80_reg.c:1749:9:sths34pf80_tambient_shock_threshold_get	24	static
C:/Users/mattk/STM32Cube/X-CUBE-MEMS1-main/Drivers/BSP/Components/sths34pf80/sths34pf80_reg.c:1770:9:sths34pf80_motion_hysteresis_set	24	static
C:/Users/mattk/STM32Cube/X-CUBE-MEMS1-main/Drivers/BSP/Components/sths34pf80/sths34pf80_reg.c:1801:9:sths34pf80_motion_hysteresis_get	24	static
C:/Users/mattk/STM32Cube/X-CUBE-MEMS1-main/Drivers/BSP/Components/sths34pf80/sths34pf80_reg.c:1818:9:sths34pf80_presence_hysteresis_set	24	static
C:/Users/mattk/STM32Cube/X-CUBE-MEMS1-main/Drivers/BSP/Components/sths34pf80/sths34pf80_reg.c:1849:9:sths34pf80_presence_hysteresis_get	24	static
C:/Users/mattk/STM32Cube/X-CUBE-MEMS1-main/Drivers/BSP/Components/sths34pf80/sths34pf80_reg.c:1866:9:sths34pf80_tambient_shock_hysteresis_set	24	static
C:/Users/mattk/STM32Cube/X-CUBE-MEMS1-main/Drivers/BSP/Components/sths34pf80/sths34pf80_reg.c:1897:9:sths34pf80_tambient_shock_hysteresis_get	24	static
C:/Users/mattk/STM32Cube/X-CUBE-MEMS1-main/Drivers/BSP/Components/sths34pf80/sths34pf80_reg.c:1921:16:sths34pf80_algo_config_set	24	static
C:/Users/mattk/STM32Cube/X-CUBE-MEMS1-main/Drivers/BSP/Components/sths34pf80/sths34pf80_reg.c:1940:16:sths34pf80_algo_config_get	24	static
C:/Users/mattk/STM32Cube/X-CUBE-MEMS1-main/Drivers/BSP/Components/sths34pf80/sths34pf80_reg.c:1961:9:sths34pf80_tobject_algo_compensation_set	32	static
C:/Users/mattk/STM32Cube/X-CUBE-MEMS1-main/Drivers/BSP/Components/sths34pf80/sths34pf80_reg.c:1994:9:sths34pf80_tobject_algo_compensation_get	24	static
C:/Users/mattk/STM32Cube/X-CUBE-MEMS1-main/Drivers/BSP/Components/sths34pf80/sths34pf80_reg.c:2013:9:sths34pf80_presence_abs_value_set	32	static
C:/Users/mattk/STM32Cube/X-CUBE-MEMS1-main/Drivers/BSP/Components/sths34pf80/sths34pf80_reg.c:2046:9:sths34pf80_presence_abs_value_get	24	static
C:/Users/mattk/STM32Cube/X-CUBE-MEMS1-main/Drivers/BSP/Components/sths34pf80/sths34pf80_reg.c:2065:9:sths34pf80_int_or_pulsed_set	24	static
C:/Users/mattk/STM32Cube/X-CUBE-MEMS1-main/Drivers/BSP/Components/sths34pf80/sths34pf80_reg.c:2085:9:sths34pf80_int_or_pulsed_get	24	static
C:/Users/mattk/STM32Cube/X-CUBE-MEMS1-main/Drivers/BSP/Components/sths34pf80/sths34pf80_reg.c:2104:9:sths34pf80_reset_algo	24	static
