C:/Users/mattk/STM32Cube/X-CUBE-MEMS1-main/Projects/NUCLEO-F401RE/Applications/CUSTOM/PresenceDetection_STHS34PF80/Src/app_mems.c:80:6:MX_MEMS_Init	8	static
C:/Users/mattk/STM32Cube/X-CUBE-MEMS1-main/Projects/NUCLEO-F401RE/Applications/CUSTOM/PresenceDetection_STHS34PF80/Src/app_mems.c:102:6:MX_MEMS_Process	8	static
C:/Users/mattk/STM32Cube/X-CUBE-MEMS1-main/Projects/NUCLEO-F401RE/Applications/CUSTOM/PresenceDetection_STHS34PF80/Src/app_mems.c:131:6:HAL_TIM_PeriodElapsedCallback	16	static
C:/Users/mattk/STM32Cube/X-CUBE-MEMS1-main/Projects/NUCLEO-F401RE/Applications/CUSTOM/PresenceDetection_STHS34PF80/Src/app_mems.c:144:13:MX_PresenceDetection_Init	8	static
C:/Users/mattk/STM32Cube/X-CUBE-MEMS1-main/Projects/NUCLEO-F401RE/Applications/CUSTOM/PresenceDetection_STHS34PF80/Src/app_mems.c:188:13:MX_PresenceDetection_Process	8	static
C:/Users/mattk/STM32Cube/X-CUBE-MEMS1-main/Projects/NUCLEO-F401RE/Applications/CUSTOM/PresenceDetection_STHS34PF80/Src/app_mems.c:255:13:Init_Sensors	8	static
C:/Users/mattk/STM32Cube/X-CUBE-MEMS1-main/Projects/NUCLEO-F401RE/Applications/CUSTOM/PresenceDetection_STHS34PF80/Src/app_mems.c:273:13:RTC_Handler	56	static
C:/Users/mattk/STM32Cube/X-CUBE-MEMS1-main/Projects/NUCLEO-F401RE/Applications/CUSTOM/PresenceDetection_STHS34PF80/Src/app_mems.c:314:13:PD_Data_Handler	24	static
C:/Users/mattk/STM32Cube/X-CUBE-MEMS1-main/Projects/NUCLEO-F401RE/Applications/CUSTOM/PresenceDetection_STHS34PF80/Src/app_mems.c:347:13:Infrared_Sensor_Handler	16	static
C:/Users/mattk/STM32Cube/X-CUBE-MEMS1-main/Projects/NUCLEO-F401RE/Applications/CUSTOM/PresenceDetection_STHS34PF80/Src/app_mems.c:364:13:TIM_Config	32	static
C:/Users/mattk/STM32Cube/X-CUBE-MEMS1-main/Projects/NUCLEO-F401RE/Applications/CUSTOM/PresenceDetection_STHS34PF80/Src/app_mems.c:386:13:DWT_Init	4	static
C:/Users/mattk/STM32Cube/X-CUBE-MEMS1-main/Projects/NUCLEO-F401RE/Applications/CUSTOM/PresenceDetection_STHS34PF80/Src/app_mems.c:397:13:DWT_Start	4	static
C:/Users/mattk/STM32Cube/X-CUBE-MEMS1-main/Projects/NUCLEO-F401RE/Applications/CUSTOM/PresenceDetection_STHS34PF80/Src/app_mems.c:408:17:DWT_Stop	16	static
