C:/Users/mattk/STM32Cube/X-CUBE-MEMS1-main/Projects/NUCLEO-F401RE/Applications/CUSTOM/PresenceDetection_STHS34PF80/Src/com.c:48:5:UART_ReceivedMSG	48	static
C:/Users/mattk/STM32Cube/X-CUBE-MEMS1-main/Projects/NUCLEO-F401RE/Applications/CUSTOM/PresenceDetection_STHS34PF80/Src/com.c:138:6:UART_SendMsg	24	static
C:/Users/mattk/STM32Cube/X-CUBE-MEMS1-main/Projects/NUCLEO-F401RE/Applications/CUSTOM/PresenceDetection_STHS34PF80/Src/com.c:156:6:UART_StartReceiveMsg	8	static
C:/Users/mattk/STM32Cube/X-CUBE-MEMS1-main/Projects/NUCLEO-F401RE/Applications/CUSTOM/PresenceDetection_STHS34PF80/Src/com.c:175:17:Get_DMA_Flag_Status	16	static
C:/Users/mattk/STM32Cube/X-CUBE-MEMS1-main/Projects/NUCLEO-F401RE/Applications/CUSTOM/PresenceDetection_STHS34PF80/Src/com.c:185:17:Get_DMA_Counter	16	static
