C:/Users/mattk/STM32Cube/X-CUBE-MEMS1-main/Projects/NUCLEO-F401RE/Applications/CUSTOM/PresenceDetection_STHS34PF80/Src/demo_serial.c:64:6:BUILD_REPLY_HEADER	16	static
C:/Users/mattk/STM32Cube/X-CUBE-MEMS1-main/Projects/NUCLEO-F401RE/Applications/CUSTOM/PresenceDetection_STHS34PF80/Src/demo_serial.c:76:6:INIT_STREAMING_HEADER	16	static
C:/Users/mattk/STM32Cube/X-CUBE-MEMS1-main/Projects/NUCLEO-F401RE/Applications/CUSTOM/PresenceDetection_STHS34PF80/Src/demo_serial.c:89:6:INIT_STREAMING_MSG	24	static
C:/Users/mattk/STM32Cube/X-CUBE-MEMS1-main/Projects/NUCLEO-F401RE/Applications/CUSTOM/PresenceDetection_STHS34PF80/Src/demo_serial.c:109:5:HandleMSG	104	static
C:/Users/mattk/STM32Cube/X-CUBE-MEMS1-main/Projects/NUCLEO-F401RE/Applications/CUSTOM/PresenceDetection_STHS34PF80/Src/demo_serial.c:417:6:RTC_DateRegulate	32	static
C:/Users/mattk/STM32Cube/X-CUBE-MEMS1-main/Projects/NUCLEO-F401RE/Applications/CUSTOM/PresenceDetection_STHS34PF80/Src/demo_serial.c:440:6:RTC_TimeRegulate	40	static
C:/Users/mattk/STM32Cube/X-CUBE-MEMS1-main/Projects/NUCLEO-F401RE/Applications/CUSTOM/PresenceDetection_STHS34PF80/Src/demo_serial.c:465:6:Get_PresentationString	144	static
