C:/Users/mattk/STM32Cube/X-CUBE-MEMS1-main/Projects/NUCLEO-F401RE/Applications/CUSTOM/PresenceDetection_STHS34PF80/Src/main.c:80:5:main	8	static
C:/Users/mattk/STM32Cube/X-CUBE-MEMS1-main/Projects/NUCLEO-F401RE/Applications/CUSTOM/PresenceDetection_STHS34PF80/Src/main.c:137:6:SystemClock_Config	88	static
C:/Users/mattk/STM32Cube/X-CUBE-MEMS1-main/Projects/NUCLEO-F401RE/Applications/CUSTOM/PresenceDetection_STHS34PF80/Src/main.c:185:13:MX_ADC1_Init	24	static
C:/Users/mattk/STM32Cube/X-CUBE-MEMS1-main/Projects/NUCLEO-F401RE/Applications/CUSTOM/PresenceDetection_STHS34PF80/Src/main.c:237:13:MX_CRC_Init	8	static
C:/Users/mattk/STM32Cube/X-CUBE-MEMS1-main/Projects/NUCLEO-F401RE/Applications/CUSTOM/PresenceDetection_STHS34PF80/Src/main.c:263:13:MX_RTC_Init	32	static
C:/Users/mattk/STM32Cube/X-CUBE-MEMS1-main/Projects/NUCLEO-F401RE/Applications/CUSTOM/PresenceDetection_STHS34PF80/Src/main.c:326:6:MX_TIM3_Init	32	static
C:/Users/mattk/STM32Cube/X-CUBE-MEMS1-main/Projects/NUCLEO-F401RE/Applications/CUSTOM/PresenceDetection_STHS34PF80/Src/main.c:369:13:MX_DMA_Init	16	static
C:/Users/mattk/STM32Cube/X-CUBE-MEMS1-main/Projects/NUCLEO-F401RE/Applications/CUSTOM/PresenceDetection_STHS34PF80/Src/main.c:387:13:MX_GPIO_Init	48	static
C:/Users/mattk/STM32Cube/X-CUBE-MEMS1-main/Projects/NUCLEO-F401RE/Applications/CUSTOM/PresenceDetection_STHS34PF80/Src/main.c:426:10:getPotValue	16	static
C:/Users/mattk/STM32Cube/X-CUBE-MEMS1-main/Projects/NUCLEO-F401RE/Applications/CUSTOM/PresenceDetection_STHS34PF80/Src/main.c:434:6:servoControl	4	static
C:/Users/mattk/STM32Cube/X-CUBE-MEMS1-main/Projects/NUCLEO-F401RE/Applications/CUSTOM/PresenceDetection_STHS34PF80/Src/main.c:438:6:mapFunction	4	static
C:/Users/mattk/STM32Cube/X-CUBE-MEMS1-main/Projects/NUCLEO-F401RE/Applications/CUSTOM/PresenceDetection_STHS34PF80/Src/main.c:442:6:lcdControl	4	static
C:/Users/mattk/STM32Cube/X-CUBE-MEMS1-main/Projects/NUCLEO-F401RE/Applications/CUSTOM/PresenceDetection_STHS34PF80/Src/main.c:452:6:Error_Handler	4	static,ignoring_inline_asm
