C:/Users/mattk/Downloads/X-CUBE-MEMS1-main/X-CUBE-MEMS1-main/Projects/NUCLEO-F401RE/Applications/CUSTOM/PresenceDetection_STHS34PF80/Src/app_mems.c:81:6:MX_MEMS_Init	8	static
C:/Users/mattk/Downloads/X-CUBE-MEMS1-main/X-CUBE-MEMS1-main/Projects/NUCLEO-F401RE/Applications/CUSTOM/PresenceDetection_STHS34PF80/Src/app_mems.c:103:6:MX_MEMS_Process	8	static
C:/Users/mattk/Downloads/X-CUBE-MEMS1-main/X-CUBE-MEMS1-main/Projects/NUCLEO-F401RE/Applications/CUSTOM/PresenceDetection_STHS34PF80/Src/app_mems.c:128:6:HAL_TIM_PeriodElapsedCallback	16	static
C:/Users/mattk/Downloads/X-CUBE-MEMS1-main/X-CUBE-MEMS1-main/Projects/NUCLEO-F401RE/Applications/CUSTOM/PresenceDetection_STHS34PF80/Src/app_mems.c:141:13:MX_PresenceDetection_Init	8	static
C:/Users/mattk/Downloads/X-CUBE-MEMS1-main/X-CUBE-MEMS1-main/Projects/NUCLEO-F401RE/Applications/CUSTOM/PresenceDetection_STHS34PF80/Src/app_mems.c:185:13:MX_PresenceDetection_Process	8	static
C:/Users/mattk/Downloads/X-CUBE-MEMS1-main/X-CUBE-MEMS1-main/Projects/NUCLEO-F401RE/Applications/CUSTOM/PresenceDetection_STHS34PF80/Src/app_mems.c:252:13:Init_Sensors	8	static
C:/Users/mattk/Downloads/X-CUBE-MEMS1-main/X-CUBE-MEMS1-main/Projects/NUCLEO-F401RE/Applications/CUSTOM/PresenceDetection_STHS34PF80/Src/app_mems.c:270:13:RTC_Handler	56	static
C:/Users/mattk/Downloads/X-CUBE-MEMS1-main/X-CUBE-MEMS1-main/Projects/NUCLEO-F401RE/Applications/CUSTOM/PresenceDetection_STHS34PF80/Src/app_mems.c:311:13:PD_Data_Handler	24	static
C:/Users/mattk/Downloads/X-CUBE-MEMS1-main/X-CUBE-MEMS1-main/Projects/NUCLEO-F401RE/Applications/CUSTOM/PresenceDetection_STHS34PF80/Src/app_mems.c:344:13:Infrared_Sensor_Handler	16	static
C:/Users/mattk/Downloads/X-CUBE-MEMS1-main/X-CUBE-MEMS1-main/Projects/NUCLEO-F401RE/Applications/CUSTOM/PresenceDetection_STHS34PF80/Src/app_mems.c:361:13:TIM_Config	32	static
C:/Users/mattk/Downloads/X-CUBE-MEMS1-main/X-CUBE-MEMS1-main/Projects/NUCLEO-F401RE/Applications/CUSTOM/PresenceDetection_STHS34PF80/Src/app_mems.c:383:13:DWT_Init	4	static
C:/Users/mattk/Downloads/X-CUBE-MEMS1-main/X-CUBE-MEMS1-main/Projects/NUCLEO-F401RE/Applications/CUSTOM/PresenceDetection_STHS34PF80/Src/app_mems.c:394:13:DWT_Start	4	static
C:/Users/mattk/Downloads/X-CUBE-MEMS1-main/X-CUBE-MEMS1-main/Projects/NUCLEO-F401RE/Applications/CUSTOM/PresenceDetection_STHS34PF80/Src/app_mems.c:405:17:DWT_Stop	16	static
