C:/Users/mattk/Downloads/X-CUBE-MEMS1-main/X-CUBE-MEMS1-main/Projects/NUCLEO-F401RE/Applications/CUSTOM/PresenceDetection_STHS34PF80/Src/main.c:86:5:main	16	static
C:/Users/mattk/Downloads/X-CUBE-MEMS1-main/X-CUBE-MEMS1-main/Projects/NUCLEO-F401RE/Applications/CUSTOM/PresenceDetection_STHS34PF80/Src/main.c:167:6:SystemClock_Config	88	static
C:/Users/mattk/Downloads/X-CUBE-MEMS1-main/X-CUBE-MEMS1-main/Projects/NUCLEO-F401RE/Applications/CUSTOM/PresenceDetection_STHS34PF80/Src/main.c:215:13:MX_ADC1_Init	24	static
C:/Users/mattk/Downloads/X-CUBE-MEMS1-main/X-CUBE-MEMS1-main/Projects/NUCLEO-F401RE/Applications/CUSTOM/PresenceDetection_STHS34PF80/Src/main.c:267:13:MX_CRC_Init	8	static
C:/Users/mattk/Downloads/X-CUBE-MEMS1-main/X-CUBE-MEMS1-main/Projects/NUCLEO-F401RE/Applications/CUSTOM/PresenceDetection_STHS34PF80/Src/main.c:293:13:MX_RTC_Init	32	static
C:/Users/mattk/Downloads/X-CUBE-MEMS1-main/X-CUBE-MEMS1-main/Projects/NUCLEO-F401RE/Applications/CUSTOM/PresenceDetection_STHS34PF80/Src/main.c:356:13:MX_TIM2_Init	64	static
C:/Users/mattk/Downloads/X-CUBE-MEMS1-main/X-CUBE-MEMS1-main/Projects/NUCLEO-F401RE/Applications/CUSTOM/PresenceDetection_STHS34PF80/Src/main.c:415:6:MX_TIM3_Init	64	static
C:/Users/mattk/Downloads/X-CUBE-MEMS1-main/X-CUBE-MEMS1-main/Projects/NUCLEO-F401RE/Applications/CUSTOM/PresenceDetection_STHS34PF80/Src/main.c:472:13:MX_DMA_Init	16	static
C:/Users/mattk/Downloads/X-CUBE-MEMS1-main/X-CUBE-MEMS1-main/Projects/NUCLEO-F401RE/Applications/CUSTOM/PresenceDetection_STHS34PF80/Src/main.c:490:13:MX_GPIO_Init	48	static
C:/Users/mattk/Downloads/X-CUBE-MEMS1-main/X-CUBE-MEMS1-main/Projects/NUCLEO-F401RE/Applications/CUSTOM/PresenceDetection_STHS34PF80/Src/main.c:553:6:pulseYellowLED	4	static
C:/Users/mattk/Downloads/X-CUBE-MEMS1-main/X-CUBE-MEMS1-main/Projects/NUCLEO-F401RE/Applications/CUSTOM/PresenceDetection_STHS34PF80/Src/main.c:571:6:blinkRed	8	static
C:/Users/mattk/Downloads/X-CUBE-MEMS1-main/X-CUBE-MEMS1-main/Projects/NUCLEO-F401RE/Applications/CUSTOM/PresenceDetection_STHS34PF80/Src/main.c:579:5:getAdcFromPot	16	static
C:/Users/mattk/Downloads/X-CUBE-MEMS1-main/X-CUBE-MEMS1-main/Projects/NUCLEO-F401RE/Applications/CUSTOM/PresenceDetection_STHS34PF80/Src/main.c:587:6:getPotValue	8	static
C:/Users/mattk/Downloads/X-CUBE-MEMS1-main/X-CUBE-MEMS1-main/Projects/NUCLEO-F401RE/Applications/CUSTOM/PresenceDetection_STHS34PF80/Src/main.c:599:6:myMap	24	static
C:/Users/mattk/Downloads/X-CUBE-MEMS1-main/X-CUBE-MEMS1-main/Projects/NUCLEO-F401RE/Applications/CUSTOM/PresenceDetection_STHS34PF80/Src/main.c:609:6:Error_Handler	4	static,ignoring_inline_asm
