C:/Users/mattk/Downloads/X-CUBE-MEMS1-main/X-CUBE-MEMS1-main/Projects/NUCLEO-F401RE/Applications/CUSTOM/PresenceDetection_STHS34PF80/Src/stm32f4xx_hal_msp.c:66:6:HAL_MspInit	16	static
C:/Users/mattk/Downloads/X-CUBE-MEMS1-main/X-CUBE-MEMS1-main/Projects/NUCLEO-F401RE/Applications/CUSTOM/PresenceDetection_STHS34PF80/Src/stm32f4xx_hal_msp.c:90:6:HAL_ADC_MspInit	48	static
C:/Users/mattk/Downloads/X-CUBE-MEMS1-main/X-CUBE-MEMS1-main/Projects/NUCLEO-F401RE/Applications/CUSTOM/PresenceDetection_STHS34PF80/Src/stm32f4xx_hal_msp.c:123:6:HAL_ADC_MspDeInit	16	static
C:/Users/mattk/Downloads/X-CUBE-MEMS1-main/X-CUBE-MEMS1-main/Projects/NUCLEO-F401RE/Applications/CUSTOM/PresenceDetection_STHS34PF80/Src/stm32f4xx_hal_msp.c:151:6:HAL_CRC_MspInit	24	static
C:/Users/mattk/Downloads/X-CUBE-MEMS1-main/X-CUBE-MEMS1-main/Projects/NUCLEO-F401RE/Applications/CUSTOM/PresenceDetection_STHS34PF80/Src/stm32f4xx_hal_msp.c:173:6:HAL_CRC_MspDeInit	16	static
C:/Users/mattk/Downloads/X-CUBE-MEMS1-main/X-CUBE-MEMS1-main/Projects/NUCLEO-F401RE/Applications/CUSTOM/PresenceDetection_STHS34PF80/Src/stm32f4xx_hal_msp.c:195:6:HAL_RTC_MspInit	40	static
C:/Users/mattk/Downloads/X-CUBE-MEMS1-main/X-CUBE-MEMS1-main/Projects/NUCLEO-F401RE/Applications/CUSTOM/PresenceDetection_STHS34PF80/Src/stm32f4xx_hal_msp.c:228:6:HAL_RTC_MspDeInit	16	static
C:/Users/mattk/Downloads/X-CUBE-MEMS1-main/X-CUBE-MEMS1-main/Projects/NUCLEO-F401RE/Applications/CUSTOM/PresenceDetection_STHS34PF80/Src/stm32f4xx_hal_msp.c:250:6:HAL_TIM_Base_MspInit	24	static
C:/Users/mattk/Downloads/X-CUBE-MEMS1-main/X-CUBE-MEMS1-main/Projects/NUCLEO-F401RE/Applications/CUSTOM/PresenceDetection_STHS34PF80/Src/stm32f4xx_hal_msp.c:283:6:HAL_TIM_MspPostInit	48	static
C:/Users/mattk/Downloads/X-CUBE-MEMS1-main/X-CUBE-MEMS1-main/Projects/NUCLEO-F401RE/Applications/CUSTOM/PresenceDetection_STHS34PF80/Src/stm32f4xx_hal_msp.c:335:6:HAL_TIM_Base_MspDeInit	16	static
