Archive member included to satisfy reference by file (symbol)

../../../../../../../Middlewares/ST/STM32_InfraredPD_Library/Lib\InfraredPD_CM4F_wc32_ot_hard.a(infrared_pd.o)
                              ./Application/User/infrared_pd_manager.o (InfraredPD_Initialize)
C:/ST/STM32CubeIDE_1.14.1/STM32CubeIDE/plugins/com.st.stm32cube.ide.mcu.externaltools.gnu-tools-for-stm32.11.3.rel1.win32_1.1.100.202309141235/tools/bin/../lib/gcc/arm-none-eabi/11.3.1/../../../../arm-none-eabi/lib/thumb/v7e-m+fp/hard\libc_nano.a(libc_a-exit.o)
                              C:/ST/STM32CubeIDE_1.14.1/STM32CubeIDE/plugins/com.st.stm32cube.ide.mcu.externaltools.gnu-tools-for-stm32.11.3.rel1.win32_1.1.100.202309141235/tools/bin/../lib/gcc/arm-none-eabi/11.3.1/../../../../arm-none-eabi/lib/thumb/v7e-m+fp/hard/crt0.o (exit)
C:/ST/STM32CubeIDE_1.14.1/STM32CubeIDE/plugins/com.st.stm32cube.ide.mcu.externaltools.gnu-tools-for-stm32.11.3.rel1.win32_1.1.100.202309141235/tools/bin/../lib/gcc/arm-none-eabi/11.3.1/../../../../arm-none-eabi/lib/thumb/v7e-m+fp/hard\libc_nano.a(libc_a-malloc.o)
                              ../../../../../../../Middlewares/ST/STM32_InfraredPD_Library/Lib\InfraredPD_CM4F_wc32_ot_hard.a(infrared_pd.o) (malloc)
C:/ST/STM32CubeIDE_1.14.1/STM32CubeIDE/plugins/com.st.stm32cube.ide.mcu.externaltools.gnu-tools-for-stm32.11.3.rel1.win32_1.1.100.202309141235/tools/bin/../lib/gcc/arm-none-eabi/11.3.1/../../../../arm-none-eabi/lib/thumb/v7e-m+fp/hard\libc_nano.a(libc_a-mallocr.o)
                              C:/ST/STM32CubeIDE_1.14.1/STM32CubeIDE/plugins/com.st.stm32cube.ide.mcu.externaltools.gnu-tools-for-stm32.11.3.rel1.win32_1.1.100.202309141235/tools/bin/../lib/gcc/arm-none-eabi/11.3.1/../../../../arm-none-eabi/lib/thumb/v7e-m+fp/hard\libc_nano.a(libc_a-malloc.o) (_malloc_r)
C:/ST/STM32CubeIDE_1.14.1/STM32CubeIDE/plugins/com.st.stm32cube.ide.mcu.externaltools.gnu-tools-for-stm32.11.3.rel1.win32_1.1.100.202309141235/tools/bin/../lib/gcc/arm-none-eabi/11.3.1/../../../../arm-none-eabi/lib/thumb/v7e-m+fp/hard\libc_nano.a(libc_a-mlock.o)
                              C:/ST/STM32CubeIDE_1.14.1/STM32CubeIDE/plugins/com.st.stm32cube.ide.mcu.externaltools.gnu-tools-for-stm32.11.3.rel1.win32_1.1.100.202309141235/tools/bin/../lib/gcc/arm-none-eabi/11.3.1/../../../../arm-none-eabi/lib/thumb/v7e-m+fp/hard\libc_nano.a(libc_a-mallocr.o) (__malloc_lock)
C:/ST/STM32CubeIDE_1.14.1/STM32CubeIDE/plugins/com.st.stm32cube.ide.mcu.externaltools.gnu-tools-for-stm32.11.3.rel1.win32_1.1.100.202309141235/tools/bin/../lib/gcc/arm-none-eabi/11.3.1/../../../../arm-none-eabi/lib/thumb/v7e-m+fp/hard\libc_nano.a(libc_a-findfp.o)
                              C:/ST/STM32CubeIDE_1.14.1/STM32CubeIDE/plugins/com.st.stm32cube.ide.mcu.externaltools.gnu-tools-for-stm32.11.3.rel1.win32_1.1.100.202309141235/tools/bin/../lib/gcc/arm-none-eabi/11.3.1/../../../../arm-none-eabi/lib/thumb/v7e-m+fp/hard\libc_nano.a(libc_a-exit.o) (__stdio_exit_handler)
C:/ST/STM32CubeIDE_1.14.1/STM32CubeIDE/plugins/com.st.stm32cube.ide.mcu.externaltools.gnu-tools-for-stm32.11.3.rel1.win32_1.1.100.202309141235/tools/bin/../lib/gcc/arm-none-eabi/11.3.1/../../../../arm-none-eabi/lib/thumb/v7e-m+fp/hard\libc_nano.a(libc_a-fwalk.o)
                              C:/ST/STM32CubeIDE_1.14.1/STM32CubeIDE/plugins/com.st.stm32cube.ide.mcu.externaltools.gnu-tools-for-stm32.11.3.rel1.win32_1.1.100.202309141235/tools/bin/../lib/gcc/arm-none-eabi/11.3.1/../../../../arm-none-eabi/lib/thumb/v7e-m+fp/hard\libc_nano.a(libc_a-findfp.o) (_fwalk_sglue)
C:/ST/STM32CubeIDE_1.14.1/STM32CubeIDE/plugins/com.st.stm32cube.ide.mcu.externaltools.gnu-tools-for-stm32.11.3.rel1.win32_1.1.100.202309141235/tools/bin/../lib/gcc/arm-none-eabi/11.3.1/../../../../arm-none-eabi/lib/thumb/v7e-m+fp/hard\libc_nano.a(libc_a-snprintf.o)
                              ./Application/User/demo_serial.o (snprintf)
C:/ST/STM32CubeIDE_1.14.1/STM32CubeIDE/plugins/com.st.stm32cube.ide.mcu.externaltools.gnu-tools-for-stm32.11.3.rel1.win32_1.1.100.202309141235/tools/bin/../lib/gcc/arm-none-eabi/11.3.1/../../../../arm-none-eabi/lib/thumb/v7e-m+fp/hard\libc_nano.a(libc_a-stdio.o)
                              C:/ST/STM32CubeIDE_1.14.1/STM32CubeIDE/plugins/com.st.stm32cube.ide.mcu.externaltools.gnu-tools-for-stm32.11.3.rel1.win32_1.1.100.202309141235/tools/bin/../lib/gcc/arm-none-eabi/11.3.1/../../../../arm-none-eabi/lib/thumb/v7e-m+fp/hard\libc_nano.a(libc_a-findfp.o) (__sread)
C:/ST/STM32CubeIDE_1.14.1/STM32CubeIDE/plugins/com.st.stm32cube.ide.mcu.externaltools.gnu-tools-for-stm32.11.3.rel1.win32_1.1.100.202309141235/tools/bin/../lib/gcc/arm-none-eabi/11.3.1/../../../../arm-none-eabi/lib/thumb/v7e-m+fp/hard\libc_nano.a(libc_a-memset.o)
                              C:/ST/STM32CubeIDE_1.14.1/STM32CubeIDE/plugins/com.st.stm32cube.ide.mcu.externaltools.gnu-tools-for-stm32.11.3.rel1.win32_1.1.100.202309141235/tools/bin/../lib/gcc/arm-none-eabi/11.3.1/../../../../arm-none-eabi/lib/thumb/v7e-m+fp/hard/crt0.o (memset)
[...]
Memory Configuration

Name             Origin             Length             Attributes
RAM              0x0000000020000000 0x0000000000018000 xrw
FLASH            0x0000000008000000 0x0000000000080000 xr
*default*        0x0000000000000000 0xffffffffffffffff

Linker script and memory map

LOAD C:/ST/STM32CubeIDE_1.14.1/STM32CubeIDE/plugins/com.st.stm32cube.ide.mcu.externaltools.gnu-tools-for-stm32.11.3.rel1.win32_1.1.100.202309141235/tools/bin/../lib/gcc/arm-none-eabi/11.3.1/thumb/v7e-m+fp/hard/crti.o
LOAD C:/ST/STM32CubeIDE_1.14.1/STM32CubeIDE/plugins/com.st.stm32cube.ide.mcu.externaltools.gnu-tools-for-stm32.11.3.rel1.win32_1.1.100.202309141235/tools/bin/../lib/gcc/arm-none-eabi/11.3.1/thumb/v7e-m+fp/hard/crtbegin.o
LOAD C:/ST/STM32CubeIDE_1.14.1/STM32CubeIDE/plugins/com.st.stm32cube.ide.mcu.externaltools.gnu-tools-for-stm32.11.3.rel1.win32_1.1.100.202309141235/tools/bin/../lib/gcc/arm-none-eabi/11.3.1/../../../../arm-none-eabi/lib/thumb/v7e-m+fp/hard/crt0.o
LOAD ./Application/Startup/startup_stm32f401retx.o
LOAD ./Application/User/app_mems.o
LOAD ./Application/User/com.o
LOAD ./Application/User/custom_env_sensors.o
LOAD ./Application/User/custom_env_sensors_ex.o
LOAD ./Application/User/custom_mems_control.o
LOAD ./Application/User/custom_mems_control_ex.o
LOAD ./Application/User/demo_serial.o
LOAD ./Application/User/infrared_pd_manager.o
LOAD ./Application/User/main.o
LOAD ./Application/User/serial_protocol.o
LOAD ./Application/User/stm32f4xx_hal_msp.o
LOAD ./Application/User/stm32f4xx_it.o
LOAD ./Application/User/stm32f4xx_nucleo.o
LOAD ./Application/User/stm32f4xx_nucleo_bus.o
LOAD ./Application/User/syscalls.o
LOAD ./Application/User/sysmem.o
LOAD ./Drivers/BSP/Components/sths34pf80.o
LOAD ./Drivers/BSP/Components/sths34pf80_reg.o
LOAD ./Drivers/CMSIS/system_stm32f4xx.o
LOAD ./Drivers/STM32F4xx_HAL_Driver/stm32f4xx_hal.o
LOAD ./Drivers/STM32F4xx_HAL_Driver/stm32f4xx_hal_cortex.o
LOAD ./Drivers/STM32F4xx_HAL_Driver/stm32f4xx_hal_crc.o
LOAD ./Drivers/STM32F4xx_HAL_Driver/stm32f4xx_hal_dma.o
LOAD ./Drivers/STM32F4xx_HAL_Driver/stm32f4xx_hal_dma_ex.o
LOAD ./Drivers/STM32F4xx_HAL_Driver/stm32f4xx_hal_exti.o
LOAD ./Drivers/STM32F4xx_HAL_Driver/stm32f4xx_hal_flash.o
LOAD ./Drivers/STM32F4xx_HAL_Driver/stm32f4xx_hal_flash_ex.o
LOAD ./Drivers/STM32F4xx_HAL_Driver/stm32f4xx_hal_flash_ramfunc.o
LOAD ./Drivers/STM32F4xx_HAL_Driver/stm32f4xx_hal_gpio.o
LOAD ./Drivers/STM32F4xx_HAL_Driver/stm32f4xx_hal_i2c.o
LOAD ./Drivers/STM32F4xx_HAL_Driver/stm32f4xx_hal_i2c_ex.o
LOAD ./Drivers/STM32F4xx_HAL_Driver/stm32f4xx_hal_pwr.o
LOAD ./Drivers/STM32F4xx_HAL_Driver/stm32f4xx_hal_pwr_ex.o
LOAD ./Drivers/STM32F4xx_HAL_Driver/stm32f4xx_hal_rcc.o
LOAD ./Drivers/STM32F4xx_HAL_Driver/stm32f4xx_hal_rcc_ex.o
LOAD ./Drivers/STM32F4xx_HAL_Driver/stm32f4xx_hal_rtc.o
LOAD ./Drivers/STM32F4xx_HAL_Driver/stm32f4xx_hal_rtc_ex.o
LOAD ./Drivers/STM32F4xx_HAL_Driver/stm32f4xx_hal_tim.o
LOAD ./Drivers/STM32F4xx_HAL_Driver/stm32f4xx_hal_tim_ex.o
LOAD ./Drivers/STM32F4xx_HAL_Driver/stm32f4xx_hal_uart.o
LOAD ../../../../../../../Middlewares/ST/STM32_InfraredPD_Library/Lib\InfraredPD_CM4F_wc32_ot_hard.a
START GROUP
LOAD C:/ST/STM32CubeIDE_1.14.1/STM32CubeIDE/plugins/com.st.stm32cube.ide.mcu.externaltools.gnu-tools-for-stm32.11.3.rel1.win32_1.1.100.202309141235/tools/bin/../lib/gcc/arm-none-eabi/11.3.1/../../../../arm-none-eabi/lib/thumb/v7e-m+fp/hard\libc_nano.a
LOAD C:/ST/STM32CubeIDE_1.14.1/STM32CubeIDE/plugins/com.st.stm32cube.ide.mcu.externaltools.gnu-tools-for-stm32.11.3.rel1.win32_1.1.100.202309141235/tools/bin/../lib/gcc/arm-none-eabi/11.3.1/../../../../arm-none-eabi/lib/thumb/v7e-m+fp/hard\libm.a
END GROUP
START GROUP
LOAD C:/ST/STM32CubeIDE_1.14.1/STM32CubeIDE/plugins/com.st.stm32cube.ide.mcu.externaltools.gnu-tools-for-stm32.11.3.rel1.win32_1.1.100.202309141235/tools/bin/../lib/gcc/arm-none-eabi/11.3.1/thumb/v7e-m+fp/hard\libgcc.a
LOAD C:/ST/STM32CubeIDE_1.14.1/STM32CubeIDE/plugins/com.st.stm32cube.ide.mcu.externaltools.gnu-tools-for-stm32.11.3.rel1.win32_1.1.100.202309141235/tools/bin/../lib/gcc/arm-none-eabi/11.3.1/../../../../arm-none-eabi/lib/thumb/v7e-m+fp/hard\libc_nano.a
END GROUP
START GROUP
LOAD C:/ST/STM32CubeIDE_1.14.1/STM32CubeIDE/plugins/com.st.stm32cube.ide.mcu.externaltools.gnu-tools-for-stm32.11.3.rel1.win32_1.1.100.202309141235/tools/bin/../lib/gcc/arm-none-eabi/11.3.1/thumb/v7e-m+fp/hard\libgcc.a
LOAD C:/ST/STM32CubeIDE_1.14.1/STM32CubeIDE/plugins/com.st.stm32cube.ide.mcu.externaltools.gnu-tools-for-stm32.11.3.rel1.win32_1.1.100.202309141235/tools/bin/../lib/gcc/arm-none-eabi/11.3.1/../../../../arm-none-eabi/lib/thumb/v7e-m+fp/hard\libc_nano.a
LOAD C:/ST/STM32CubeIDE_1.14.1/STM32CubeIDE/plugins/com.st.stm32cube.ide.mcu.externaltools.gnu-tools-for-stm32.11.3.rel1.win32_1.1.100.202309141235/tools/bin/../lib/gcc/arm-none-eabi/11.3.1/../../../../arm-none-eabi/lib/thumb/v7e-m+fp/hard\libnosys.a
END GROUP
START GROUP
LOAD C:/ST/STM32CubeIDE_1.14.1/STM32CubeIDE/plugins/com.st.stm32cube.ide.mcu.externaltools.gnu-tools-for-stm32.11.3.rel1.win32_1.1.100.202309141235/tools/bin/../lib/gcc/arm-none-eabi/11.3.1/thumb/v7e-m+fp/hard\libgcc.a
LOAD C:/ST/STM32CubeIDE_1.14.1/STM32CubeIDE/plugins/com.st.stm32cube.ide.mcu.externaltools.gnu-tools-for-stm32.11.3.rel1.win32_1.1.100.202309141235/tools/bin/../lib/gcc/arm-none-eabi/11.3.1/../../../../arm-none-eabi/lib/thumb/v7e-m+fp/hard\libc_nano.a
LOAD C:/ST/STM32CubeIDE_1.14.1/STM32CubeIDE/plugins/com.st.stm32cube.ide.mcu.externaltools.gnu-tools-for-stm32.11.3.rel1.win32_1.1.100.202309141235/tools/bin/../lib/gcc/arm-none-eabi/11.3.1/../../../../arm-none-eabi/lib/thumb/v7e-m+fp/hard\libnosys.a
END GROUP
LOAD C:/ST/STM32CubeIDE_1.14.1/STM32CubeIDE/plugins/com.st.stm32cube.ide.mcu.externaltools.gnu-tools-for-stm32.11.3.rel1.win32_1.1.100.202309141235/tools/bin/../lib/gcc/arm-none-eabi/11.3.1/thumb/v7e-m+fp/hard/crtend.o
LOAD C:/ST/STM32CubeIDE_1.14.1/STM32CubeIDE/plugins/com.st.stm32cube.ide.mcu.externaltools.gnu-tools-for-stm32.11.3.rel1.win32_1.1.100.202309141235/tools/bin/../lib/gcc/arm-none-eabi/11.3.1/thumb/v7e-m+fp/hard/crtn.o
                0x0000000020018000                _estack = (ORIGIN (RAM) + LENGTH (RAM))
                0x0000000000001000                _Min_Heap_Size = 0x1000
                0x0000000000008000                _Min_Stack_Size = 0x8000

.isr_vector     0x0000000008000000      0x194
                0x0000000008000000                . = ALIGN (0x4)
 *(.isr_vector)
 .isr_vector    0x0000000008000000      0x194 ./Application/Startup/startup_stm32f401retx.o
                0x0000000008000000                g_pfnVectors
                0x0000000008000194                . = ALIGN (0x4)

.text           0x00000000080001a0     0xaff0
                0x00000000080001a0                . = ALIGN (0x4)
 *(.text)
 .text          0x00000000080001a0       0x40 C:/ST/STM32CubeIDE_1.14.1/STM32CubeIDE/plugins/com.st.stm32cube.ide.mcu.externaltools.gnu-tools-for-stm32.11.3.rel1.win32_1.1.100.202309141235/tools/bin/../lib/gcc/arm-none-eabi/11.3.1/thumb/v7e-m+fp/hard/crtbegin.o
 .text          0x00000000080001e0       0xa0 C:/ST/STM32CubeIDE_1.14.1/STM32CubeIDE/plugins/com.st.stm32cube.ide.mcu.externaltools.gnu-tools-for-stm32.11.3.rel1.win32_1.1.100.202309141235/tools/bin/../lib/gcc/arm-none-eabi/11.3.1/../../../../arm-none-eabi/lib/thumb/v7e-m+fp/hard\libc_nano.a(libc_a-memchr.o)
                0x00000000080001e0                memchr
 .text          0x0000000008000280      0x378 C:/ST/STM32CubeIDE_1.14.1/STM32CubeIDE/plugins/com.st.stm32cube.ide.mcu.externaltools.gnu-tools-for-stm32.11.3.rel1.win32_1.1.100.202309141235/tools/bin/../lib/gcc/arm-none-eabi/11.3.1/thumb/v7e-m+fp/hard\libgcc.a(_arm_addsubdf3.o)
                0x0000000008000280                __aeabi_drsub
                0x0000000008000288                __aeabi_dsub
                0x0000000008000288                __subdf3
                0x000000000800028c                __aeabi_dadd
                0x000000000800028c                __adddf3
                0x0000000008000504                __floatunsidf
                0x0000000008000504                __aeabi_ui2d
                0x0000000008000524                __floatsidf
                0x0000000008000524                __aeabi_i2d
                0x0000000008000548                __aeabi_f2d
                0x0000000008000548                __extendsfdf2
                0x000000000800058c                __floatundidf
                0x000000000800058c                __aeabi_ul2d
                0x000000000800059c                __floatdidf
                0x000000000800059c                __aeabi_l2d
 .text          0x00000000080005f8      0x424 C:/ST/STM32CubeIDE_1.14.1/STM32CubeIDE/plugins/com.st.stm32cube.ide.mcu.externaltools.gnu-tools-for-stm32.11.3.rel1.win32_1.1.100.202309141235/tools/bin/../lib/gcc/arm-none-eabi/11.3.1/thumb/v7e-m+fp/hard\libgcc.a(_arm_muldivdf3.o)
                0x00000000080005f8                __aeabi_dmul
                0x00000000080005f8                __muldf3
                0x000000000800084c                __divdf3
                0x000000000800084c                __aeabi_ddiv
 .text          0x0000000008000a1c      0x110 C:/ST/STM32CubeIDE_1.14.1/STM32CubeIDE/plugins/com.st.stm32cube.ide.mcu.externaltools.gnu-tools-for-stm32.11.3.rel1.win32_1.1.100.202309141235/tools/bin/../lib/gcc/arm-none-eabi/11.3.1/thumb/v7e-m+fp/hard\libgcc.a(_arm_cmpdf2.o)
                0x0000000008000a1c                __gtdf2
                0x0000000008000a1c                __gedf2
                0x0000000008000a24                __ltdf2
                0x0000000008000a24                __ledf2
                0x0000000008000a2c                __nedf2
                0x0000000008000a2c                __eqdf2
                0x0000000008000a2c                __cmpdf2
                0x0000000008000aa8                __aeabi_cdrcmple
                0x0000000008000ab8                __aeabi_cdcmpeq
                0x0000000008000ab8                __aeabi_cdcmple
                0x0000000008000ac8                __aeabi_dcmpeq
                0x0000000008000adc                __aeabi_dcmplt
                0x0000000008000af0                __aeabi_dcmple
                0x0000000008000b04                __aeabi_dcmpge
                0x0000000008000b18                __aeabi_dcmpgt
 .text          0x0000000008000b2c       0x40 C:/ST/STM32CubeIDE_1.14.1/STM32CubeIDE/plugins/com.st.stm32cube.ide.mcu.externaltools.gnu-tools-for-stm32.11.3.rel1.win32_1.1.100.202309141235/tools/bin/../lib/gcc/arm-none-eabi/11.3.1/thumb/v7e-m+fp/hard\libgcc.a(_arm_fixunsdfsi.o)
                0x0000000008000b2c                __aeabi_d2uiz
                0x0000000008000b2c                __fixunsdfsi
 .text          0x0000000008000b6c       0x30 C:/ST/STM32CubeIDE_1.14.1/STM32CubeIDE/plugins/com.st.stm32cube.ide.mcu.externaltools.gnu-tools-for-stm32.11.3.rel1.win32_1.1.100.202309141235/tools/bin/../lib/gcc/arm-none-eabi/11.3.1/thumb/v7e-m+fp/hard\libgcc.a(_aeabi_uldivmod.o)
                0x0000000008000b6c                __aeabi_uldivmod
 .text          0x0000000008000b9c      0x2c8 C:/ST/STM32CubeIDE_1.14.1/STM32CubeIDE/plugins/com.st.stm32cube.ide.mcu.externaltools.gnu-tools-for-stm32.11.3.rel1.win32_1.1.100.202309141235/tools/bin/../lib/gcc/arm-none-eabi/11.3.1/thumb/v7e-m+fp/hard\libgcc.a(_udivmoddi4.o)
                0x0000000008000b9c                __udivmoddi4
 .text          0x0000000008000e64        0x4 C:/ST/STM32CubeIDE_1.14.1/STM32CubeIDE/plugins/com.st.stm32cube.ide.mcu.externaltools.gnu-tools-for-stm32.11.3.rel1.win32_1.1.100.202309141235/tools/bin/../lib/gcc/arm-none-eabi/11.3.1/thumb/v7e-m+fp/hard\libgcc.a(_dvmd_tls.o)
                0x0000000008000e64                __aeabi_idiv0
                0x0000000008000e64                __aeabi_ldiv0
 *(.text*)
 .text.Reset_Handler
                0x0000000008000e68       0x50 ./Application/Startup/startup_stm32f401retx.o
                0x0000000008000e68                Reset_Handler
 .text.Default_Handler
                0x0000000008000eb8        0x2 ./Application/Startup/startup_stm32f401retx.o
                0x0000000008000eb8                RTC_Alarm_IRQHandler
                0x0000000008000eb8                EXTI2_IRQHandler
                0x0000000008000eb8                SPI4_IRQHandler
                0x0000000008000eb8                TIM1_CC_IRQHandler
                0x0000000008000eb8                DMA2_Stream5_IRQHandler
                0x0000000008000eb8                PVD_IRQHandler
                0x0000000008000eb8                SDIO_IRQHandler
                0x0000000008000eb8                TAMP_STAMP_IRQHandler
                0x0000000008000eb8                EXTI3_IRQHandler
                0x0000000008000eb8                TIM1_UP_TIM10_IRQHandler
                0x0000000008000eb8                I2C3_ER_IRQHandler
                0x0000000008000eb8                EXTI0_IRQHandler
                0x0000000008000eb8                I2C2_EV_IRQHandler
                0x0000000008000eb8                DMA1_Stream2_IRQHandler
                0x0000000008000eb8                FPU_IRQHandler
                0x0000000008000eb8                DMA2_Stream2_IRQHandler
                0x0000000008000eb8                SPI1_IRQHandler
                0x0000000008000eb8                TIM1_BRK_TIM9_IRQHandler
                0x0000000008000eb8                DMA2_Stream3_IRQHandler
                0x0000000008000eb8                USART6_IRQHandler
                0x0000000008000eb8                DMA2_Stream0_IRQHandler
                0x0000000008000eb8                TIM4_IRQHandler
                0x0000000008000eb8                I2C1_EV_IRQHandler
                0x0000000008000eb8                DMA1_Stream6_IRQHandler
                0x0000000008000eb8                DMA1_Stream1_IRQHandler
                0x0000000008000eb8                RCC_IRQHandler
                0x0000000008000eb8                Default_Handler
                0x0000000008000eb8                ADC_IRQHandler
                0x0000000008000eb8                DMA1_Stream7_IRQHandler
                0x0000000008000eb8                TIM5_IRQHandler
                0x0000000008000eb8                DMA2_Stream7_IRQHandler
                0x0000000008000eb8                I2C3_EV_IRQHandler
                0x0000000008000eb8                EXTI9_5_IRQHandler
                0x0000000008000eb8                RTC_WKUP_IRQHandler
                0x0000000008000eb8                SPI2_IRQHandler
                0x0000000008000eb8                DMA1_Stream0_IRQHandler
                0x0000000008000eb8                EXTI4_IRQHandler
                0x0000000008000eb8                WWDG_IRQHandler
                0x0000000008000eb8                OTG_FS_WKUP_IRQHandler
                0x0000000008000eb8                TIM1_TRG_COM_TIM11_IRQHandler
                0x0000000008000eb8                EXTI1_IRQHandler
                0x0000000008000eb8                USART2_IRQHandler
                0x0000000008000eb8                I2C2_ER_IRQHandler
                0x0000000008000eb8                DMA2_Stream1_IRQHandler
                0x0000000008000eb8                FLASH_IRQHandler
                0x0000000008000eb8                DMA2_Stream4_IRQHandler
                0x0000000008000eb8                USART1_IRQHandler
                0x0000000008000eb8                OTG_FS_IRQHandler
                0x0000000008000eb8                SPI3_IRQHandler
                0x0000000008000eb8                DMA1_Stream4_IRQHandler
                0x0000000008000eb8                I2C1_ER_IRQHandler
                0x0000000008000eb8                DMA2_Stream6_IRQHandler
                0x0000000008000eb8                DMA1_Stream3_IRQHandler
 .text.MX_MEMS_Init
                0x0000000008000eba        0xc ./Application/User/app_mems.o
                0x0000000008000eba                MX_MEMS_Init
 *fill*         0x0000000008000ec6        0x2 
 .text.MX_MEMS_Process
                0x0000000008000ec8       0x3c ./Application/User/app_mems.o
                0x0000000008000ec8                MX_MEMS_Process
 .text.HAL_TIM_PeriodElapsedCallback
                0x0000000008000f04       0x30 ./Application/User/app_mems.o
                0x0000000008000f04                HAL_TIM_PeriodElapsedCallback
 .text.MX_PresenceDetection_Init
                0x0000000008000f34       0x84 ./Application/User/app_mems.o
 .text.MX_PresenceDetection_Process
                0x0000000008000fb8       0xd8 ./Application/User/app_mems.o
 .text.Init_Sensors
                0x0000000008001090       0x2e ./Application/User/app_mems.o
 *fill*         0x00000000080010be        0x2 
 .text.RTC_Handler
                0x00000000080010c0       0xe8 ./Application/User/app_mems.o
 .text.PD_Data_Handler
                0x00000000080011a8       0xb0 ./Application/User/app_mems.o
 .text.Infrared_Sensor_Handler
                0x0000000008001258       0x5c ./Application/User/app_mems.o
 .text.TIM_Config
                0x00000000080012b4       0x68 ./Application/User/app_mems.o
 .text.DWT_Init
                0x000000000800131c       0x30 ./Application/User/app_mems.o
 .text.DWT_Start
                0x000000000800134c       0x24 ./Application/User/app_mems.o
 .text.DWT_Stop
                0x0000000008001370       0x50 ./Application/User/app_mems.o
 .text.UART_ReceivedMSG
                0x00000000080013c0      0x16c ./Application/User/com.o
                0x00000000080013c0                UART_ReceivedMSG
 .text.UART_SendMsg
                0x000000000800152c       0x38 ./Application/User/com.o
                0x000000000800152c                UART_SendMsg
 .text.UART_StartReceiveMsg
                0x0000000008001564       0x30 ./Application/User/com.o
                0x0000000008001564                UART_StartReceiveMsg
 .text.Get_DMA_Flag_Status
                0x0000000008001594      0x3c4 ./Application/User/com.o
 .text.Get_DMA_Counter
                0x0000000008001958       0x1a ./Application/User/com.o
 *fill*         0x0000000008001972        0x2 
 .text.CUSTOM_ENV_SENSOR_Init
                0x0000000008001974      0x11c ./Application/User/custom_env_sensors.o
                0x0000000008001974                CUSTOM_ENV_SENSOR_Init
 .text.CUSTOM_ENV_SENSOR_Enable
                0x0000000008001a90       0x80 ./Application/User/custom_env_sensors.o
                0x0000000008001a90                CUSTOM_ENV_SENSOR_Enable
 .text.CUSTOM_ENV_SENSOR_Disable
                0x0000000008001b10       0x80 ./Application/User/custom_env_sensors.o
                0x0000000008001b10                CUSTOM_ENV_SENSOR_Disable
 .text.CUSTOM_ENV_SENSOR_SetOutputDataRate
                0x0000000008001b90       0x88 ./Application/User/custom_env_sensors.o
                0x0000000008001b90                CUSTOM_ENV_SENSOR_SetOutputDataRate
 .text.STHS34PF80_0_Probe
                0x0000000008001c18      0x16c ./Application/User/custom_env_sensors.o
 .text.CUSTOM_ENV_SENSOR_Get_TAmbRaw
                0x0000000008001d84       0x4c ./Application/User/custom_env_sensors_ex.o
                0x0000000008001d84                CUSTOM_ENV_SENSOR_Get_TAmbRaw
 .text.CUSTOM_ENV_SENSOR_Get_TObjRaw
                0x0000000008001dd0       0x4c ./Application/User/custom_env_sensors_ex.o
                0x0000000008001dd0                CUSTOM_ENV_SENSOR_Get_TObjRaw
 .text.CUSTOM_ENV_SENSOR_Get_AvgTmos
                0x0000000008001e1c       0x4c ./Application/User/custom_env_sensors_ex.o
                0x0000000008001e1c                CUSTOM_ENV_SENSOR_Get_AvgTmos
 .text.CUSTOM_ENV_SENSOR_Set_AvgTmos
                0x0000000008001e68       0x50 ./Application/User/custom_env_sensors_ex.o
                0x0000000008001e68                CUSTOM_ENV_SENSOR_Set_AvgTmos
 .text.CUSTOM_ENV_SENSOR_Get_AvgT
                0x0000000008001eb8       0x4c ./Application/User/custom_env_sensors_ex.o
                0x0000000008001eb8                CUSTOM_ENV_SENSOR_Get_AvgT
 .text.CUSTOM_ENV_SENSOR_Get_GainFactor
                0x0000000008001f04       0x4c ./Application/User/custom_env_sensors_ex.o
                0x0000000008001f04                CUSTOM_ENV_SENSOR_Get_GainFactor
 .text.CUSTOM_ENV_SENSOR_Get_Sensitivity
                0x0000000008001f50       0x4c ./Application/User/custom_env_sensors_ex.o
                0x0000000008001f50                CUSTOM_ENV_SENSOR_Get_Sensitivity
 .text.BSP_SENSOR_ACC_Init
                0x0000000008001f9c        0xe ./Application/User/custom_mems_control.o
                0x0000000008001f9c                BSP_SENSOR_ACC_Init
 .text.BSP_SENSOR_GYR_Init
                0x0000000008001faa        0xe ./Application/User/custom_mems_control.o
                0x0000000008001faa                BSP_SENSOR_GYR_Init
 .text.BSP_SENSOR_MAG_Init
                0x0000000008001fb8        0xe ./Application/User/custom_mems_control.o
                0x0000000008001fb8                BSP_SENSOR_MAG_Init
 .text.BSP_SENSOR_PRESS_Init
                0x0000000008001fc6        0xe ./Application/User/custom_mems_control.o
                0x0000000008001fc6                BSP_SENSOR_PRESS_Init
 .text.BSP_SENSOR_TEMP_Init
                0x0000000008001fd4       0x10 ./Application/User/custom_mems_control.o
                0x0000000008001fd4                BSP_SENSOR_TEMP_Init
 .text.BSP_SENSOR_HUM_Init
                0x0000000008001fe4        0xe ./Application/User/custom_mems_control.o
                0x0000000008001fe4                BSP_SENSOR_HUM_Init
 .text.BSP_SENSOR_ACC_Enable
                0x0000000008001ff2        0xe ./Application/User/custom_mems_control.o
                0x0000000008001ff2                BSP_SENSOR_ACC_Enable
 .text.BSP_SENSOR_GYR_Enable
                0x0000000008002000        0xe ./Application/User/custom_mems_control.o
                0x0000000008002000                BSP_SENSOR_GYR_Enable
 .text.BSP_SENSOR_MAG_Enable
                0x000000000800200e        0xe ./Application/User/custom_mems_control.o
                0x000000000800200e                BSP_SENSOR_MAG_Enable
 .text.BSP_SENSOR_PRESS_Enable
                0x000000000800201c        0xe ./Application/User/custom_mems_control.o
                0x000000000800201c                BSP_SENSOR_PRESS_Enable
 .text.BSP_SENSOR_TEMP_Enable
                0x000000000800202a       0x10 ./Application/User/custom_mems_control.o
                0x000000000800202a                BSP_SENSOR_TEMP_Enable
 .text.BSP_SENSOR_HUM_Enable
                0x000000000800203a        0xe ./Application/User/custom_mems_control.o
                0x000000000800203a                BSP_SENSOR_HUM_Enable
 .text.BSP_SENSOR_ACC_Disable
                0x0000000008002048        0xe ./Application/User/custom_mems_control.o
                0x0000000008002048                BSP_SENSOR_ACC_Disable
 .text.BSP_SENSOR_GYR_Disable
                0x0000000008002056        0xe ./Application/User/custom_mems_control.o
                0x0000000008002056                BSP_SENSOR_GYR_Disable
 .text.BSP_SENSOR_MAG_Disable
                0x0000000008002064        0xe ./Application/User/custom_mems_control.o
                0x0000000008002064                BSP_SENSOR_MAG_Disable
 .text.BSP_SENSOR_PRESS_Disable
                0x0000000008002072        0xe ./Application/User/custom_mems_control.o
                0x0000000008002072                BSP_SENSOR_PRESS_Disable
 .text.BSP_SENSOR_TEMP_Disable
                0x0000000008002080       0x10 ./Application/User/custom_mems_control.o
                0x0000000008002080                BSP_SENSOR_TEMP_Disable
 .text.BSP_SENSOR_HUM_Disable
                0x0000000008002090        0xe ./Application/User/custom_mems_control.o
                0x0000000008002090                BSP_SENSOR_HUM_Disable
 .text.BSP_SENSOR_TEMP_SetOutputDataRate
                0x000000000800209e       0x1e ./Application/User/custom_mems_control.o
                0x000000000800209e                BSP_SENSOR_TEMP_SetOutputDataRate
 .text.BSP_SENSOR_TEMP_GetTAmbRaw
                0x00000000080020bc       0x18 ./Application/User/custom_mems_control_ex.o
                0x00000000080020bc                BSP_SENSOR_TEMP_GetTAmbRaw
 .text.BSP_SENSOR_TEMP_GetTObjRaw
                0x00000000080020d4       0x18 ./Application/User/custom_mems_control_ex.o
                0x00000000080020d4                BSP_SENSOR_TEMP_GetTObjRaw
 .text.BSP_SENSOR_TEMP_GetAvgTmos
                0x00000000080020ec       0x18 ./Application/User/custom_mems_control_ex.o
                0x00000000080020ec                BSP_SENSOR_TEMP_GetAvgTmos
 .text.BSP_SENSOR_TEMP_SetAvgTmos
                0x0000000008002104       0x1c ./Application/User/custom_mems_control_ex.o
                0x0000000008002104                BSP_SENSOR_TEMP_SetAvgTmos
 .text.BSP_SENSOR_TEMP_GetAvgT
                0x0000000008002120       0x18 ./Application/User/custom_mems_control_ex.o
                0x0000000008002120                BSP_SENSOR_TEMP_GetAvgT
 .text.BSP_SENSOR_TEMP_GetGainFactor
                0x0000000008002138       0x18 ./Application/User/custom_mems_control_ex.o
                0x0000000008002138                BSP_SENSOR_TEMP_GetGainFactor
 .text.BSP_SENSOR_TEMP_GetSensitivity
                0x0000000008002150       0x18 ./Application/User/custom_mems_control_ex.o
                0x0000000008002150                BSP_SENSOR_TEMP_GetSensitivity
 .text.BUILD_REPLY_HEADER
                0x0000000008002168       0x2e ./Application/User/demo_serial.o
                0x0000000008002168                BUILD_REPLY_HEADER
 *fill*         0x0000000008002196        0x2 
 .text.INIT_STREAMING_HEADER
                0x0000000008002198       0x34 ./Application/User/demo_serial.o
                0x0000000008002198                INIT_STREAMING_HEADER
 .text.HandleMSG
                0x00000000080021cc      0x6d8 ./Application/User/demo_serial.o
                0x00000000080021cc                HandleMSG
 .text.RTC_DateRegulate
                0x00000000080028a4       0x54 ./Application/User/demo_serial.o
                0x00000000080028a4                RTC_DateRegulate
 .text.RTC_TimeRegulate
                0x00000000080028f8       0x54 ./Application/User/demo_serial.o
                0x00000000080028f8                RTC_TimeRegulate
 .text.Get_PresentationString
                0x000000000800294c       0x80 ./Application/User/demo_serial.o
                0x000000000800294c                Get_PresentationString
 .text.InfraredPD_manager_init
                0x00000000080029cc       0x78 ./Application/User/infrared_pd_manager.o
                0x00000000080029cc                InfraredPD_manager_init
 .text.InfraredPD_manager_run
                0x0000000008002a44       0x24 ./Application/User/infrared_pd_manager.o
                0x0000000008002a44                InfraredPD_manager_run
 .text.InfraredPD_manager_get_version
                0x0000000008002a68       0x20 ./Application/User/infrared_pd_manager.o
                0x0000000008002a68                InfraredPD_manager_get_version
 .text.main     0x0000000008002a88      0x110 ./Application/User/main.o
                0x0000000008002a88                main
 .text.SystemClock_Config
                0x0000000008002b98       0xdc ./Application/User/main.o
                0x0000000008002b98                SystemClock_Config
 .text.MX_ADC1_Init
                0x0000000008002c74       0xa4 ./Application/User/main.o
 .text.MX_CRC_Init
                0x0000000008002d18       0x28 ./Application/User/main.o
 .text.MX_RTC_Init
                0x0000000008002d40       0xb4 ./Application/User/main.o
 .text.MX_TIM2_Init
                0x0000000008002df4       0xec ./Application/User/main.o
 .text.MX_TIM3_Init
                0x0000000008002ee0       0xf0 ./Application/User/main.o
                0x0000000008002ee0                MX_TIM3_Init
 .text.MX_DMA_Init
                0x0000000008002fd0       0x40 ./Application/User/main.o
 .text.MX_GPIO_Init
                0x0000000008003010      0x14c ./Application/User/main.o
 .text.pulseYellowLED
                0x000000000800315c       0x8c ./Application/User/main.o
                0x000000000800315c                pulseYellowLED
 .text.blinkRed
                0x00000000080031e8       0x34 ./Application/User/main.o
                0x00000000080031e8                blinkRed
 .text.Error_Handler
                0x000000000800321c        0xa ./Application/User/main.o
                0x000000000800321c                Error_Handler
 .text.ByteStuffCopyByte
                0x0000000008003226       0x56 ./Application/User/serial_protocol.o
                0x0000000008003226                ByteStuffCopyByte
 .text.ByteStuffCopy
                0x000000000800327c       0x5c ./Application/User/serial_protocol.o
                0x000000000800327c                ByteStuffCopy
 .text.ReverseByteStuffCopyByte2
                0x00000000080032d8       0x4e ./Application/User/serial_protocol.o
                0x00000000080032d8                ReverseByteStuffCopyByte2
 .text.CHK_ComputeAndAdd
                0x0000000008003326       0x54 ./Application/User/serial_protocol.o
                0x0000000008003326                CHK_ComputeAndAdd
 .text.CHK_CheckAndRemove
                0x000000000800337a       0x54 ./Application/User/serial_protocol.o
                0x000000000800337a                CHK_CheckAndRemove
 .text.Deserialize
                0x00000000080033ce       0x4c ./Application/User/serial_protocol.o
                0x00000000080033ce                Deserialize
 .text.Serialize_s32
                0x000000000800341a       0x48 ./Application/User/serial_protocol.o
                0x000000000800341a                Serialize_s32
 *fill*         0x0000000008003462        0x2 
 .text.HAL_MspInit
                0x0000000008003464       0x50 ./Application/User/stm32f4xx_hal_msp.o
                0x0000000008003464                HAL_MspInit
 .text.HAL_CRC_MspInit
                0x00000000080034b4       0x44 ./Application/User/stm32f4xx_hal_msp.o
                0x00000000080034b4                HAL_CRC_MspInit
 .text.HAL_RTC_MspInit
                0x00000000080034f8       0x58 ./Application/User/stm32f4xx_hal_msp.o
                0x00000000080034f8                HAL_RTC_MspInit
 .text.HAL_TIM_Base_MspInit
                0x0000000008003550       0x88 ./Application/User/stm32f4xx_hal_msp.o
                0x0000000008003550                HAL_TIM_Base_MspInit
 .text.HAL_TIM_MspPostInit
                0x00000000080035d8       0xbc ./Application/User/stm32f4xx_hal_msp.o
                0x00000000080035d8                HAL_TIM_MspPostInit
 .text.NMI_Handler
                0x0000000008003694        0x6 ./Application/User/stm32f4xx_it.o
                0x0000000008003694                NMI_Handler
 .text.HardFault_Handler
                0x000000000800369a        0x6 ./Application/User/stm32f4xx_it.o
                0x000000000800369a                HardFault_Handler
 .text.MemManage_Handler
                0x00000000080036a0        0x6 ./Application/User/stm32f4xx_it.o
                0x00000000080036a0                MemManage_Handler
 .text.BusFault_Handler
                0x00000000080036a6        0x6 ./Application/User/stm32f4xx_it.o
                0x00000000080036a6                BusFault_Handler
 .text.UsageFault_Handler
                0x00000000080036ac        0x6 ./Application/User/stm32f4xx_it.o
                0x00000000080036ac                UsageFault_Handler
 .text.SVC_Handler
                0x00000000080036b2        0xe ./Application/User/stm32f4xx_it.o
                0x00000000080036b2                SVC_Handler
 .text.DebugMon_Handler
                0x00000000080036c0        0xe ./Application/User/stm32f4xx_it.o
                0x00000000080036c0                DebugMon_Handler
 .text.PendSV_Handler
                0x00000000080036ce        0xe ./Application/User/stm32f4xx_it.o
                0x00000000080036ce                PendSV_Handler
 .text.SysTick_Handler
                0x00000000080036dc        0xc ./Application/User/stm32f4xx_it.o
                0x00000000080036dc                SysTick_Handler
 .text.DMA1_Stream5_IRQHandler
                0x00000000080036e8       0x14 ./Application/User/stm32f4xx_it.o
                0x00000000080036e8                DMA1_Stream5_IRQHandler
 .text.TIM2_IRQHandler
                0x00000000080036fc       0x20 ./Application/User/stm32f4xx_it.o
                0x00000000080036fc                TIM2_IRQHandler
 .text.TIM3_IRQHandler
                0x000000000800371c       0x14 ./Application/User/stm32f4xx_it.o
                0x000000000800371c                TIM3_IRQHandler
 .text.EXTI15_10_IRQHandler
                0x0000000008003730       0x10 ./Application/User/stm32f4xx_it.o
                0x0000000008003730                EXTI15_10_IRQHandler
 .text.BSP_LED_Init
                0x0000000008003740       0x24 ./Application/User/stm32f4xx_nucleo.o
                0x0000000008003740                BSP_LED_Init
 .text.BSP_LED_On
                0x0000000008003764       0x2c ./Application/User/stm32f4xx_nucleo.o
                0x0000000008003764                BSP_LED_On
 .text.BSP_LED_Off
                0x0000000008003790       0x2c ./Application/User/stm32f4xx_nucleo.o
                0x0000000008003790                BSP_LED_Off
 .text.LED_USER_GPIO_Init
                0x00000000080037bc       0x84 ./Application/User/stm32f4xx_nucleo.o
 .text.BSP_COM_Init
                0x0000000008003840       0x7c ./Application/User/stm32f4xx_nucleo.o
                0x0000000008003840                BSP_COM_Init
 .text.MX_USART2_UART_Init
                0x00000000080038bc       0x5c ./Application/User/stm32f4xx_nucleo.o
                0x00000000080038bc                MX_USART2_UART_Init
 .text.USART2_MspInit
                0x0000000008003918       0xec ./Application/User/stm32f4xx_nucleo.o
 .text.BSP_I2C1_Init
                0x0000000008003a04       0x64 ./Application/User/stm32f4xx_nucleo_bus.o
                0x0000000008003a04                BSP_I2C1_Init
 .text.BSP_I2C1_DeInit
                0x0000000008003a68       0x50 ./Application/User/stm32f4xx_nucleo_bus.o
                0x0000000008003a68                BSP_I2C1_DeInit
 .text.BSP_I2C1_WriteReg
                0x0000000008003ab8       0x64 ./Application/User/stm32f4xx_nucleo_bus.o
                0x0000000008003ab8                BSP_I2C1_WriteReg
 .text.BSP_I2C1_ReadReg
                0x0000000008003b1c       0x64 ./Application/User/stm32f4xx_nucleo_bus.o
                0x0000000008003b1c                BSP_I2C1_ReadReg
 .text.BSP_GetTick
                0x0000000008003b80        0xe ./Application/User/stm32f4xx_nucleo_bus.o
                0x0000000008003b80                BSP_GetTick
 *fill*         0x0000000008003b8e        0x2 
 .text.MX_I2C1_Init
                0x0000000008003b90       0x68 ./Application/User/stm32f4xx_nucleo_bus.o
                0x0000000008003b90                MX_I2C1_Init
 .text.I2C1_MspInit
                0x0000000008003bf8       0x94 ./Application/User/stm32f4xx_nucleo_bus.o
 .text.I2C1_MspDeInit
                0x0000000008003c8c       0x38 ./Application/User/stm32f4xx_nucleo_bus.o
 .text._sbrk    0x0000000008003cc4       0x6c ./Application/User/sysmem.o
                0x0000000008003cc4                _sbrk
 .text.STHS34PF80_RegisterBusIO
                0x0000000008003d30       0x94 ./Drivers/BSP/Components/sths34pf80.o
                0x0000000008003d30                STHS34PF80_RegisterBusIO
 .text.STHS34PF80_Init
                0x0000000008003dc4       0x5c ./Drivers/BSP/Components/sths34pf80.o
                0x0000000008003dc4                STHS34PF80_Init
 .text.STHS34PF80_DeInit
                0x0000000008003e20       0x36 ./Drivers/BSP/Components/sths34pf80.o
                0x0000000008003e20                STHS34PF80_DeInit
 .text.STHS34PF80_ReadID
                0x0000000008003e56       0x36 ./Drivers/BSP/Components/sths34pf80.o
                0x0000000008003e56                STHS34PF80_ReadID
 .text.STHS34PF80_GetCapabilities
                0x0000000008003e8c       0x58 ./Drivers/BSP/Components/sths34pf80.o
                0x0000000008003e8c                STHS34PF80_GetCapabilities
 .text.STHS34PF80_TEMP_Enable
                0x0000000008003ee4       0x44 ./Drivers/BSP/Components/sths34pf80.o
                0x0000000008003ee4                STHS34PF80_TEMP_Enable
 .text.STHS34PF80_TEMP_Disable
                0x0000000008003f28       0x58 ./Drivers/BSP/Components/sths34pf80.o
                0x0000000008003f28                STHS34PF80_TEMP_Disable
 .text.STHS34PF80_TEMP_GetOutputDataRate
                0x0000000008003f80       0xcc ./Drivers/BSP/Components/sths34pf80.o
                0x0000000008003f80                STHS34PF80_TEMP_GetOutputDataRate
 .text.STHS34PF80_TEMP_SetOutputDataRate
                0x000000000800404c       0xce ./Drivers/BSP/Components/sths34pf80.o
                0x000000000800404c                STHS34PF80_TEMP_SetOutputDataRate
 .text.STHS34PF80_TEMP_GetTemperature
                0x000000000800411a       0x28 ./Drivers/BSP/Components/sths34pf80.o
                0x000000000800411a                STHS34PF80_TEMP_GetTemperature
 .text.STHS34PF80_GetObjectTemperatureRaw
                0x0000000008004142       0x2c ./Drivers/BSP/Components/sths34pf80.o
                0x0000000008004142                STHS34PF80_GetObjectTemperatureRaw
 .text.STHS34PF80_GetAmbientTemperatureRaw
                0x000000000800416e       0x2c ./Drivers/BSP/Components/sths34pf80.o
                0x000000000800416e                STHS34PF80_GetAmbientTemperatureRaw
 *fill*         0x000000000800419a        0x2 
 .text.STHS34PF80_GetAmbientTemperature
                0x000000000800419c       0x58 ./Drivers/BSP/Components/sths34pf80.o
                0x000000000800419c                STHS34PF80_GetAmbientTemperature
 .text.STHS34PF80_GetAvgTmos
                0x00000000080041f4       0xb4 ./Drivers/BSP/Components/sths34pf80.o
                0x00000000080041f4                STHS34PF80_GetAvgTmos
 .text.STHS34PF80_SetAvgTmos
                0x00000000080042a8       0x84 ./Drivers/BSP/Components/sths34pf80.o
                0x00000000080042a8                STHS34PF80_SetAvgTmos
 .text.STHS34PF80_GetAvgT
                0x000000000800432c       0x7c ./Drivers/BSP/Components/sths34pf80.o
                0x000000000800432c                STHS34PF80_GetAvgT
 .text.STHS34PF80_GetGainFactor
                0x00000000080043a8       0x58 ./Drivers/BSP/Components/sths34pf80.o
                0x00000000080043a8                STHS34PF80_GetGainFactor
 .text.STHS34PF80_GetSensitivity
                0x0000000008004400       0x2c ./Drivers/BSP/Components/sths34pf80.o
                0x0000000008004400                STHS34PF80_GetSensitivity
 .text.ReadRegWrap
                0x000000000800442c       0x36 ./Drivers/BSP/Components/sths34pf80.o
 .text.WriteRegWrap
                0x0000000008004462       0x36 ./Drivers/BSP/Components/sths34pf80.o
 .text.sths34pf80_read_reg
                0x0000000008004498       0x30 ./Drivers/BSP/Components/sths34pf80_reg.o
                0x0000000008004498                sths34pf80_read_reg
 .text.sths34pf80_write_reg
                0x00000000080044c8       0x30 ./Drivers/BSP/Components/sths34pf80_reg.o
                0x00000000080044c8                sths34pf80_write_reg
 .text.sths34pf80_device_id_get
                0x00000000080044f8       0x22 ./Drivers/BSP/Components/sths34pf80_reg.o
                0x00000000080044f8                sths34pf80_device_id_get
 .text.sths34pf80_avg_tobject_num_set
                0x000000000800451a       0x4c ./Drivers/BSP/Components/sths34pf80_reg.o
                0x000000000800451a                sths34pf80_avg_tobject_num_set
 *fill*         0x0000000008004566        0x2 
 .text.sths34pf80_avg_tobject_num_get
                0x0000000008004568       0xa0 ./Drivers/BSP/Components/sths34pf80_reg.o
                0x0000000008004568                sths34pf80_avg_tobject_num_get
 .text.sths34pf80_avg_tambient_num_get
                0x0000000008004608       0x70 ./Drivers/BSP/Components/sths34pf80_reg.o
                0x0000000008004608                sths34pf80_avg_tambient_num_get
 .text.sths34pf80_gain_mode_get
                0x0000000008004678       0x4e ./Drivers/BSP/Components/sths34pf80_reg.o
                0x0000000008004678                sths34pf80_gain_mode_get
 .text.sths34pf80_tmos_sensitivity_get
                0x00000000080046c6       0x34 ./Drivers/BSP/Components/sths34pf80_reg.o
                0x00000000080046c6                sths34pf80_tmos_sensitivity_get
 *fill*         0x00000000080046fa        0x2 
 .text.sths34pf80_tmos_odr_set
                0x00000000080046fc       0xf4 ./Drivers/BSP/Components/sths34pf80_reg.o
                0x00000000080046fc                sths34pf80_tmos_odr_set
 .text.sths34pf80_tmos_odr_get
                0x00000000080047f0       0xac ./Drivers/BSP/Components/sths34pf80_reg.o
                0x00000000080047f0                sths34pf80_tmos_odr_get
 .text.sths34pf80_block_data_update_set
                0x000000000800489c       0x4c ./Drivers/BSP/Components/sths34pf80_reg.o
                0x000000000800489c                sths34pf80_block_data_update_set
 .text.sths34pf80_mem_bank_set
                0x00000000080048e8       0x4c ./Drivers/BSP/Components/sths34pf80_reg.o
                0x00000000080048e8                sths34pf80_mem_bank_set
 .text.sths34pf80_tobject_raw_get
                0x0000000008004934       0x46 ./Drivers/BSP/Components/sths34pf80_reg.o
                0x0000000008004934                sths34pf80_tobject_raw_get
 .text.sths34pf80_tambient_raw_get
                0x000000000800497a       0x46 ./Drivers/BSP/Components/sths34pf80_reg.o
                0x000000000800497a                sths34pf80_tambient_raw_get
 .text.sths34pf80_func_cfg_write
                0x00000000080049c0      0x11e ./Drivers/BSP/Components/sths34pf80_reg.o
                0x00000000080049c0                sths34pf80_func_cfg_write
 .text.sths34pf80_reset_algo
                0x0000000008004ade       0x26 ./Drivers/BSP/Components/sths34pf80_reg.o
                0x0000000008004ade                sths34pf80_reset_algo
 .text.SystemInit
                0x0000000008004b04       0x24 ./Drivers/CMSIS/system_stm32f4xx.o
                0x0000000008004b04                SystemInit
 .text.HAL_Init
                0x0000000008004b28       0x44 ./Drivers/STM32F4xx_HAL_Driver/stm32f4xx_hal.o
                0x0000000008004b28                HAL_Init
 .text.HAL_InitTick
                0x0000000008004b6c       0x60 ./Drivers/STM32F4xx_HAL_Driver/stm32f4xx_hal.o
                0x0000000008004b6c                HAL_InitTick
 .text.HAL_IncTick
                0x0000000008004bcc       0x28 ./Drivers/STM32F4xx_HAL_Driver/stm32f4xx_hal.o
                0x0000000008004bcc                HAL_IncTick
 .text.HAL_GetTick
                0x0000000008004bf4       0x18 ./Drivers/STM32F4xx_HAL_Driver/stm32f4xx_hal.o
                0x0000000008004bf4                HAL_GetTick
 .text.HAL_Delay
                0x0000000008004c0c       0x48 ./Drivers/STM32F4xx_HAL_Driver/stm32f4xx_hal.o
                0x0000000008004c0c                HAL_Delay
 .text.__NVIC_SetPriorityGrouping
                0x0000000008004c54       0x48 ./Drivers/STM32F4xx_HAL_Driver/stm32f4xx_hal_cortex.o
 .text.__NVIC_GetPriorityGrouping
                0x0000000008004c9c       0x1c ./Drivers/STM32F4xx_HAL_Driver/stm32f4xx_hal_cortex.o
 .text.__NVIC_EnableIRQ
                0x0000000008004cb8       0x3c ./Drivers/STM32F4xx_HAL_Driver/stm32f4xx_hal_cortex.o
 .text.__NVIC_SetPriority
                0x0000000008004cf4       0x54 ./Drivers/STM32F4xx_HAL_Driver/stm32f4xx_hal_cortex.o
 .text.NVIC_EncodePriority
                0x0000000008004d48       0x66 ./Drivers/STM32F4xx_HAL_Driver/stm32f4xx_hal_cortex.o
 *fill*         0x0000000008004dae        0x2 
 .text.SysTick_Config
                0x0000000008004db0       0x44 ./Drivers/STM32F4xx_HAL_Driver/stm32f4xx_hal_cortex.o
 .text.HAL_NVIC_SetPriorityGrouping
                0x0000000008004df4       0x16 ./Drivers/STM32F4xx_HAL_Driver/stm32f4xx_hal_cortex.o
                0x0000000008004df4                HAL_NVIC_SetPriorityGrouping
 .text.HAL_NVIC_SetPriority
                0x0000000008004e0a       0x38 ./Drivers/STM32F4xx_HAL_Driver/stm32f4xx_hal_cortex.o
                0x0000000008004e0a                HAL_NVIC_SetPriority
 .text.HAL_NVIC_EnableIRQ
                0x0000000008004e42       0x1c ./Drivers/STM32F4xx_HAL_Driver/stm32f4xx_hal_cortex.o
                0x0000000008004e42                HAL_NVIC_EnableIRQ
 .text.HAL_SYSTICK_Config
                0x0000000008004e5e       0x18 ./Drivers/STM32F4xx_HAL_Driver/stm32f4xx_hal_cortex.o
                0x0000000008004e5e                HAL_SYSTICK_Config
 .text.HAL_CRC_Init
                0x0000000008004e76       0x38 ./Drivers/STM32F4xx_HAL_Driver/stm32f4xx_hal_crc.o
                0x0000000008004e76                HAL_CRC_Init
 *fill*         0x0000000008004eae        0x2 
 .text.HAL_DMA_Init
                0x0000000008004eb0      0x15c ./Drivers/STM32F4xx_HAL_Driver/stm32f4xx_hal_dma.o
                0x0000000008004eb0                HAL_DMA_Init
 .text.HAL_DMA_Start_IT
                0x000000000800500c       0xb0 ./Drivers/STM32F4xx_HAL_Driver/stm32f4xx_hal_dma.o
                0x000000000800500c                HAL_DMA_Start_IT
 .text.HAL_DMA_IRQHandler
                0x00000000080050bc      0x314 ./Drivers/STM32F4xx_HAL_Driver/stm32f4xx_hal_dma.o
                0x00000000080050bc                HAL_DMA_IRQHandler
 .text.DMA_SetConfig
                0x00000000080053d0       0x5c ./Drivers/STM32F4xx_HAL_Driver/stm32f4xx_hal_dma.o
 .text.DMA_CalcBaseAndBitshift
                0x000000000800542c       0x6c ./Drivers/STM32F4xx_HAL_Driver/stm32f4xx_hal_dma.o
 .text.DMA_CheckFifoParam
                0x0000000008005498       0xf8 ./Drivers/STM32F4xx_HAL_Driver/stm32f4xx_hal_dma.o
 .text.HAL_GPIO_Init
                0x0000000008005590      0x308 ./Drivers/STM32F4xx_HAL_Driver/stm32f4xx_hal_gpio.o
                0x0000000008005590                HAL_GPIO_Init
 .text.HAL_GPIO_DeInit
                0x0000000008005898      0x1c8 ./Drivers/STM32F4xx_HAL_Driver/stm32f4xx_hal_gpio.o
                0x0000000008005898                HAL_GPIO_DeInit
 .text.HAL_GPIO_WritePin
                0x0000000008005a60       0x32 ./Drivers/STM32F4xx_HAL_Driver/stm32f4xx_hal_gpio.o
                0x0000000008005a60                HAL_GPIO_WritePin
 .text.HAL_GPIO_TogglePin
                0x0000000008005a92       0x34 ./Drivers/STM32F4xx_HAL_Driver/stm32f4xx_hal_gpio.o
                0x0000000008005a92                HAL_GPIO_TogglePin
 *fill*         0x0000000008005ac6        0x2 
 .text.HAL_GPIO_EXTI_IRQHandler
                0x0000000008005ac8       0x30 ./Drivers/STM32F4xx_HAL_Driver/stm32f4xx_hal_gpio.o
                0x0000000008005ac8                HAL_GPIO_EXTI_IRQHandler
 .text.HAL_GPIO_EXTI_Callback
                0x0000000008005af8       0x16 ./Drivers/STM32F4xx_HAL_Driver/stm32f4xx_hal_gpio.o
                0x0000000008005af8                HAL_GPIO_EXTI_Callback
 *fill*         0x0000000008005b0e        0x2 
 .text.HAL_I2C_Init
                0x0000000008005b10      0x288 ./Drivers/STM32F4xx_HAL_Driver/stm32f4xx_hal_i2c.o
                0x0000000008005b10                HAL_I2C_Init
 .text.HAL_I2C_DeInit
                0x0000000008005d98       0x5e ./Drivers/STM32F4xx_HAL_Driver/stm32f4xx_hal_i2c.o
                0x0000000008005d98                HAL_I2C_DeInit
 .text.HAL_I2C_MspInit
                0x0000000008005df6       0x14 ./Drivers/STM32F4xx_HAL_Driver/stm32f4xx_hal_i2c.o
                0x0000000008005df6                HAL_I2C_MspInit
 .text.HAL_I2C_MspDeInit
                0x0000000008005e0a       0x14 ./Drivers/STM32F4xx_HAL_Driver/stm32f4xx_hal_i2c.o
                0x0000000008005e0a                HAL_I2C_MspDeInit
 *fill*         0x0000000008005e1e        0x2 
 .text.HAL_I2C_Mem_Write
                0x0000000008005e20      0x1f4 ./Drivers/STM32F4xx_HAL_Driver/stm32f4xx_hal_i2c.o
                0x0000000008005e20                HAL_I2C_Mem_Write
 .text.HAL_I2C_Mem_Read
                0x0000000008006014      0x44c ./Drivers/STM32F4xx_HAL_Driver/stm32f4xx_hal_i2c.o
                0x0000000008006014                HAL_I2C_Mem_Read
 .text.HAL_I2C_GetState
                0x0000000008006460       0x1c ./Drivers/STM32F4xx_HAL_Driver/stm32f4xx_hal_i2c.o
                0x0000000008006460                HAL_I2C_GetState
 .text.HAL_I2C_GetError
                0x000000000800647c       0x18 ./Drivers/STM32F4xx_HAL_Driver/stm32f4xx_hal_i2c.o
                0x000000000800647c                HAL_I2C_GetError
 .text.I2C_RequestMemoryWrite
                0x0000000008006494      0x12c ./Drivers/STM32F4xx_HAL_Driver/stm32f4xx_hal_i2c.o
 .text.I2C_RequestMemoryRead
                0x00000000080065c0      0x1d0 ./Drivers/STM32F4xx_HAL_Driver/stm32f4xx_hal_i2c.o
 .text.I2C_WaitOnFlagUntilTimeout
                0x0000000008006790       0xae ./Drivers/STM32F4xx_HAL_Driver/stm32f4xx_hal_i2c.o
 .text.I2C_WaitOnMasterAddressFlagUntilTimeout
                0x000000000800683e       0xfe ./Drivers/STM32F4xx_HAL_Driver/stm32f4xx_hal_i2c.o
 .text.I2C_WaitOnTXEFlagUntilTimeout
                0x000000000800693c       0x82 ./Drivers/STM32F4xx_HAL_Driver/stm32f4xx_hal_i2c.o
 .text.I2C_WaitOnBTFFlagUntilTimeout
                0x00000000080069be       0x82 ./Drivers/STM32F4xx_HAL_Driver/stm32f4xx_hal_i2c.o
 .text.I2C_WaitOnRXNEFlagUntilTimeout
                0x0000000008006a40       0xac ./Drivers/STM32F4xx_HAL_Driver/stm32f4xx_hal_i2c.o
 .text.I2C_IsAcknowledgeFailed
                0x0000000008006aec       0x5e ./Drivers/STM32F4xx_HAL_Driver/stm32f4xx_hal_i2c.o
 *fill*         0x0000000008006b4a        0x2 
 .text.HAL_RCC_OscConfig
                0x0000000008006b4c      0x4f0 ./Drivers/STM32F4xx_HAL_Driver/stm32f4xx_hal_rcc.o
                0x0000000008006b4c                HAL_RCC_OscConfig
 .text.HAL_RCC_ClockConfig
                0x000000000800703c      0x1cc ./Drivers/STM32F4xx_HAL_Driver/stm32f4xx_hal_rcc.o
                0x000000000800703c                HAL_RCC_ClockConfig
 .text.HAL_RCC_GetSysClockFreq
                0x0000000008007208      0x20c ./Drivers/STM32F4xx_HAL_Driver/stm32f4xx_hal_rcc.o
                0x0000000008007208                HAL_RCC_GetSysClockFreq
 .text.HAL_RCC_GetHCLKFreq
                0x0000000008007414       0x18 ./Drivers/STM32F4xx_HAL_Driver/stm32f4xx_hal_rcc.o
                0x0000000008007414                HAL_RCC_GetHCLKFreq
 .text.HAL_RCC_GetPCLK1Freq
                0x000000000800742c       0x28 ./Drivers/STM32F4xx_HAL_Driver/stm32f4xx_hal_rcc.o
                0x000000000800742c                HAL_RCC_GetPCLK1Freq
 .text.HAL_RCC_GetPCLK2Freq
                0x0000000008007454       0x28 ./Drivers/STM32F4xx_HAL_Driver/stm32f4xx_hal_rcc.o
                0x0000000008007454                HAL_RCC_GetPCLK2Freq
 .text.HAL_RCCEx_PeriphCLKConfig
                0x000000000800747c      0x1dc ./Drivers/STM32F4xx_HAL_Driver/stm32f4xx_hal_rcc_ex.o
                0x000000000800747c                HAL_RCCEx_PeriphCLKConfig
 .text.HAL_RTC_Init
                0x0000000008007658       0xec ./Drivers/STM32F4xx_HAL_Driver/stm32f4xx_hal_rtc.o
                0x0000000008007658                HAL_RTC_Init
 .text.HAL_RTC_SetTime
                0x0000000008007744      0x134 ./Drivers/STM32F4xx_HAL_Driver/stm32f4xx_hal_rtc.o
                0x0000000008007744                HAL_RTC_SetTime
 .text.HAL_RTC_GetTime
                0x0000000008007878       0xbc ./Drivers/STM32F4xx_HAL_Driver/stm32f4xx_hal_rtc.o
                0x0000000008007878                HAL_RTC_GetTime
 .text.HAL_RTC_SetDate
                0x0000000008007934      0x108 ./Drivers/STM32F4xx_HAL_Driver/stm32f4xx_hal_rtc.o
                0x0000000008007934                HAL_RTC_SetDate
 .text.HAL_RTC_GetDate
                0x0000000008007a3c       0x9e ./Drivers/STM32F4xx_HAL_Driver/stm32f4xx_hal_rtc.o
                0x0000000008007a3c                HAL_RTC_GetDate
 .text.HAL_RTC_WaitForSynchro
                0x0000000008007ada       0x50 ./Drivers/STM32F4xx_HAL_Driver/stm32f4xx_hal_rtc.o
                0x0000000008007ada                HAL_RTC_WaitForSynchro
 .text.RTC_EnterInitMode
                0x0000000008007b2a       0x6e ./Drivers/STM32F4xx_HAL_Driver/stm32f4xx_hal_rtc.o
                0x0000000008007b2a                RTC_EnterInitMode
 .text.RTC_ExitInitMode
                0x0000000008007b98       0x4a ./Drivers/STM32F4xx_HAL_Driver/stm32f4xx_hal_rtc.o
                0x0000000008007b98                RTC_ExitInitMode
 .text.RTC_ByteToBcd2
                0x0000000008007be2       0x3a ./Drivers/STM32F4xx_HAL_Driver/stm32f4xx_hal_rtc.o
                0x0000000008007be2                RTC_ByteToBcd2
 .text.RTC_Bcd2ToByte
                0x0000000008007c1c       0x38 ./Drivers/STM32F4xx_HAL_Driver/stm32f4xx_hal_rtc.o
                0x0000000008007c1c                RTC_Bcd2ToByte
 .text.HAL_TIM_Base_Init
                0x0000000008007c54       0x9e ./Drivers/STM32F4xx_HAL_Driver/stm32f4xx_hal_tim.o
                0x0000000008007c54                HAL_TIM_Base_Init
 *fill*         0x0000000008007cf2        0x2 
 .text.HAL_TIM_Base_Start_IT
                0x0000000008007cf4       0xc4 ./Drivers/STM32F4xx_HAL_Driver/stm32f4xx_hal_tim.o
                0x0000000008007cf4                HAL_TIM_Base_Start_IT
 .text.HAL_TIM_Base_Stop_IT
                0x0000000008007db8       0x5e ./Drivers/STM32F4xx_HAL_Driver/stm32f4xx_hal_tim.o
                0x0000000008007db8                HAL_TIM_Base_Stop_IT
 .text.HAL_TIM_PWM_Init
                0x0000000008007e16       0x9e ./Drivers/STM32F4xx_HAL_Driver/stm32f4xx_hal_tim.o
                0x0000000008007e16                HAL_TIM_PWM_Init
 .text.HAL_TIM_PWM_MspInit
                0x0000000008007eb4       0x14 ./Drivers/STM32F4xx_HAL_Driver/stm32f4xx_hal_tim.o
                0x0000000008007eb4                HAL_TIM_PWM_MspInit
 .text.HAL_TIM_PWM_Start
                0x0000000008007ec8      0x160 ./Drivers/STM32F4xx_HAL_Driver/stm32f4xx_hal_tim.o
                0x0000000008007ec8                HAL_TIM_PWM_Start
 .text.HAL_TIM_IRQHandler
                0x0000000008008028      0x210 ./Drivers/STM32F4xx_HAL_Driver/stm32f4xx_hal_tim.o
                0x0000000008008028                HAL_TIM_IRQHandler
 .text.HAL_TIM_PWM_ConfigChannel
                0x0000000008008238      0x184 ./Drivers/STM32F4xx_HAL_Driver/stm32f4xx_hal_tim.o
                0x0000000008008238                HAL_TIM_PWM_ConfigChannel
 .text.HAL_TIM_ConfigClockSource
                0x00000000080083bc      0x18e ./Drivers/STM32F4xx_HAL_Driver/stm32f4xx_hal_tim.o
                0x00000000080083bc                HAL_TIM_ConfigClockSource
 .text.HAL_TIM_OC_DelayElapsedCallback
                0x000000000800854a       0x14 ./Drivers/STM32F4xx_HAL_Driver/stm32f4xx_hal_tim.o
                0x000000000800854a                HAL_TIM_OC_DelayElapsedCallback
 .text.HAL_TIM_IC_CaptureCallback
                0x000000000800855e       0x14 ./Drivers/STM32F4xx_HAL_Driver/stm32f4xx_hal_tim.o
                0x000000000800855e                HAL_TIM_IC_CaptureCallback
 .text.HAL_TIM_PWM_PulseFinishedCallback
                0x0000000008008572       0x14 ./Drivers/STM32F4xx_HAL_Driver/stm32f4xx_hal_tim.o
                0x0000000008008572                HAL_TIM_PWM_PulseFinishedCallback
 .text.HAL_TIM_TriggerCallback
                0x0000000008008586       0x14 ./Drivers/STM32F4xx_HAL_Driver/stm32f4xx_hal_tim.o
                0x0000000008008586                HAL_TIM_TriggerCallback
 *fill*         0x000000000800859a        0x2 
 .text.TIM_Base_SetConfig
                0x000000000800859c      0x100 ./Drivers/STM32F4xx_HAL_Driver/stm32f4xx_hal_tim.o
                0x000000000800859c                TIM_Base_SetConfig
 .text.TIM_OC1_SetConfig
                0x000000000800869c       0xcc ./Drivers/STM32F4xx_HAL_Driver/stm32f4xx_hal_tim.o
 .text.TIM_OC2_SetConfig
                0x0000000008008768       0xd8 ./Drivers/STM32F4xx_HAL_Driver/stm32f4xx_hal_tim.o
                0x0000000008008768                TIM_OC2_SetConfig
 .text.TIM_OC3_SetConfig
                0x0000000008008840       0xd4 ./Drivers/STM32F4xx_HAL_Driver/stm32f4xx_hal_tim.o
 .text.TIM_OC4_SetConfig
                0x0000000008008914       0xa0 ./Drivers/STM32F4xx_HAL_Driver/stm32f4xx_hal_tim.o
 .text.TIM_TI1_ConfigInputStage
                0x00000000080089b4       0x5e ./Drivers/STM32F4xx_HAL_Driver/stm32f4xx_hal_tim.o
 .text.TIM_TI2_ConfigInputStage
                0x0000000008008a12       0x60 ./Drivers/STM32F4xx_HAL_Driver/stm32f4xx_hal_tim.o
 .text.TIM_ITRx_SetConfig
                0x0000000008008a72       0x36 ./Drivers/STM32F4xx_HAL_Driver/stm32f4xx_hal_tim.o
 .text.TIM_ETR_SetConfig
                0x0000000008008aa8       0x40 ./Drivers/STM32F4xx_HAL_Driver/stm32f4xx_hal_tim.o
                0x0000000008008aa8                TIM_ETR_SetConfig
 .text.TIM_CCxChannelCmd
                0x0000000008008ae8       0x4a ./Drivers/STM32F4xx_HAL_Driver/stm32f4xx_hal_tim.o
                0x0000000008008ae8                TIM_CCxChannelCmd
 *fill*         0x0000000008008b32        0x2 
 .text.HAL_TIMEx_MasterConfigSynchronization
                0x0000000008008b34       0xdc ./Drivers/STM32F4xx_HAL_Driver/stm32f4xx_hal_tim_ex.o
                0x0000000008008b34                HAL_TIMEx_MasterConfigSynchronization
 .text.HAL_TIMEx_CommutCallback
                0x0000000008008c10       0x14 ./Drivers/STM32F4xx_HAL_Driver/stm32f4xx_hal_tim_ex.o
                0x0000000008008c10                HAL_TIMEx_CommutCallback
 .text.HAL_TIMEx_BreakCallback
                0x0000000008008c24       0x14 ./Drivers/STM32F4xx_HAL_Driver/stm32f4xx_hal_tim_ex.o
                0x0000000008008c24                HAL_TIMEx_BreakCallback
 .text.HAL_UART_Init
                0x0000000008008c38       0x9a ./Drivers/STM32F4xx_HAL_Driver/stm32f4xx_hal_uart.o
                0x0000000008008c38                HAL_UART_Init
 .text.HAL_UART_MspInit
                0x0000000008008cd2       0x14 ./Drivers/STM32F4xx_HAL_Driver/stm32f4xx_hal_uart.o
                0x0000000008008cd2                HAL_UART_MspInit
 .text.HAL_UART_Transmit
                0x0000000008008ce6      0x124 ./Drivers/STM32F4xx_HAL_Driver/stm32f4xx_hal_uart.o
                0x0000000008008ce6                HAL_UART_Transmit
 .text.HAL_UART_Receive_DMA
                0x0000000008008e0a       0x60 ./Drivers/STM32F4xx_HAL_Driver/stm32f4xx_hal_uart.o
                0x0000000008008e0a                HAL_UART_Receive_DMA
 .text.HAL_UART_RxCpltCallback
                0x0000000008008e6a       0x14 ./Drivers/STM32F4xx_HAL_Driver/stm32f4xx_hal_uart.o
                0x0000000008008e6a                HAL_UART_RxCpltCallback
 .text.HAL_UART_RxHalfCpltCallback
                0x0000000008008e7e       0x14 ./Drivers/STM32F4xx_HAL_Driver/stm32f4xx_hal_uart.o
                0x0000000008008e7e                HAL_UART_RxHalfCpltCallback
 .text.HAL_UART_ErrorCallback
                0x0000000008008e92       0x14 ./Drivers/STM32F4xx_HAL_Driver/stm32f4xx_hal_uart.o
                0x0000000008008e92                HAL_UART_ErrorCallback
 .text.HAL_UARTEx_RxEventCallback
                0x0000000008008ea6       0x18 ./Drivers/STM32F4xx_HAL_Driver/stm32f4xx_hal_uart.o
                0x0000000008008ea6                HAL_UARTEx_RxEventCallback
 .text.UART_DMAReceiveCplt
                0x0000000008008ebe      0x126 ./Drivers/STM32F4xx_HAL_Driver/stm32f4xx_hal_uart.o
 .text.UART_DMARxHalfCplt
                0x0000000008008fe4       0x36 ./Drivers/STM32F4xx_HAL_Driver/stm32f4xx_hal_uart.o
 .text.UART_DMAError
                0x000000000800901a       0x94 ./Drivers/STM32F4xx_HAL_Driver/stm32f4xx_hal_uart.o
 .text.UART_WaitOnFlagUntilTimeout
                0x00000000080090ae       0xdc ./Drivers/STM32F4xx_HAL_Driver/stm32f4xx_hal_uart.o
 *fill*         0x000000000800918a        0x2 
 .text.UART_Start_Receive_DMA
                0x000000000800918c      0x13c ./Drivers/STM32F4xx_HAL_Driver/stm32f4xx_hal_uart.o
                0x000000000800918c                UART_Start_Receive_DMA
 .text.UART_EndTxTransfer
                0x00000000080092c8       0x50 ./Drivers/STM32F4xx_HAL_Driver/stm32f4xx_hal_uart.o
 .text.UART_EndRxTransfer
                0x0000000008009318       0xc6 ./Drivers/STM32F4xx_HAL_Driver/stm32f4xx_hal_uart.o
 *fill*         0x00000000080093de        0x2 
 .text.UART_SetConfig
                0x00000000080093e0      0x4e8 ./Drivers/STM32F4xx_HAL_Driver/stm32f4xx_hal_uart.o
 .text.InfraredPD_Initialize
                0x00000000080098c8      0x138 ../../../../../../../Middlewares/ST/STM32_InfraredPD_Library/Lib\InfraredPD_CM4F_wc32_ot_hard.a(infrared_pd.o)
                0x00000000080098c8                InfraredPD_Initialize
 .text.InfraredPD_CreateInstance
                0x0000000008009a00       0x34 ../../../../../../../Middlewares/ST/STM32_InfraredPD_Library/Lib\InfraredPD_CM4F_wc32_ot_hard.a(infrared_pd.o)
                0x0000000008009a00                InfraredPD_CreateInstance
 .text.InfraredPD_Start
                0x0000000008009a34      0x3e4 ../../../../../../../Middlewares/ST/STM32_InfraredPD_Library/Lib\InfraredPD_CM4F_wc32_ot_hard.a(infrared_pd.o)
                0x0000000008009a34                InfraredPD_Start
 .text.InfraredPD_Update
                0x0000000008009e18      0x690 ../../../../../../../Middlewares/ST/STM32_InfraredPD_Library/Lib\InfraredPD_CM4F_wc32_ot_hard.a(infrared_pd.o)
                0x0000000008009e18                InfraredPD_Update
 .text.InfraredPD_GetLibVersion
                0x000000000800a4a8       0x54 ../../../../../../../Middlewares/ST/STM32_InfraredPD_Library/Lib\InfraredPD_CM4F_wc32_ot_hard.a(infrared_pd.o)
                0x000000000800a4a8                InfraredPD_GetLibVersion
 .text.malloc   0x000000000800a4fc       0x10 C:/ST/STM32CubeIDE_1.14.1/STM32CubeIDE/plugins/com.st.stm32cube.ide.mcu.externaltools.gnu-tools-for-stm32.11.3.rel1.win32_1.1.100.202309141235/tools/bin/../lib/gcc/arm-none-eabi/11.3.1/../../../../arm-none-eabi/lib/thumb/v7e-m+fp/hard\libc_nano.a(libc_a-malloc.o)
                0x000000000800a4fc                malloc
 .text.free     0x000000000800a50c       0x10 C:/ST/STM32CubeIDE_1.14.1/STM32CubeIDE/plugins/com.st.stm32cube.ide.mcu.externaltools.gnu-tools-for-stm32.11.3.rel1.win32_1.1.100.202309141235/tools/bin/../lib/gcc/arm-none-eabi/11.3.1/../../../../arm-none-eabi/lib/thumb/v7e-m+fp/hard\libc_nano.a(libc_a-malloc.o)
                0x000000000800a50c                free
 .text.sbrk_aligned
                0x000000000800a51c       0x40 C:/ST/STM32CubeIDE_1.14.1/STM32CubeIDE/plugins/com.st.stm32cube.ide.mcu.externaltools.gnu-tools-for-stm32.11.3.rel1.win32_1.1.100.202309141235/tools/bin/../lib/gcc/arm-none-eabi/11.3.1/../../../../arm-none-eabi/lib/thumb/v7e-m+fp/hard\libc_nano.a(libc_a-mallocr.o)
 .text._malloc_r
                0x000000000800a55c      0x100 C:/ST/STM32CubeIDE_1.14.1/STM32CubeIDE/plugins/com.st.stm32cube.ide.mcu.externaltools.gnu-tools-for-stm32.11.3.rel1.win32_1.1.100.202309141235/tools/bin/../lib/gcc/arm-none-eabi/11.3.1/../../../../arm-none-eabi/lib/thumb/v7e-m+fp/hard\libc_nano.a(libc_a-mallocr.o)
                0x000000000800a55c                _malloc_r
 .text.__malloc_lock
                0x000000000800a65c        0xc C:/ST/STM32CubeIDE_1.14.1/STM32CubeIDE/plugins/com.st.stm32cube.ide.mcu.externaltools.gnu-tools-for-stm32.11.3.rel1.win32_1.1.100.202309141235/tools/bin/../lib/gcc/arm-none-eabi/11.3.1/../../../../arm-none-eabi/lib/thumb/v7e-m+fp/hard\libc_nano.a(libc_a-mlock.o)
                0x000000000800a65c                __malloc_lock
 .text.__malloc_unlock
                0x000000000800a668        0xc C:/ST/STM32CubeIDE_1.14.1/STM32CubeIDE/plugins/com.st.stm32cube.ide.mcu.externaltools.gnu-tools-for-stm32.11.3.rel1.win32_1.1.100.202309141235/tools/bin/../lib/gcc/arm-none-eabi/11.3.1/../../../../arm-none-eabi/lib/thumb/v7e-m+fp/hard\libc_nano.a(libc_a-mlock.o)
                0x000000000800a668                __malloc_unlock
 .text.snprintf
                0x000000000800a674       0x68 C:/ST/STM32CubeIDE_1.14.1/STM32CubeIDE/plugins/com.st.stm32cube.ide.mcu.externaltools.gnu-tools-for-stm32.11.3.rel1.win32_1.1.100.202309141235/tools/bin/../lib/gcc/arm-none-eabi/11.3.1/../../../../arm-none-eabi/lib/thumb/v7e-m+fp/hard\libc_nano.a(libc_a-snprintf.o)
                0x000000000800a674                sniprintf
                0x000000000800a674                snprintf
 .text.memset   0x000000000800a6dc       0x10 C:/ST/STM32CubeIDE_1.14.1/STM32CubeIDE/plugins/com.st.stm32cube.ide.mcu.externaltools.gnu-tools-for-stm32.11.3.rel1.win32_1.1.100.202309141235/tools/bin/../lib/gcc/arm-none-eabi/11.3.1/../../../../arm-none-eabi/lib/thumb/v7e-m+fp/hard\libc_nano.a(libc_a-memset.o)
                0x000000000800a6dc                memset
 .text._sbrk_r  0x000000000800a6ec       0x20 C:/ST/STM32CubeIDE_1.14.1/STM32CubeIDE/plugins/com.st.stm32cube.ide.mcu.externaltools.gnu-tools-for-stm32.11.3.rel1.win32_1.1.100.202309141235/tools/bin/../lib/gcc/arm-none-eabi/11.3.1/../../../../arm-none-eabi/lib/thumb/v7e-m+fp/hard\libc_nano.a(libc_a-sbrkr.o)
                0x000000000800a6ec                _sbrk_r
 .text.__errno  0x000000000800a70c        0xc C:/ST/STM32CubeIDE_1.14.1/STM32CubeIDE/plugins/com.st.stm32cube.ide.mcu.externaltools.gnu-tools-for-stm32.11.3.rel1.win32_1.1.100.202309141235/tools/bin/../lib/gcc/arm-none-eabi/11.3.1/../../../../arm-none-eabi/lib/thumb/v7e-m+fp/hard\libc_nano.a(libc_a-errno.o)
                0x000000000800a70c                __errno
 .text.__libc_init_array
                0x000000000800a718       0x48 C:/ST/STM32CubeIDE_1.14.1/STM32CubeIDE/plugins/com.st.stm32cube.ide.mcu.externaltools.gnu-tools-for-stm32.11.3.rel1.win32_1.1.100.202309141235/tools/bin/../lib/gcc/arm-none-eabi/11.3.1/../../../../arm-none-eabi/lib/thumb/v7e-m+fp/hard\libc_nano.a(libc_a-init.o)
                0x000000000800a718                __libc_init_array
 .text.__retarget_lock_acquire_recursive
                0x000000000800a760        0x2 C:/ST/STM32CubeIDE_1.14.1/STM32CubeIDE/plugins/com.st.stm32cube.ide.mcu.externaltools.gnu-tools-for-stm32.11.3.rel1.win32_1.1.100.202309141235/tools/bin/../lib/gcc/arm-none-eabi/11.3.1/../../../../arm-none-eabi/lib/thumb/v7e-m+fp/hard\libc_nano.a(libc_a-lock.o)
                0x000000000800a760                __retarget_lock_acquire_recursive
 .text.__retarget_lock_release_recursive
                0x000000000800a762        0x2 C:/ST/STM32CubeIDE_1.14.1/STM32CubeIDE/plugins/com.st.stm32cube.ide.mcu.externaltools.gnu-tools-for-stm32.11.3.rel1.win32_1.1.100.202309141235/tools/bin/../lib/gcc/arm-none-eabi/11.3.1/../../../../arm-none-eabi/lib/thumb/v7e-m+fp/hard\libc_nano.a(libc_a-lock.o)
                0x000000000800a762                __retarget_lock_release_recursive
 .text._free_r  0x000000000800a764       0x98 C:/ST/STM32CubeIDE_1.14.1/STM32CubeIDE/plugins/com.st.stm32cube.ide.mcu.externaltools.gnu-tools-for-stm32.11.3.rel1.win32_1.1.100.202309141235/tools/bin/../lib/gcc/arm-none-eabi/11.3.1/../../../../arm-none-eabi/lib/thumb/v7e-m+fp/hard\libc_nano.a(libc_a-freer.o)
                0x000000000800a764                _free_r
 .text.__ssputs_r
                0x000000000800a7fc       0xb4 C:/ST/STM32CubeIDE_1.14.1/STM32CubeIDE/plugins/com.st.stm32cube.ide.mcu.externaltools.gnu-tools-for-stm32.11.3.rel1.win32_1.1.100.202309141235/tools/bin/../lib/gcc/arm-none-eabi/11.3.1/../../../../arm-none-eabi/lib/thumb/v7e-m+fp/hard\libc_nano.a(libc_a-nano-svfprintf.o)
                0x000000000800a7fc                __ssputs_r
 .text._svfprintf_r
                0x000000000800a8b0      0x1fc C:/ST/STM32CubeIDE_1.14.1/STM32CubeIDE/plugins/com.st.stm32cube.ide.mcu.externaltools.gnu-tools-for-stm32.11.3.rel1.win32_1.1.100.202309141235/tools/bin/../lib/gcc/arm-none-eabi/11.3.1/../../../../arm-none-eabi/lib/thumb/v7e-m+fp/hard\libc_nano.a(libc_a-nano-svfprintf.o)
                0x000000000800a8b0                _svfiprintf_r
                0x000000000800a8b0                _svfprintf_r
 .text._printf_common
                0x000000000800aaac       0xda C:/ST/STM32CubeIDE_1.14.1/STM32CubeIDE/plugins/com.st.stm32cube.ide.mcu.externaltools.gnu-tools-for-stm32.11.3.rel1.win32_1.1.100.202309141235/tools/bin/../lib/gcc/arm-none-eabi/11.3.1/../../../../arm-none-eabi/lib/thumb/v7e-m+fp/hard\libc_nano.a(libc_a-nano-vfprintf_i.o)
                0x000000000800aaac                _printf_common
 *fill*         0x000000000800ab86        0x2 
 .text._printf_i
                0x000000000800ab88      0x244 C:/ST/STM32CubeIDE_1.14.1/STM32CubeIDE/plugins/com.st.stm32cube.ide.mcu.externaltools.gnu-tools-for-stm32.11.3.rel1.win32_1.1.100.202309141235/tools/bin/../lib/gcc/arm-none-eabi/11.3.1/../../../../arm-none-eabi/lib/thumb/v7e-m+fp/hard\libc_nano.a(libc_a-nano-vfprintf_i.o)
                0x000000000800ab88                _printf_i
 .text.memmove  0x000000000800adcc       0x34 C:/ST/STM32CubeIDE_1.14.1/STM32CubeIDE/plugins/com.st.stm32cube.ide.mcu.externaltools.gnu-tools-for-stm32.11.3.rel1.win32_1.1.100.202309141235/tools/bin/../lib/gcc/arm-none-eabi/11.3.1/../../../../arm-none-eabi/lib/thumb/v7e-m+fp/hard\libc_nano.a(libc_a-memmove.o)
                0x000000000800adcc                memmove
 .text.memcpy   0x000000000800ae00       0x1c C:/ST/STM32CubeIDE_1.14.1/STM32CubeIDE/plugins/com.st.stm32cube.ide.mcu.externaltools.gnu-tools-for-stm32.11.3.rel1.win32_1.1.100.202309141235/tools/bin/../lib/gcc/arm-none-eabi/11.3.1/../../../../arm-none-eabi/lib/thumb/v7e-m+fp/hard\libc_nano.a(libc_a-memcpy-stub.o)
                0x000000000800ae00                memcpy
 .text._realloc_r
                0x000000000800ae1c       0x5e C:/ST/STM32CubeIDE_1.14.1/STM32CubeIDE/plugins/com.st.stm32cube.ide.mcu.externaltools.gnu-tools-for-stm32.11.3.rel1.win32_1.1.100.202309141235/tools/bin/../lib/gcc/arm-none-eabi/11.3.1/../../../../arm-none-eabi/lib/thumb/v7e-m+fp/hard\libc_nano.a(libc_a-reallocr.o)
                0x000000000800ae1c                _realloc_r
 .text._malloc_usable_size_r
                0x000000000800ae7a       0x10 C:/ST/STM32CubeIDE_1.14.1/STM32CubeIDE/plugins/com.st.stm32cube.ide.mcu.externaltools.gnu-tools-for-stm32.11.3.rel1.win32_1.1.100.202309141235/tools/bin/../lib/gcc/arm-none-eabi/11.3.1/../../../../arm-none-eabi/lib/thumb/v7e-m+fp/hard\libc_nano.a(libc_a-msizer.o)
                0x000000000800ae7a                _malloc_usable_size_r
 *fill*         0x000000000800ae8a        0x2 
 .text.expf     0x000000000800ae8c       0x6c C:/ST/STM32CubeIDE_1.14.1/STM32CubeIDE/plugins/com.st.stm32cube.ide.mcu.externaltools.gnu-tools-for-stm32.11.3.rel1.win32_1.1.100.202309141235/tools/bin/../lib/gcc/arm-none-eabi/11.3.1/../../../../arm-none-eabi/lib/thumb/v7e-m+fp/hard\libm.a(libm_a-wf_exp.o)
                0x000000000800ae8c                expf
 .text.finitef  0x000000000800aef8       0x1a C:/ST/STM32CubeIDE_1.14.1/STM32CubeIDE/plugins/com.st.stm32cube.ide.mcu.externaltools.gnu-tools-for-stm32.11.3.rel1.win32_1.1.100.202309141235/tools/bin/../lib/gcc/arm-none-eabi/11.3.1/../../../../arm-none-eabi/lib/thumb/v7e-m+fp/hard\libm.a(libm_a-sf_finite.o)
                0x000000000800aef8                finitef
 *fill*         0x000000000800af12        0x2 
 .text.ceilf    0x000000000800af14       0x84 C:/ST/STM32CubeIDE_1.14.1/STM32CubeIDE/plugins/com.st.stm32cube.ide.mcu.externaltools.gnu-tools-for-stm32.11.3.rel1.win32_1.1.100.202309141235/tools/bin/../lib/gcc/arm-none-eabi/11.3.1/../../../../arm-none-eabi/lib/thumb/v7e-m+fp/hard\libm.a(libm_a-sf_ceil.o)
                0x000000000800af14                ceilf
 .text.__ieee754_expf
                0x000000000800af98      0x19c C:/ST/STM32CubeIDE_1.14.1/STM32CubeIDE/plugins/com.st.stm32cube.ide.mcu.externaltools.gnu-tools-for-stm32.11.3.rel1.win32_1.1.100.202309141235/tools/bin/../lib/gcc/arm-none-eabi/11.3.1/../../../../arm-none-eabi/lib/thumb/v7e-m+fp/hard\libm.a(libm_a-ef_exp.o)
                0x000000000800af98                __ieee754_expf
 .text.with_errnof
                0x000000000800b134       0x16 C:/ST/STM32CubeIDE_1.14.1/STM32CubeIDE/plugins/com.st.stm32cube.ide.mcu.externaltools.gnu-tools-for-stm32.11.3.rel1.win32_1.1.100.202309141235/tools/bin/../lib/gcc/arm-none-eabi/11.3.1/../../../../arm-none-eabi/lib/thumb/v7e-m+fp/hard\libm.a(libm_a-math_errf.o)
 .text.xflowf   0x000000000800b14a       0x16 C:/ST/STM32CubeIDE_1.14.1/STM32CubeIDE/plugins/com.st.stm32cube.ide.mcu.externaltools.gnu-tools-for-stm32.11.3.rel1.win32_1.1.100.202309141235/tools/bin/../lib/gcc/arm-none-eabi/11.3.1/../../../../arm-none-eabi/lib/thumb/v7e-m+fp/hard\libm.a(libm_a-math_errf.o)
 .text.__math_uflowf
                0x000000000800b160        0xc C:/ST/STM32CubeIDE_1.14.1/STM32CubeIDE/plugins/com.st.stm32cube.ide.mcu.externaltools.gnu-tools-for-stm32.11.3.rel1.win32_1.1.100.202309141235/tools/bin/../lib/gcc/arm-none-eabi/11.3.1/../../../../arm-none-eabi/lib/thumb/v7e-m+fp/hard\libm.a(libm_a-math_errf.o)
                0x000000000800b160                __math_uflowf
 .text.__math_oflowf
                0x000000000800b16c        0xc C:/ST/STM32CubeIDE_1.14.1/STM32CubeIDE/plugins/com.st.stm32cube.ide.mcu.externaltools.gnu-tools-for-stm32.11.3.rel1.win32_1.1.100.202309141235/tools/bin/../lib/gcc/arm-none-eabi/11.3.1/../../../../arm-none-eabi/lib/thumb/v7e-m+fp/hard\libm.a(libm_a-math_errf.o)
                0x000000000800b16c                __math_oflowf
 *(.glue_7)
 .glue_7        0x000000000800b178        0x0 linker stubs
 *(.glue_7t)
 .glue_7t       0x000000000800b178        0x0 linker stubs
 *(.eh_frame)
 .eh_frame      0x000000000800b178        0x0 C:/ST/STM32CubeIDE_1.14.1/STM32CubeIDE/plugins/com.st.stm32cube.ide.mcu.externaltools.gnu-tools-for-stm32.11.3.rel1.win32_1.1.100.202309141235/tools/bin/../lib/gcc/arm-none-eabi/11.3.1/thumb/v7e-m+fp/hard/crtbegin.o
 *(.init)
 .init          0x000000000800b178        0x4 C:/ST/STM32CubeIDE_1.14.1/STM32CubeIDE/plugins/com.st.stm32cube.ide.mcu.externaltools.gnu-tools-for-stm32.11.3.rel1.win32_1.1.100.202309141235/tools/bin/../lib/gcc/arm-none-eabi/11.3.1/thumb/v7e-m+fp/hard/crti.o
                0x000000000800b178                _init
 .init          0x000000000800b17c        0x8 C:/ST/STM32CubeIDE_1.14.1/STM32CubeIDE/plugins/com.st.stm32cube.ide.mcu.externaltools.gnu-tools-for-stm32.11.3.rel1.win32_1.1.100.202309141235/tools/bin/../lib/gcc/arm-none-eabi/11.3.1/thumb/v7e-m+fp/hard/crtn.o
 *(.fini)
 .fini          0x000000000800b184        0x4 C:/ST/STM32CubeIDE_1.14.1/STM32CubeIDE/plugins/com.st.stm32cube.ide.mcu.externaltools.gnu-tools-for-stm32.11.3.rel1.win32_1.1.100.202309141235/tools/bin/../lib/gcc/arm-none-eabi/11.3.1/thumb/v7e-m+fp/hard/crti.o
                0x000000000800b184                _fini
 .fini          0x000000000800b188        0x8 C:/ST/STM32CubeIDE_1.14.1/STM32CubeIDE/plugins/com.st.stm32cube.ide.mcu.externaltools.gnu-tools-for-stm32.11.3.rel1.win32_1.1.100.202309141235/tools/bin/../lib/gcc/arm-none-eabi/11.3.1/thumb/v7e-m+fp/hard/crtn.o
                0x000000000800b190                . = ALIGN (0x4)
                0x000000000800b190                _etext = .

.vfp11_veneer   0x000000000800b190        0x0
 .vfp11_veneer  0x000000000800b190        0x0 linker stubs

.v4_bx          0x000000000800b190        0x0
 .v4_bx         0x000000000800b190        0x0 linker stubs

.iplt           0x000000000800b190        0x0
 .iplt          0x000000000800b190        0x0 C:/ST/STM32CubeIDE_1.14.1/STM32CubeIDE/plugins/com.st.stm32cube.ide.mcu.externaltools.gnu-tools-for-stm32.11.3.rel1.win32_1.1.100.202309141235/tools/bin/../lib/gcc/arm-none-eabi/11.3.1/thumb/v7e-m+fp/hard/crtbegin.o

.rodata         0x000000000800b190       0xc4
                0x000000000800b190                . = ALIGN (0x4)
 *(.rodata)
 .rodata        0x000000000800b190       0x25 ./Application/User/demo_serial.o
 *fill*         0x000000000800b1b5        0x3 
 .rodata        0x000000000800b1b8       0x2b ../../../../../../../Middlewares/ST/STM32_InfraredPD_Library/Lib\InfraredPD_CM4F_wc32_ot_hard.a(infrared_pd.o)
 *(.rodata*)
 *fill*         0x000000000800b1e3        0x1 
 .rodata.LedGpioInit.0
                0x000000000800b1e4        0x4 ./Application/User/stm32f4xx_nucleo.o
 .rodata.AHBPrescTable
                0x000000000800b1e8       0x10 ./Drivers/CMSIS/system_stm32f4xx.o
                0x000000000800b1e8                AHBPrescTable
 .rodata.APBPrescTable
                0x000000000800b1f8        0x8 ./Drivers/CMSIS/system_stm32f4xx.o
                0x000000000800b1f8                APBPrescTable
 .rodata.flagBitshiftOffset.0
                0x000000000800b200        0x8 ./Drivers/STM32F4xx_HAL_Driver/stm32f4xx_hal_dma.o
 .rodata._svfprintf_r.str1.1
                0x000000000800b208       0x11 C:/ST/STM32CubeIDE_1.14.1/STM32CubeIDE/plugins/com.st.stm32cube.ide.mcu.externaltools.gnu-tools-for-stm32.11.3.rel1.win32_1.1.100.202309141235/tools/bin/../lib/gcc/arm-none-eabi/11.3.1/../../../../arm-none-eabi/lib/thumb/v7e-m+fp/hard\libc_nano.a(libc_a-nano-svfprintf.o)
 .rodata._printf_i.str1.1
                0x000000000800b219       0x22 C:/ST/STM32CubeIDE_1.14.1/STM32CubeIDE/plugins/com.st.stm32cube.ide.mcu.externaltools.gnu-tools-for-stm32.11.3.rel1.win32_1.1.100.202309141235/tools/bin/../lib/gcc/arm-none-eabi/11.3.1/../../../../arm-none-eabi/lib/thumb/v7e-m+fp/hard\libc_nano.a(libc_a-nano-vfprintf_i.o)
 *fill*         0x000000000800b23b        0x1 
 .rodata.halF   0x000000000800b23c        0x8 C:/ST/STM32CubeIDE_1.14.1/STM32CubeIDE/plugins/com.st.stm32cube.ide.mcu.externaltools.gnu-tools-for-stm32.11.3.rel1.win32_1.1.100.202309141235/tools/bin/../lib/gcc/arm-none-eabi/11.3.1/../../../../arm-none-eabi/lib/thumb/v7e-m+fp/hard\libm.a(libm_a-ef_exp.o)
 .rodata.ln2HI  0x000000000800b244        0x8 C:/ST/STM32CubeIDE_1.14.1/STM32CubeIDE/plugins/com.st.stm32cube.ide.mcu.externaltools.gnu-tools-for-stm32.11.3.rel1.win32_1.1.100.202309141235/tools/bin/../lib/gcc/arm-none-eabi/11.3.1/../../../../arm-none-eabi/lib/thumb/v7e-m+fp/hard\libm.a(libm_a-ef_exp.o)
 .rodata.ln2LO  0x000000000800b24c        0x8 C:/ST/STM32CubeIDE_1.14.1/STM32CubeIDE/plugins/com.st.stm32cube.ide.mcu.externaltools.gnu-tools-for-stm32.11.3.rel1.win32_1.1.100.202309141235/tools/bin/../lib/gcc/arm-none-eabi/11.3.1/../../../../arm-none-eabi/lib/thumb/v7e-m+fp/hard\libm.a(libm_a-ef_exp.o)
                0x000000000800b254                . = ALIGN (0x4)

.ARM.extab      0x000000000800b254        0x0
                0x000000000800b254                . = ALIGN (0x4)
 *(.ARM.extab* .gnu.linkonce.armextab.*)
                0x000000000800b254                . = ALIGN (0x4)

.ARM            0x000000000800b254        0x8
                0x000000000800b254                . = ALIGN (0x4)
                0x000000000800b254                __exidx_start = .
 *(.ARM.exidx*)
 .ARM.exidx     0x000000000800b254        0x8 C:/ST/STM32CubeIDE_1.14.1/STM32CubeIDE/plugins/com.st.stm32cube.ide.mcu.externaltools.gnu-tools-for-stm32.11.3.rel1.win32_1.1.100.202309141235/tools/bin/../lib/gcc/arm-none-eabi/11.3.1/thumb/v7e-m+fp/hard\libgcc.a(_udivmoddi4.o)
                0x000000000800b25c                __exidx_end = .
                0x000000000800b25c                . = ALIGN (0x4)

.rel.dyn        0x000000000800b25c        0x0
 .rel.iplt      0x000000000800b25c        0x0 C:/ST/STM32CubeIDE_1.14.1/STM32CubeIDE/plugins/com.st.stm32cube.ide.mcu.externaltools.gnu-tools-for-stm32.11.3.rel1.win32_1.1.100.202309141235/tools/bin/../lib/gcc/arm-none-eabi/11.3.1/thumb/v7e-m+fp/hard/crtbegin.o

.preinit_array  0x000000000800b25c        0x0
                0x000000000800b25c                . = ALIGN (0x4)
                0x000000000800b25c                PROVIDE (__preinit_array_start = .)
 *(.preinit_array*)
                0x000000000800b25c                PROVIDE (__preinit_array_end = .)
                0x000000000800b25c                . = ALIGN (0x4)

.init_array     0x000000000800b25c        0x4
                0x000000000800b25c                . = ALIGN (0x4)
                0x000000000800b25c                PROVIDE (__init_array_start = .)
 *(SORT_BY_NAME(.init_array.*))
 *(.init_array*)
 .init_array    0x000000000800b25c        0x4 C:/ST/STM32CubeIDE_1.14.1/STM32CubeIDE/plugins/com.st.stm32cube.ide.mcu.externaltools.gnu-tools-for-stm32.11.3.rel1.win32_1.1.100.202309141235/tools/bin/../lib/gcc/arm-none-eabi/11.3.1/thumb/v7e-m+fp/hard/crtbegin.o
                0x000000000800b260                PROVIDE (__init_array_end = .)
                0x000000000800b260                . = ALIGN (0x4)

.fini_array     0x000000000800b260        0x4
                0x000000000800b260                . = ALIGN (0x4)
                [!provide]                        PROVIDE (__fini_array_start = .)
 *(SORT_BY_NAME(.fini_array.*))
 *(.fini_array*)
 .fini_array    0x000000000800b260        0x4 C:/ST/STM32CubeIDE_1.14.1/STM32CubeIDE/plugins/com.st.stm32cube.ide.mcu.externaltools.gnu-tools-for-stm32.11.3.rel1.win32_1.1.100.202309141235/tools/bin/../lib/gcc/arm-none-eabi/11.3.1/thumb/v7e-m+fp/hard/crtbegin.o
                [!provide]                        PROVIDE (__fini_array_end = .)
                0x000000000800b264                . = ALIGN (0x4)
                0x000000000800b264                _sidata = LOADADDR (.data)

.data           0x0000000020000000       0xd8 load address 0x000000000800b264
                0x0000000020000000                . = ALIGN (0x4)
                0x0000000020000000                _sdata = .
 *(.data)
 *(.data*)
 .data.AlgoFreq
                0x0000000020000000        0x4 ./Application/User/app_mems.o
                0x0000000020000000                AlgoFreq
 .data.FunctionIndex
                0x0000000020000004       0x40 ./Application/User/custom_env_sensors.o
 .data.DataStreamingDest
                0x0000000020000044        0x1 ./Application/User/demo_serial.o
 *fill*         0x0000000020000045        0x3 
 .data.direction
                0x0000000020000048        0x4 ./Application/User/main.o
                0x0000000020000048                direction
 .data.brightness
                0x000000002000004c        0x4 ./Application/User/main.o
                0x000000002000004c                brightness
 .data.LED_PORT
                0x0000000020000050        0x4 ./Application/User/stm32f4xx_nucleo.o
 .data.COM_USART
                0x0000000020000054        0x4 ./Application/User/stm32f4xx_nucleo.o
                0x0000000020000054                COM_USART
 .data.STHS34PF80_COMMON_Driver
                0x0000000020000058       0x10 ./Drivers/BSP/Components/sths34pf80.o
                0x0000000020000058                STHS34PF80_COMMON_Driver
 .data.STHS34PF80_TEMP_Driver
                0x0000000020000068       0x14 ./Drivers/BSP/Components/sths34pf80.o
                0x0000000020000068                STHS34PF80_TEMP_Driver
 .data.SystemCoreClock
                0x000000002000007c        0x4 ./Drivers/CMSIS/system_stm32f4xx.o
                0x000000002000007c                SystemCoreClock
 .data.uwTickPrio
                0x0000000020000080        0x4 ./Drivers/STM32F4xx_HAL_Driver/stm32f4xx_hal.o
                0x0000000020000080                uwTickPrio
 .data.uwTickFreq
                0x0000000020000084        0x1 ./Drivers/STM32F4xx_HAL_Driver/stm32f4xx_hal.o
                0x0000000020000084                uwTickFreq
 *fill*         0x0000000020000085        0x3 
 .data._impure_data
                0x0000000020000088       0x4c C:/ST/STM32CubeIDE_1.14.1/STM32CubeIDE/plugins/com.st.stm32cube.ide.mcu.externaltools.gnu-tools-for-stm32.11.3.rel1.win32_1.1.100.202309141235/tools/bin/../lib/gcc/arm-none-eabi/11.3.1/../../../../arm-none-eabi/lib/thumb/v7e-m+fp/hard\libc_nano.a(libc_a-impure.o)
                0x0000000020000088                _impure_data
 .data._impure_ptr
                0x00000000200000d4        0x4 C:/ST/STM32CubeIDE_1.14.1/STM32CubeIDE/plugins/com.st.stm32cube.ide.mcu.externaltools.gnu-tools-for-stm32.11.3.rel1.win32_1.1.100.202309141235/tools/bin/../lib/gcc/arm-none-eabi/11.3.1/../../../../arm-none-eabi/lib/thumb/v7e-m+fp/hard\libc_nano.a(libc_a-impure.o)
                0x00000000200000d4                _impure_ptr
 *(.RamFunc)
 *(.RamFunc*)
                0x00000000200000d8                . = ALIGN (0x4)
                0x00000000200000d8                _edata = .

.igot.plt       0x00000000200000d8        0x0 load address 0x000000000800b33c
 .igot.plt      0x00000000200000d8        0x0 C:/ST/STM32CubeIDE_1.14.1/STM32CubeIDE/plugins/com.st.stm32cube.ide.mcu.externaltools.gnu-tools-for-stm32.11.3.rel1.win32_1.1.100.202309141235/tools/bin/../lib/gcc/arm-none-eabi/11.3.1/thumb/v7e-m+fp/hard/crtbegin.o
                0x00000000200000d8                . = ALIGN (0x4)

.bss            0x00000000200000d8      0xbe0 load address 0x000000000800b33c
                0x00000000200000d8                _sbss = .
                0x00000000200000d8                __bss_start__ = _sbss
 *(.bss)
 .bss           0x00000000200000d8       0x1c C:/ST/STM32CubeIDE_1.14.1/STM32CubeIDE/plugins/com.st.stm32cube.ide.mcu.externaltools.gnu-tools-for-stm32.11.3.rel1.win32_1.1.100.202309141235/tools/bin/../lib/gcc/arm-none-eabi/11.3.1/thumb/v7e-m+fp/hard/crtbegin.o
 .bss           0x00000000200000f4        0x1 ../../../../../../../Middlewares/ST/STM32_InfraredPD_Library/Lib\InfraredPD_CM4F_wc32_ot_hard.a(infrared_pd.o)
 *(.bss*)
 .bss.DataLoggerActive
                0x00000000200000f5        0x1 ./Application/User/app_mems.o
                0x00000000200000f5                DataLoggerActive
 *fill*         0x00000000200000f6        0x2 
 .bss.SensorsEnabled
                0x00000000200000f8        0x4 ./Application/User/app_mems.o
                0x00000000200000f8                SensorsEnabled
 .bss.LibVersion
                0x00000000200000fc       0x23 ./Application/User/app_mems.o
                0x00000000200000fc                LibVersion
 *fill*         0x000000002000011f        0x1 
 .bss.LibVersionLen
                0x0000000020000120        0x4 ./Application/User/app_mems.o
                0x0000000020000120                LibVersionLen
 .bss.SensorReadRequest
                0x0000000020000124        0x1 ./Application/User/app_mems.o
                0x0000000020000124                SensorReadRequest
 .bss.UseOfflineData
                0x0000000020000125        0x1 ./Application/User/app_mems.o
                0x0000000020000125                UseOfflineData
 *fill*         0x0000000020000126        0x2 
 .bss.OfflineData
                0x0000000020000128      0x1a0 ./Application/User/app_mems.o
                0x0000000020000128                OfflineData
 .bss.OfflineDataReadIndex
                0x00000000200002c8        0x4 ./Application/User/app_mems.o
                0x00000000200002c8                OfflineDataReadIndex
 .bss.OfflineDataWriteIndex
                0x00000000200002cc        0x4 ./Application/User/app_mems.o
                0x00000000200002cc                OfflineDataWriteIndex
 .bss.OfflineDataCount
                0x00000000200002d0        0x4 ./Application/User/app_mems.o
                0x00000000200002d0                OfflineDataCount
 .bss.Odr       0x00000000200002d4        0x1 ./Application/User/app_mems.o
                0x00000000200002d4                Odr
 *fill*         0x00000000200002d5        0x1 
 .bss.AvgTmos   0x00000000200002d6        0x2 ./Application/User/app_mems.o
                0x00000000200002d6                AvgTmos
 .bss.AvgT      0x00000000200002d8        0x1 ./Application/User/app_mems.o
                0x00000000200002d8                AvgT
 .bss.GainFactor
                0x00000000200002d9        0x1 ./Application/User/app_mems.o
                0x00000000200002d9                GainFactor
 .bss.Sensitivity
                0x00000000200002da        0x2 ./Application/User/app_mems.o
                0x00000000200002da                Sensitivity
 .bss.DiscardSamples
                0x00000000200002dc        0x1 ./Application/User/app_mems.o
                0x00000000200002dc                DiscardSamples
 *fill*         0x00000000200002dd        0x1 
 .bss.TAmbRaw   0x00000000200002de        0x2 ./Application/User/app_mems.o
 .bss.TObjRaw   0x00000000200002e0        0x2 ./Application/User/app_mems.o
 *fill*         0x00000000200002e2        0x2 
 .bss.msg_cmd.2
                0x00000000200002e4      0x104 ./Application/User/app_mems.o
 .bss.msg_dat.1
                0x00000000200003e8      0x104 ./Application/User/app_mems.o
 .bss.data_out.0
                0x00000000200004ec        0x6 ./Application/User/app_mems.o
 *fill*         0x00000000200004f2        0x2 
 .bss.UartRxBuffer
                0x00000000200004f4      0x200 ./Application/User/com.o
                0x00000000200004f4                UartRxBuffer
 .bss.UartEngine
                0x00000000200006f4        0x8 ./Application/User/com.o
                0x00000000200006f4                UartEngine
 .bss.UartTxBuffer
                0x00000000200006fc      0x200 ./Application/User/com.o
 .bss.EnvCompObj
                0x00000000200008fc        0x4 ./Application/User/custom_env_sensors.o
                0x00000000200008fc                EnvCompObj
 .bss.EnvFuncDrv
                0x0000000020000900       0x10 ./Application/User/custom_env_sensors.o
 .bss.EnvDrv    0x0000000020000910        0x4 ./Application/User/custom_env_sensors.o
 .bss.EnvCtx    0x0000000020000914        0x4 ./Application/User/custom_env_sensors.o
 .bss.sths34pf80_obj_0.0
                0x0000000020000918       0x38 ./Application/User/custom_env_sensors.o
 .bss.sensors_enabled_prev.0
                0x0000000020000950        0x4 ./Application/User/demo_serial.o
 .bss.IPD_Instance
                0x0000000020000954        0x4 ./Application/User/infrared_pd_manager.o
 .bss.hadc1     0x0000000020000958       0x48 ./Application/User/main.o
                0x0000000020000958                hadc1
 .bss.hcrc      0x00000000200009a0        0x8 ./Application/User/main.o
                0x00000000200009a0                hcrc
 .bss.hrtc      0x00000000200009a8       0x20 ./Application/User/main.o
                0x00000000200009a8                hrtc
 .bss.htim2     0x00000000200009c8       0x48 ./Application/User/main.o
                0x00000000200009c8                htim2
 .bss.htim3     0x0000000020000a10       0x48 ./Application/User/main.o
                0x0000000020000a10                htim3
 .bss.lastUpdateTime
                0x0000000020000a58        0x4 ./Application/User/main.o
                0x0000000020000a58                lastUpdateTime
 .bss.personFlag
                0x0000000020000a5c        0x2 ./Application/User/main.o
                0x0000000020000a5c                personFlag
 *fill*         0x0000000020000a5e        0x2 
 .bss.redBlink  0x0000000020000a60        0x4 ./Application/User/main.o
                0x0000000020000a60                redBlink
 .bss.ledPhase  0x0000000020000a64        0x4 ./Application/User/main.o
                0x0000000020000a64                ledPhase
 .bss.counter   0x0000000020000a68        0x4 ./Application/User/main.o
                0x0000000020000a68                counter
 .bss.hcom_uart
                0x0000000020000a6c       0x44 ./Application/User/stm32f4xx_nucleo.o
                0x0000000020000a6c                hcom_uart
 .bss.hdma_usart2_rx
                0x0000000020000ab0       0x60 ./Application/User/stm32f4xx_nucleo.o
                0x0000000020000ab0                hdma_usart2_rx
 .bss.hi2c1     0x0000000020000b10       0x54 ./Application/User/stm32f4xx_nucleo_bus.o
                0x0000000020000b10                hi2c1
 .bss.I2C1InitCounter
                0x0000000020000b64        0x4 ./Application/User/stm32f4xx_nucleo_bus.o
 .bss.__sbrk_heap_end
                0x0000000020000b68        0x4 ./Application/User/sysmem.o
 .bss.uwTick    0x0000000020000b6c        0x4 ./Drivers/STM32F4xx_HAL_Driver/stm32f4xx_hal.o
                0x0000000020000b6c                uwTick
 .bss.__malloc_free_list
                0x0000000020000b70        0x4 C:/ST/STM32CubeIDE_1.14.1/STM32CubeIDE/plugins/com.st.stm32cube.ide.mcu.externaltools.gnu-tools-for-stm32.11.3.rel1.win32_1.1.100.202309141235/tools/bin/../lib/gcc/arm-none-eabi/11.3.1/../../../../arm-none-eabi/lib/thumb/v7e-m+fp/hard\libc_nano.a(libc_a-mallocr.o)
                0x0000000020000b70                __malloc_free_list
 .bss.__malloc_sbrk_start
                0x0000000020000b74        0x4 C:/ST/STM32CubeIDE_1.14.1/STM32CubeIDE/plugins/com.st.stm32cube.ide.mcu.externaltools.gnu-tools-for-stm32.11.3.rel1.win32_1.1.100.202309141235/tools/bin/../lib/gcc/arm-none-eabi/11.3.1/../../../../arm-none-eabi/lib/thumb/v7e-m+fp/hard\libc_nano.a(libc_a-mallocr.o)
                0x0000000020000b74                __malloc_sbrk_start
 .bss.__sf      0x0000000020000b78      0x138 C:/ST/STM32CubeIDE_1.14.1/STM32CubeIDE/plugins/com.st.stm32cube.ide.mcu.externaltools.gnu-tools-for-stm32.11.3.rel1.win32_1.1.100.202309141235/tools/bin/../lib/gcc/arm-none-eabi/11.3.1/../../../../arm-none-eabi/lib/thumb/v7e-m+fp/hard\libc_nano.a(libc_a-findfp.o)
                0x0000000020000b78                __sf
 .bss.errno     0x0000000020000cb0        0x4 C:/ST/STM32CubeIDE_1.14.1/STM32CubeIDE/plugins/com.st.stm32cube.ide.mcu.externaltools.gnu-tools-for-stm32.11.3.rel1.win32_1.1.100.202309141235/tools/bin/../lib/gcc/arm-none-eabi/11.3.1/../../../../arm-none-eabi/lib/thumb/v7e-m+fp/hard\libc_nano.a(libc_a-reent.o)
                0x0000000020000cb0                errno
 .bss.__lock___malloc_recursive_mutex
                0x0000000020000cb4        0x1 C:/ST/STM32CubeIDE_1.14.1/STM32CubeIDE/plugins/com.st.stm32cube.ide.mcu.externaltools.gnu-tools-for-stm32.11.3.rel1.win32_1.1.100.202309141235/tools/bin/../lib/gcc/arm-none-eabi/11.3.1/../../../../arm-none-eabi/lib/thumb/v7e-m+fp/hard\libc_nano.a(libc_a-lock.o)
                0x0000000020000cb4                __lock___malloc_recursive_mutex
 *(COMMON)
                0x0000000020000cb8                . = ALIGN (0x4)
 *fill*         0x0000000020000cb5        0x3 
                0x0000000020000cb8                _ebss = .
                0x0000000020000cb8                __bss_end__ = _ebss

._user_heap_stack